Archive member included to satisfy reference by file (symbol)

contiki-avr-rss2.a(contiki-main.o)
                              /usr/lib/gcc/avr/5.4.0/../../../avr/lib/avr6/crtatmega256rfr2.o (main)
contiki-avr-rss2.a(params.o)  contiki-avr-rss2.a(contiki-main.o) (params_get_channel)
contiki-avr-rss2.a(i2c.o)     contiki-avr-rss2.a(contiki-main.o) (i2c_init)
contiki-avr-rss2.a(sensors.o)
                              border-router.co (sensors_event)
contiki-avr-rss2.a(button-sensor.o)
                              contiki-avr-rss2.a(sensors.o) (sensors_flags)
contiki-avr-rss2.a(slip_uart0.o)
                              obj_avr-rss2/slip-bridge.o (slip_arch_init)
contiki-avr-rss2.a(slip.o)    obj_avr-rss2/slip-bridge.o (slip_process)
contiki-avr-rss2.a(leds.o)    contiki-avr-rss2.a(contiki-main.o) (leds_on)
contiki-avr-rss2.a(clock.o)   contiki-avr-rss2.a(contiki-main.o) (clock_init)
contiki-avr-rss2.a(rs232.o)   contiki-avr-rss2.a(contiki-main.o) (rs232_init)
contiki-avr-rss2.a(watchdog.o)
                              contiki-avr-rss2.a(contiki-main.o) (watchdog_init)
contiki-avr-rss2.a(random.o)  contiki-avr-rss2.a(contiki-main.o) (random_init)
contiki-avr-rss2.a(rf230bb.o)
                              contiki-avr-rss2.a(clock.o) (RF230_receive_on)
contiki-avr-rss2.a(halbb.o)   contiki-avr-rss2.a(rf230bb.o) (hal_init)
contiki-avr-rss2.a(autostart.o)
                              contiki-avr-rss2.a(contiki-main.o) (autostart_start)
contiki-avr-rss2.a(ctimer.o)  contiki-avr-rss2.a(contiki-main.o) (ctimer_init)
contiki-avr-rss2.a(energest.o)
                              contiki-avr-rss2.a(contiki-main.o) (energest_init)
contiki-avr-rss2.a(etimer.o)  contiki-avr-rss2.a(clock.o) (etimer_request_poll)
contiki-avr-rss2.a(process.o)
                              border-router.co (process_current)
contiki-avr-rss2.a(rtimer.o)  contiki-avr-rss2.a(contiki-main.o) (rtimer_init)
contiki-avr-rss2.a(timer.o)   obj_avr-rss2/httpd-simple.o (timer_set)
contiki-avr-rss2.a(serial-line.o)
                              contiki-avr-rss2.a(contiki-main.o) (serial_line_input_byte)
contiki-avr-rss2.a(ringbuf.o)
                              contiki-avr-rss2.a(serial-line.o) (ringbuf_init)
contiki-avr-rss2.a(list.o)    contiki-avr-rss2.a(ctimer.o) (list_init)
contiki-avr-rss2.a(memb.o)    obj_avr-rss2/httpd-simple.o (memb_init)
contiki-avr-rss2.a(uip-ds6.o)
                              border-router.co (uip_ds6_if)
contiki-avr-rss2.a(uip-ds6-route.o)
                              contiki-avr-rss2.a(uip-ds6.o) (uip_ds6_route_init)
contiki-avr-rss2.a(uip6.o)    border-router.co (uip_ext_len)
contiki-avr-rss2.a(uip-ds6-nbr.o)
                              border-router.co (ds6_neighbors)
contiki-avr-rss2.a(uip-nd6.o)
                              contiki-avr-rss2.a(uip6.o) (uip_nd6_init)
contiki-avr-rss2.a(sicslowpan.o)
                              contiki-avr-rss2.a(contiki-main.o) (sicslowpan_driver)
contiki-avr-rss2.a(uip-debug.o)
                              border-router.co (uip_debug_ipaddr_print)
contiki-avr-rss2.a(uip-packetqueue)
                              contiki-avr-rss2.a(uip-ds6-nbr.o) (uip_packetqueue_new)
contiki-avr-rss2.a(psock.o)   border-router.co (psock_send)
contiki-avr-rss2.a(tcpip.o)   contiki-avr-rss2.a(sicslowpan.o) (tcpip_set_outputfunc)
contiki-avr-rss2.a(uip-split.o)
                              contiki-avr-rss2.a(tcpip.o) (uip_split_output)
contiki-avr-rss2.a(rpl-ext-header.)
                              contiki-avr-rss2.a(uip6.o) (rpl_verify_hbh_header)
contiki-avr-rss2.a(rpl.o)     contiki-avr-rss2.a(uip-ds6-nbr.o) (rpl_link_neighbor_callback)
contiki-avr-rss2.a(rpl-icmp6.o)
                              contiki-avr-rss2.a(rpl-ext-header.) (dao_output_target)
contiki-avr-rss2.a(rpl-dag.o)
                              contiki-avr-rss2.a(rpl-ext-header.) (rpl_parents)
contiki-avr-rss2.a(csma.o)    border-router.co (csma_driver)
contiki-avr-rss2.a(queuebuf.o)
                              contiki-avr-rss2.a(contiki-main.o) (queuebuf_init)
contiki-avr-rss2.a(nbr-table.o)
                              contiki-avr-rss2.a(uip-ds6-route.o) (nbr_table_register)
contiki-avr-rss2.a(packetbuf.o)
                              contiki-avr-rss2.a(rf230bb.o) (packetbuf_set_datalen)
contiki-avr-rss2.a(linkaddr.o)
                              contiki-avr-rss2.a(sicslowpan.o) (linkaddr_copy)
contiki-avr-rss2.a(link-stats.o)
                              contiki-avr-rss2.a(rpl-dag.o) (link_stats_from_lladdr)
contiki-avr-rss2.a(contikimac.o)
                              contiki-avr-rss2.a(contiki-main.o) (contikimac_driver)
contiki-avr-rss2.a(contikimac-fram)
                              contiki-avr-rss2.a(sicslowpan.o) (contikimac_framer)
contiki-avr-rss2.a(nullsec.o)
                              contiki-avr-rss2.a(sicslowpan.o) (nullsec_driver)
contiki-avr-rss2.a(rtimer-arch.o)
                              contiki-avr-rss2.a(rtimer.o) (rtimer_arch_init)
[...]
Memory Configuration

Name             Origin             Length             Attributes
text             0x0000000000000000 0x0000000000100000 xr
data             0x0000000000800200 0x000000000000fe00 rw !x
eeprom           0x0000000000810000 0x0000000000010000 rw !x
fuse             0x0000000000820000 0x0000000000000003 rw !x
lock             0x0000000000830000 0x0000000000000400 rw !x
signature        0x0000000000840000 0x0000000000000400 rw !x
user_signatures  0x0000000000850000 0x0000000000000400 rw !x
*default*        0x0000000000000000 0xffffffffffffffff

Linker script and memory map

Address of section .data set to 0x800200
LOAD /usr/lib/gcc/avr/5.4.0/../../../avr/lib/avr6/crtatmega256rfr2.o
Address of section .bootloader set to 0x3e000
LOAD border-router.co
LOAD obj_avr-rss2/slip-bridge.o
LOAD obj_avr-rss2/httpd-simple.o
LOAD contiki-avr-rss2.a
START GROUP
LOAD /usr/lib/gcc/avr/5.4.0/avr6/libgcc.a
LOAD /usr/lib/gcc/avr/5.4.0/../../../avr/lib/avr6/libm.a
LOAD /usr/lib/gcc/avr/5.4.0/../../../avr/lib/avr6/libc.a
LOAD /usr/lib/gcc/avr/5.4.0/../../../avr/lib/avr6/libatmega256rfr2.a
END GROUP
                0x0000000000100000                __TEXT_REGION_LENGTH__ = DEFINED (__TEXT_REGION_LENGTH__)?__TEXT_REGION_LENGTH__:0x100000
                0x000000000000fe00                __DATA_REGION_LENGTH__ = DEFINED (__DATA_REGION_LENGTH__)?__DATA_REGION_LENGTH__:0xfe00
                0x0000000000010000                __EEPROM_REGION_LENGTH__ = DEFINED (__EEPROM_REGION_LENGTH__)?__EEPROM_REGION_LENGTH__:0x10000
                [0x0000000000000003]                __FUSE_REGION_LENGTH__ = DEFINED (__FUSE_REGION_LENGTH__)?__FUSE_REGION_LENGTH__:0x400
                0x0000000000000400                __LOCK_REGION_LENGTH__ = DEFINED (__LOCK_REGION_LENGTH__)?__LOCK_REGION_LENGTH__:0x400
                0x0000000000000400                __SIGNATURE_REGION_LENGTH__ = DEFINED (__SIGNATURE_REGION_LENGTH__)?__SIGNATURE_REGION_LENGTH__:0x400
                0x0000000000000400                __USER_SIGNATURE_REGION_LENGTH__ = DEFINED (__USER_SIGNATURE_REGION_LENGTH__)?__USER_SIGNATURE_REGION_LENGTH__:0x400

.hash
 *(.hash)

.dynsym
 *(.dynsym)

.dynstr
 *(.dynstr)

.gnu.version
 *(.gnu.version)

.gnu.version_d
 *(.gnu.version_d)

.gnu.version_r
 *(.gnu.version_r)

.rel.init
 *(.rel.init)

.rela.init
 *(.rela.init)

.rel.text
 *(.rel.text)
 *(.rel.text.*)
 *(.rel.gnu.linkonce.t*)

.rela.text
 *(.rela.text)
 *(.rela.text.*)
 *(.rela.gnu.linkonce.t*)

.rel.fini
 *(.rel.fini)

.rela.fini
 *(.rela.fini)

.rel.rodata
 *(.rel.rodata)
 *(.rel.rodata.*)
 *(.rel.gnu.linkonce.r*)

.rela.rodata
 *(.rela.rodata)
 *(.rela.rodata.*)
 *(.rela.gnu.linkonce.r*)

.rel.data
 *(.rel.data)
 *(.rel.data.*)
 *(.rel.gnu.linkonce.d*)

.rela.data
 *(.rela.data)
 *(.rela.data.*)
 *(.rela.gnu.linkonce.d*)

.rel.ctors
 *(.rel.ctors)

.rela.ctors
 *(.rela.ctors)

.rel.dtors
 *(.rel.dtors)

.rela.dtors
 *(.rela.dtors)

.rel.got
 *(.rel.got)

.rela.got
 *(.rela.got)

.rel.bss
 *(.rel.bss)

.rela.bss
 *(.rela.bss)

.rel.plt
 *(.rel.plt)

.rela.plt
 *(.rela.plt)

.text           0x0000000000000000     0xf5e0
 *(.vectors)
 .vectors       0x0000000000000000      0x134 /usr/lib/gcc/avr/5.4.0/../../../avr/lib/avr6/crtatmega256rfr2.o
                0x0000000000000000                __vectors
                0x0000000000000000                __vector_default
 *(.vectors)
 *(.progmem.gcc*)
 .progmem.gcc_sw_table.set_value
                0x0000000000000134       0x10 contiki-avr-rss2.a(rf230bb.o)
 .progmem.gcc_sw_table.get_value
                0x0000000000000144       0x22 contiki-avr-rss2.a(rf230bb.o)
 .progmem.gcc_sw_table.uip_process
                0x0000000000000166       0x10 contiki-avr-rss2.a(uip6.o)
                0x0000000000000176                . = ALIGN (0x2)
                0x0000000000000176                __trampolines_start = .
 *(.trampolines)
 .trampolines   0x0000000000000176      0x1cc linker stubs
 *(.trampolines*)
                0x0000000000000342                __trampolines_end = .
 *libprintf_flt.a:*(.progmem.data)
 *libc.a:*(.progmem.data)
 *(.progmem*)
 .progmem.data.__c.5160
                0x0000000000000342        0x2 border-router.co
 .progmem.data.__c.5158
                0x0000000000000344        0x2 border-router.co
 .progmem.data.__c.5156
                0x0000000000000346       0x18 border-router.co
 .progmem.data.__c.3323
                0x000000000000035e       0x20 obj_avr-rss2/slip-bridge.o
 .progmem.data.__c.3321
                0x000000000000037e        0x2 obj_avr-rss2/slip-bridge.o
 .progmem.data.__c.3319
                0x0000000000000380       0x10 obj_avr-rss2/slip-bridge.o
 .progmem.data.__c.3316
                0x0000000000000390       0x26 obj_avr-rss2/slip-bridge.o
 .progmem.data.__c.3340
                0x00000000000003b6        0x2 obj_avr-rss2/slip-bridge.o
 .progmem.data.__c.3338
                0x00000000000003b8        0x6 obj_avr-rss2/slip-bridge.o
 .progmem.data.__c.3336
                0x00000000000003be       0x34 obj_avr-rss2/slip-bridge.o
 .progmem.data.__c.4900
                0x00000000000003f2        0x3 contiki-avr-rss2.a(contiki-main.o)
 .progmem.data.__c.4898
                0x00000000000003f5        0x2 contiki-avr-rss2.a(contiki-main.o)
 .progmem.data.__c.4896
                0x00000000000003f7        0x3 contiki-avr-rss2.a(contiki-main.o)
 .progmem.data.__c.4945
                0x00000000000003fa       0x1d contiki-avr-rss2.a(contiki-main.o)
 .progmem.data.__c.4940
                0x0000000000000417        0xc contiki-avr-rss2.a(contiki-main.o)
 .progmem.data.__c.4938
                0x0000000000000423        0x9 contiki-avr-rss2.a(contiki-main.o)
 .progmem.data.__c.4933
                0x000000000000042c        0x8 contiki-avr-rss2.a(contiki-main.o)
 .progmem.data.__c.4931
                0x0000000000000434        0xa contiki-avr-rss2.a(contiki-main.o)
 .progmem.data.__c.4928
                0x000000000000043e       0x12 contiki-avr-rss2.a(contiki-main.o)
 .progmem.data.__c.4926
                0x0000000000000450        0x9 contiki-avr-rss2.a(contiki-main.o)
 .progmem.data.__c.4921
                0x0000000000000459        0x2 contiki-avr-rss2.a(contiki-main.o)
 .progmem.data.__c.4919
                0x000000000000045b       0x15 contiki-avr-rss2.a(contiki-main.o)
 .progmem.data.__c.4914
                0x0000000000000470        0x2 contiki-avr-rss2.a(contiki-main.o)
 .progmem.data.__c.4912
                0x0000000000000472       0x15 contiki-avr-rss2.a(contiki-main.o)
 .progmem.data.__c.4888
                0x0000000000000487        0x8 contiki-avr-rss2.a(contiki-main.o)
 .progmem.data.__c.4886
                0x000000000000048f       0x11 contiki-avr-rss2.a(contiki-main.o)
 .progmem.data.__c.4884
                0x00000000000004a0        0xd contiki-avr-rss2.a(contiki-main.o)
 .progmem.data.__c.4882
                0x00000000000004ad       0x54 contiki-avr-rss2.a(contiki-main.o)
 .progmem.data.__c.4880
                0x0000000000000501       0x25 contiki-avr-rss2.a(contiki-main.o)
 .progmem.data.__c.4876
                0x0000000000000526       0x3c contiki-avr-rss2.a(contiki-main.o)
 .progmem.data.__c.4649
                0x0000000000000562       0x2d contiki-avr-rss2.a(params.o)
 .progmem.data.default_domain_name
                0x000000000000058f        0xa contiki-avr-rss2.a(params.o)
                0x000000000000058f                default_domain_name
 .progmem.data.default_server_name
                0x0000000000000599        0xe contiki-avr-rss2.a(params.o)
                0x0000000000000599                default_server_name
 .progmem.data.default_mac_address
                0x00000000000005a7        0x8 contiki-avr-rss2.a(params.o)
                0x00000000000005a7                default_mac_address
 .progmem.data.__c.2675
                0x00000000000005af        0x3 contiki-avr-rss2.a(uip-debug.o)
 .progmem.data.__c.2673
                0x00000000000005b2        0x2 contiki-avr-rss2.a(uip-debug.o)
 .progmem.data.__c.2671
                0x00000000000005b4        0x3 contiki-avr-rss2.a(uip-debug.o)
 .progmem.data.__c.2669
                0x00000000000005b7       0x13 contiki-avr-rss2.a(uip-debug.o)
 .progmem.data.__c.2667
                0x00000000000005ca        0xf contiki-avr-rss2.a(uip-debug.o)
                0x00000000000005da                . = ALIGN (0x2)
 *fill*         0x00000000000005d9        0x1 
 *(.jumptables)
 *(.jumptables*)
 *(.lowtext)
 *(.lowtext*)
                0x00000000000005da                __ctors_start = .
 *(.ctors)
                0x00000000000005da                __ctors_end = .
                0x00000000000005da                __dtors_start = .
 *(.dtors)
                0x00000000000005da                __dtors_end = .
 SORT(*)(.ctors)
 SORT(*)(.dtors)
 *(.init0)
 .init0         0x00000000000005da        0x0 /usr/lib/gcc/avr/5.4.0/../../../avr/lib/avr6/crtatmega256rfr2.o
                0x00000000000005da                __init
 *(.init0)
 *(.init1)
 *(.init1)
 *(.init2)
 .init2         0x00000000000005da       0x10 /usr/lib/gcc/avr/5.4.0/../../../avr/lib/avr6/crtatmega256rfr2.o
 *(.init2)
 *(.init3)
 *(.init3)
 *(.init4)
 .init4         0x00000000000005ea       0x1a /usr/lib/gcc/avr/5.4.0/avr6/libgcc.a(_copy_data.o)
                0x00000000000005ea                __do_copy_data
 .init4         0x0000000000000604       0x10 /usr/lib/gcc/avr/5.4.0/avr6/libgcc.a(_clear_bss.o)
                0x0000000000000604                __do_clear_bss
 *(.init4)
 *(.init5)
 *(.init5)
 *(.init6)
 *(.init6)
 *(.init7)
 *(.init7)
 *(.init8)
 *(.init8)
 *(.init9)
 .init9         0x0000000000000614        0x8 /usr/lib/gcc/avr/5.4.0/../../../avr/lib/avr6/crtatmega256rfr2.o
 *(.init9)
 *(.text)
 .text          0x000000000000061c        0x4 /usr/lib/gcc/avr/5.4.0/../../../avr/lib/avr6/crtatmega256rfr2.o
                0x000000000000061c                __vector_38
                0x000000000000061c                __vector_22
                0x000000000000061c                __vector_28
                0x000000000000061c                __vector_67
                0x000000000000061c                __vector_1
                0x000000000000061c                __vector_75
                0x000000000000061c                __vector_71
                0x000000000000061c                __vector_34
                0x000000000000061c                __vector_24
                0x000000000000061c                __vector_12
                0x000000000000061c                __vector_55
                0x000000000000061c                __vector_69
                0x000000000000061c                __vector_46
                0x000000000000061c                __bad_interrupt
                0x000000000000061c                __vector_72
                0x000000000000061c                __vector_6
                0x000000000000061c                __vector_31
                0x000000000000061c                __vector_35
                0x000000000000061c                __vector_74
                0x000000000000061c                __vector_39
                0x000000000000061c                __vector_3
                0x000000000000061c                __vector_23
                0x000000000000061c                __vector_68
                0x000000000000061c                __vector_30
                0x000000000000061c                __vector_73
                0x000000000000061c                __vector_45
                0x000000000000061c                __vector_11
                0x000000000000061c                __vector_54
                0x000000000000061c                __vector_17
                0x000000000000061c                __vector_19
                0x000000000000061c                __vector_56
                0x000000000000061c                __vector_7
                0x000000000000061c                __vector_49
                0x000000000000061c                __vector_41
                0x000000000000061c                __vector_43
                0x000000000000061c                __vector_27
                0x000000000000061c                __vector_5
                0x000000000000061c                __vector_33
                0x000000000000061c                __vector_76
                0x000000000000061c                __vector_47
                0x000000000000061c                __vector_52
                0x000000000000061c                __vector_37
                0x000000000000061c                __vector_4
                0x000000000000061c                __vector_44
                0x000000000000061c                __vector_51
                0x000000000000061c                __vector_9
                0x000000000000061c                __vector_2
                0x000000000000061c                __vector_21
                0x000000000000061c                __vector_15
                0x000000000000061c                __vector_66
                0x000000000000061c                __vector_70
                0x000000000000061c                __vector_29
                0x000000000000061c                __vector_40
                0x000000000000061c                __vector_8
                0x000000000000061c                __vector_26
                0x000000000000061c                __vector_48
                0x000000000000061c                __vector_14
                0x000000000000061c                __vector_53
                0x000000000000061c                __vector_10
                0x000000000000061c                __vector_50
                0x000000000000061c                __vector_16
                0x000000000000061c                __vector_18
                0x000000000000061c                __vector_20
                0x000000000000061c                __vector_42
                0x000000000000061c                __vector_65
                0x0000000000000620                . = ALIGN (0x2)
 *(.text.*)
 .text.process_thread_webserver_nogui_process
                0x0000000000000620       0x44 border-router.co
 .text.ipaddr_add
                0x0000000000000664      0x18c border-router.co
 .text.generate_routes
                0x00000000000007f0      0x380 border-router.co
 .text.httpd_simple_get_script
                0x0000000000000b70        0x6 border-router.co
                0x0000000000000b70                httpd_simple_get_script
 .text.request_prefix
                0x0000000000000b76       0x2a border-router.co
                0x0000000000000b76                request_prefix
 .text.process_thread_border_router_process
                0x0000000000000ba0      0x166 border-router.co
 .text.set_prefix_64
                0x0000000000000d06       0x86 border-router.co
                0x0000000000000d06                set_prefix_64
 .text.init     0x0000000000000d8c       0x20 obj_avr-rss2/slip-bridge.o
 .text.slip_input_callback
                0x0000000000000dac      0x158 obj_avr-rss2/slip-bridge.o
 .text.output   0x0000000000000f04       0x60 obj_avr-rss2/slip-bridge.o
 .text.putchar  0x0000000000000f64       0x3e obj_avr-rss2/slip-bridge.o
                0x0000000000000f64                putchar
 .text.handle_input
                0x0000000000000fa2       0xfc obj_avr-rss2/httpd-simple.o
 .text.send_headers
                0x000000000000109e       0x6a obj_avr-rss2/httpd-simple.o
 .text.handle_output
                0x0000000000001108      0x10c obj_avr-rss2/httpd-simple.o
 .text.httpd_appcall
                0x0000000000001214      0x10c obj_avr-rss2/httpd-simple.o
                0x0000000000001214                httpd_appcall
 .text.httpd_init
                0x0000000000001320       0x10 obj_avr-rss2/httpd-simple.o
                0x0000000000001320                httpd_init
 .text.ipaddr_add
                0x0000000000001330       0xc0 contiki-avr-rss2.a(contiki-main.o)
 .text.rng_get_uint8
                0x00000000000013f0       0x2c contiki-avr-rss2.a(contiki-main.o)
                0x00000000000013f0                rng_get_uint8
 .text.print_mcusr
                0x000000000000141c       0x56 contiki-avr-rss2.a(contiki-main.o)
                0x000000000000141c                print_mcusr
 .text.initialize
                0x0000000000001472      0x2fc contiki-avr-rss2.a(contiki-main.o)
                0x0000000000001472                initialize
 .text.startup.main
                0x000000000000176e      0x26a contiki-avr-rss2.a(contiki-main.o)
                0x000000000000176e                main
 .text.params_get_channel
                0x00000000000019d8      0x11c contiki-avr-rss2.a(params.o)
                0x00000000000019d8                params_get_channel
 .text.params_get_panid
                0x0000000000001af4        0x8 contiki-avr-rss2.a(params.o)
                0x0000000000001af4                params_get_panid
 .text.params_get_panaddr
                0x0000000000001afc        0x8 contiki-avr-rss2.a(params.o)
                0x0000000000001afc                params_get_panaddr
 .text.params_get_txpower
                0x0000000000001b04        0x8 contiki-avr-rss2.a(params.o)
                0x0000000000001b04                params_get_txpower
 .text.i2c_init
                0x0000000000001b0c       0x2c contiki-avr-rss2.a(i2c.o)
                0x0000000000001b0c                i2c_init
 .text.i2c_start
                0x0000000000001b38       0x68 contiki-avr-rss2.a(i2c.o)
                0x0000000000001b38                i2c_start
 .text.i2c_stop
                0x0000000000001ba0       0x10 contiki-avr-rss2.a(i2c.o)
                0x0000000000001ba0                i2c_stop
 .text.i2c_write
                0x0000000000001bb0       0x14 contiki-avr-rss2.a(i2c.o)
                0x0000000000001bb0                i2c_write
 .text.i2c_readAck
                0x0000000000001bc4       0x14 contiki-avr-rss2.a(i2c.o)
                0x0000000000001bc4                i2c_readAck
 .text.i2c_readNak
                0x0000000000001bd8       0x14 contiki-avr-rss2.a(i2c.o)
                0x0000000000001bd8                i2c_readNak
 .text.i2c_read_mem
                0x0000000000001bec       0x74 contiki-avr-rss2.a(i2c.o)
                0x0000000000001bec                i2c_read_mem
 .text.i2c_at24mac_read
                0x0000000000001c60       0x16 contiki-avr-rss2.a(i2c.o)
                0x0000000000001c60                i2c_at24mac_read
 .text.i2c_probe
                0x0000000000001c76       0x74 contiki-avr-rss2.a(i2c.o)
                0x0000000000001c76                i2c_probe
 .text.value    0x0000000000001cea        0x6 contiki-avr-rss2.a(button-sensor.o)
 .text.configure
                0x0000000000001cf0       0x12 contiki-avr-rss2.a(button-sensor.o)
 .text.status   0x0000000000001d02       0x14 contiki-avr-rss2.a(button-sensor.o)
 .text.slip_putchar
                0x0000000000001d16       0x3c contiki-avr-rss2.a(slip_uart0.o)
 .text.slip_arch_init
                0x0000000000001d52       0x18 contiki-avr-rss2.a(slip_uart0.o)
                0x0000000000001d52                slip_arch_init
 .text.process_thread_slip_process
                0x0000000000001d6a      0x270 contiki-avr-rss2.a(slip.o)
 .text.slip_set_input_callback
                0x0000000000001fda        0xa contiki-avr-rss2.a(slip.o)
                0x0000000000001fda                slip_set_input_callback
 .text.slip_send
                0x0000000000001fe4       0x50 contiki-avr-rss2.a(slip.o)
                0x0000000000001fe4                slip_send
 .text.slip_input_byte
                0x0000000000002034       0xc8 contiki-avr-rss2.a(slip.o)
                0x0000000000002034                slip_input_byte
 .text.leds_on  0x00000000000020fc        0xa contiki-avr-rss2.a(leds.o)
                0x00000000000020fc                leds_on
 .text.leds_off
                0x0000000000002106        0xa contiki-avr-rss2.a(leds.o)
                0x0000000000002106                leds_off
 .text.leds_init
                0x0000000000002110        0xa contiki-avr-rss2.a(leds.o)
                0x0000000000002110                leds_init
 .text.clock_init
                0x000000000000211a       0x28 contiki-avr-rss2.a(clock.o)
                0x000000000000211a                clock_init
 .text.clock_time
                0x0000000000002142       0x34 contiki-avr-rss2.a(clock.o)
                0x0000000000002142                clock_time
 .text.clock_seconds
                0x0000000000002176       0x34 contiki-avr-rss2.a(clock.o)
                0x0000000000002176                clock_seconds
 .text.clock_adjust_ticks
                0x00000000000021aa      0x10a contiki-avr-rss2.a(clock.o)
                0x00000000000021aa                clock_adjust_ticks
 .text.__vector_13
                0x00000000000022b4      0x104 contiki-avr-rss2.a(clock.o)
                0x00000000000022b4                __vector_13
 .text.__vector_25
                0x00000000000023b8       0x5e contiki-avr-rss2.a(rs232.o)
                0x00000000000023b8                __vector_25
 .text.__vector_36
                0x0000000000002416       0x5e contiki-avr-rss2.a(rs232.o)
                0x0000000000002416                __vector_36
 .text.rs232_init
                0x0000000000002474       0x40 contiki-avr-rss2.a(rs232.o)
                0x0000000000002474                rs232_init
 .text.rs232_send
                0x00000000000024b4       0x24 contiki-avr-rss2.a(rs232.o)
                0x00000000000024b4                rs232_send
 .text.rs232_stdout_putchar
                0x00000000000024d8       0x2a contiki-avr-rss2.a(rs232.o)
                0x00000000000024d8                rs232_stdout_putchar
 .text.rs232_set_input
                0x0000000000002502       0x1c contiki-avr-rss2.a(rs232.o)
                0x0000000000002502                rs232_set_input
 .text.slip_arch_writeb
                0x000000000000251e        0x8 contiki-avr-rss2.a(rs232.o)
                0x000000000000251e                slip_arch_writeb
 .text.rs232_redirect_stdout
                0x0000000000002526       0x12 contiki-avr-rss2.a(rs232.o)
                0x0000000000002526                rs232_redirect_stdout
 .text.watchdog_init
                0x0000000000002538       0x1e contiki-avr-rss2.a(watchdog.o)
                0x0000000000002538                watchdog_init
 .text.watchdog_start
                0x0000000000002556       0x16 contiki-avr-rss2.a(watchdog.o)
                0x0000000000002556                watchdog_start
 .text.watchdog_periodic
                0x000000000000256c        0x4 contiki-avr-rss2.a(watchdog.o)
                0x000000000000256c                watchdog_periodic
 .text.watchdog_stop
                0x0000000000002570       0x18 contiki-avr-rss2.a(watchdog.o)
                0x0000000000002570                watchdog_stop
 .text.random_init
                0x0000000000002588        0x4 contiki-avr-rss2.a(random.o)
                0x0000000000002588                random_init
 .text.random_rand
                0x000000000000258c        0x4 contiki-avr-rss2.a(random.o)
                0x000000000000258c                random_rand
 .text.set_object
                0x0000000000002590        0x6 contiki-avr-rss2.a(rf230bb.o)
 .text.rf230_pending_packet
                0x0000000000002596        0x8 contiki-avr-rss2.a(rf230bb.o)
 .text.radio_reset_state_machine
                0x000000000000259e       0x32 contiki-avr-rss2.a(rf230bb.o)
 .text.set_txpower
                0x00000000000025d0       0x1e contiki-avr-rss2.a(rf230bb.o)
 .text.get_object
                0x00000000000025ee       0x30 contiki-avr-rss2.a(rf230bb.o)
 .text.rf230_isidle
                0x000000000000261e       0x28 contiki-avr-rss2.a(rf230bb.o)
 .text.rf230_waitidle
                0x0000000000002646       0x12 contiki-avr-rss2.a(rf230bb.o)
 .text.radio_off
                0x0000000000002658      0x124 contiki-avr-rss2.a(rf230bb.o)
 .text.rf230_off
                0x000000000000277c       0x16 contiki-avr-rss2.a(rf230bb.o)
 .text.rf230_receiving_packet
                0x0000000000002792       0x26 contiki-avr-rss2.a(rf230bb.o)
 .text.rf230_prepare
                0x00000000000027b8       0x32 contiki-avr-rss2.a(rf230bb.o)
 .text.rf230_get_panid
                0x00000000000027ea       0x14 contiki-avr-rss2.a(rf230bb.o)
                0x00000000000027ea                rf230_get_panid
 .text.radio_get_trx_state
                0x00000000000027fe        0xc contiki-avr-rss2.a(rf230bb.o)
                0x00000000000027fe                radio_get_trx_state
 .text.radio_set_trx_state
                0x000000000000280a       0xd0 contiki-avr-rss2.a(rf230bb.o)
 .text.radio_on
                0x00000000000028da       0x68 contiki-avr-rss2.a(rf230bb.o)
 .text.rf230_on
                0x0000000000002942       0x12 contiki-avr-rss2.a(rf230bb.o)
 .text.rf230_cca
                0x0000000000002954      0x126 contiki-avr-rss2.a(rf230bb.o)
 .text.rf230_warm_reset
                0x0000000000002a7a       0x46 contiki-avr-rss2.a(rf230bb.o)
                0x0000000000002a7a                rf230_warm_reset
 .text.rf230_init
                0x0000000000002ac0       0x74 contiki-avr-rss2.a(rf230bb.o)
                0x0000000000002ac0                rf230_init
 .text.rf230_get_channel
                0x0000000000002b34        0x6 contiki-avr-rss2.a(rf230bb.o)
                0x0000000000002b34                rf230_get_channel
 .text.rf230_set_channel
                0x0000000000002b3a       0x1c contiki-avr-rss2.a(rf230bb.o)
                0x0000000000002b3a                rf230_set_channel
 .text.set_value
                0x0000000000002b56       0xe0 contiki-avr-rss2.a(rf230bb.o)
 .text.rf230_set_pan_addr
                0x0000000000002c36       0x48 contiki-avr-rss2.a(rf230bb.o)
                0x0000000000002c36                rf230_set_pan_addr
 .text.rf230_get_last_rx_packet_timestamp
                0x0000000000002c7e       0x12 contiki-avr-rss2.a(rf230bb.o)
                0x0000000000002c7e                rf230_get_last_rx_packet_timestamp
 .text.rf230_interrupt
                0x0000000000002c90       0x26 contiki-avr-rss2.a(rf230bb.o)
                0x0000000000002c90                rf230_interrupt
 .text.flushrx  0x0000000000002cb6       0x26 contiki-avr-rss2.a(rf230bb.o)
 .text.rf230_read
                0x0000000000002cdc       0x92 contiki-avr-rss2.a(rf230bb.o)
 .text.process_thread_rf230_process
                0x0000000000002d6e      0x154 contiki-avr-rss2.a(rf230bb.o)
 .text.rf230_set_txpower
                0x0000000000002ec2        0x4 contiki-avr-rss2.a(rf230bb.o)
                0x0000000000002ec2                rf230_set_txpower
 .text.rf230_get_txpower
                0x0000000000002ec6       0x18 contiki-avr-rss2.a(rf230bb.o)
                0x0000000000002ec6                rf230_get_txpower
 .text.rf230_transmit
                0x0000000000002ede      0x24e contiki-avr-rss2.a(rf230bb.o)
 .text.rf230_send
                0x000000000000312c       0x32 contiki-avr-rss2.a(rf230bb.o)
 .text.rf230_get_raw_rssi
                0x000000000000315e       0x48 contiki-avr-rss2.a(rf230bb.o)
                0x000000000000315e                rf230_get_raw_rssi
 .text.get_value
                0x00000000000031a6       0xca contiki-avr-rss2.a(rf230bb.o)
 .text.hal_init
                0x0000000000003270        0x2 contiki-avr-rss2.a(halbb.o)
                0x0000000000003270                hal_init
 .text.hal_subregister_read
                0x0000000000003272       0x16 contiki-avr-rss2.a(halbb.o)
                0x0000000000003272                hal_subregister_read
 .text.hal_subregister_write
                0x0000000000003288       0x38 contiki-avr-rss2.a(halbb.o)
                0x0000000000003288                hal_subregister_write
 .text.hal_frame_read
                0x00000000000032c0       0x54 contiki-avr-rss2.a(halbb.o)
                0x00000000000032c0                hal_frame_read
 .text.hal_frame_write
                0x0000000000003314       0x1c contiki-avr-rss2.a(halbb.o)
                0x0000000000003314                hal_frame_write
 .text.__vector_60
                0x0000000000003330       0x70 contiki-avr-rss2.a(halbb.o)
                0x0000000000003330                __vector_60
 .text.__vector_59
                0x00000000000033a0       0x50 contiki-avr-rss2.a(halbb.o)
                0x00000000000033a0                __vector_59
 .text.__vector_64
                0x00000000000033f0       0x18 contiki-avr-rss2.a(halbb.o)
                0x00000000000033f0                __vector_64
 .text.__vector_63
                0x0000000000003408       0x18 contiki-avr-rss2.a(halbb.o)
                0x0000000000003408                __vector_63
 .text.__vector_62
                0x0000000000003420       0x14 contiki-avr-rss2.a(halbb.o)
                0x0000000000003420                __vector_62
 .text.__vector_58
                0x0000000000003434       0x14 contiki-avr-rss2.a(halbb.o)
                0x0000000000003434                __vector_58
 .text.__vector_57
                0x0000000000003448       0x14 contiki-avr-rss2.a(halbb.o)
                0x0000000000003448                __vector_57
 .text.__vector_61
                0x000000000000345c       0x18 contiki-avr-rss2.a(halbb.o)
                0x000000000000345c                __vector_61
 .text.autostart_start
                0x0000000000003474       0x1e contiki-avr-rss2.a(autostart.o)
                0x0000000000003474                autostart_start
 .text.process_thread_ctimer_process
                0x0000000000003492       0xcc contiki-avr-rss2.a(ctimer.o)
 .text.ctimer_init
                0x000000000000355e       0x18 contiki-avr-rss2.a(ctimer.o)
                0x000000000000355e                ctimer_init
 .text.ctimer_set_with_process
                0x0000000000003576       0x66 contiki-avr-rss2.a(ctimer.o)
                0x0000000000003576                ctimer_set_with_process
 .text.ctimer_set
                0x00000000000035dc       0x1e contiki-avr-rss2.a(ctimer.o)
                0x00000000000035dc                ctimer_set
 .text.ctimer_reset
                0x00000000000035fa       0x48 contiki-avr-rss2.a(ctimer.o)
                0x00000000000035fa                ctimer_reset
 .text.ctimer_restart
                0x0000000000003642       0x48 contiki-avr-rss2.a(ctimer.o)
                0x0000000000003642                ctimer_restart
 .text.ctimer_stop
                0x000000000000368a       0x2e contiki-avr-rss2.a(ctimer.o)
                0x000000000000368a                ctimer_stop
 .text.energest_init
                0x00000000000036b8       0x2c contiki-avr-rss2.a(energest.o)
                0x00000000000036b8                energest_init
 .text.energest_type_time
                0x00000000000036e4       0x6c contiki-avr-rss2.a(energest.o)
                0x00000000000036e4                energest_type_time
 .text.energest_flush
                0x0000000000003750       0x5c contiki-avr-rss2.a(energest.o)
                0x0000000000003750                energest_flush
 .text.update_time
                0x00000000000037ac       0xba contiki-avr-rss2.a(etimer.o)
 .text.etimer_request_poll
                0x0000000000003866        0x8 contiki-avr-rss2.a(etimer.o)
                0x0000000000003866                etimer_request_poll
 .text.process_thread_etimer_process
                0x000000000000386e      0x106 contiki-avr-rss2.a(etimer.o)
 .text.add_timer
                0x0000000000003974       0x5e contiki-avr-rss2.a(etimer.o)
 .text.etimer_set
                0x00000000000039d2       0x14 contiki-avr-rss2.a(etimer.o)
                0x00000000000039d2                etimer_set
 .text.etimer_reset
                0x00000000000039e6       0x14 contiki-avr-rss2.a(etimer.o)
                0x00000000000039e6                etimer_reset
 .text.etimer_restart
                0x00000000000039fa       0x14 contiki-avr-rss2.a(etimer.o)
                0x00000000000039fa                etimer_restart
 .text.etimer_expired
                0x0000000000003a0e       0x16 contiki-avr-rss2.a(etimer.o)
                0x0000000000003a0e                etimer_expired
 .text.etimer_expiration_time
                0x0000000000003a24       0x2c contiki-avr-rss2.a(etimer.o)
                0x0000000000003a24                etimer_expiration_time
 .text.etimer_pending
                0x0000000000003a50       0x16 contiki-avr-rss2.a(etimer.o)
                0x0000000000003a50                etimer_pending
 .text.etimer_stop
                0x0000000000003a66       0x4e contiki-avr-rss2.a(etimer.o)
                0x0000000000003a66                etimer_stop
 .text.call_process.part.0
                0x0000000000003ab4       0x54 contiki-avr-rss2.a(process.o)
 .text.call_process
                0x0000000000003b08        0xc contiki-avr-rss2.a(process.o)
 .text.exit_process
                0x0000000000003b14       0xd6 contiki-avr-rss2.a(process.o)
 .text.do_poll  0x0000000000003bea       0x3e contiki-avr-rss2.a(process.o)
 .text.process_alloc_event
                0x0000000000003c28        0xe contiki-avr-rss2.a(process.o)
                0x0000000000003c28                process_alloc_event
 .text.process_init
                0x0000000000003c36       0x20 contiki-avr-rss2.a(process.o)
                0x0000000000003c36                process_init
 .text.process_run
                0x0000000000003c56       0xaa contiki-avr-rss2.a(process.o)
                0x0000000000003c56                process_run
 .text.process_post
                0x0000000000003d00       0x3a contiki-avr-rss2.a(process.o)
                0x0000000000003d00                process_post
 .text.process_post_synch
                0x0000000000003d3a       0x1e contiki-avr-rss2.a(process.o)
                0x0000000000003d3a                process_post_synch
 .text.process_start
                0x0000000000003d58       0x42 contiki-avr-rss2.a(process.o)
                0x0000000000003d58                process_start
 .text.process_poll
                0x0000000000003d9a       0x18 contiki-avr-rss2.a(process.o)
                0x0000000000003d9a                process_poll
 .text.rtimer_init
                0x0000000000003db2        0x4 contiki-avr-rss2.a(rtimer.o)
                0x0000000000003db2                rtimer_init
 .text.rtimer_set
                0x0000000000003db6       0x36 contiki-avr-rss2.a(rtimer.o)
                0x0000000000003db6                rtimer_set
 .text.rtimer_run_next
                0x0000000000003dec       0x3e contiki-avr-rss2.a(rtimer.o)
                0x0000000000003dec                rtimer_run_next
 .text.timer_set
                0x0000000000003e2a       0x20 contiki-avr-rss2.a(timer.o)
                0x0000000000003e2a                timer_set
 .text.timer_reset
                0x0000000000003e4a       0x24 contiki-avr-rss2.a(timer.o)
                0x0000000000003e4a                timer_reset
 .text.timer_restart
                0x0000000000003e6e       0x18 contiki-avr-rss2.a(timer.o)
                0x0000000000003e6e                timer_restart
 .text.timer_expired
                0x0000000000003e86       0x56 contiki-avr-rss2.a(timer.o)
                0x0000000000003e86                timer_expired
 .text.process_thread_serial_line_process
                0x0000000000003edc       0xcc contiki-avr-rss2.a(serial-line.o)
 .text.serial_line_input_byte
                0x0000000000003fa8       0x4a contiki-avr-rss2.a(serial-line.o)
                0x0000000000003fa8                serial_line_input_byte
 .text.serial_line_init
                0x0000000000003ff2       0x1a contiki-avr-rss2.a(serial-line.o)
                0x0000000000003ff2                serial_line_init
 .text.ringbuf_init
                0x000000000000400c       0x10 contiki-avr-rss2.a(ringbuf.o)
                0x000000000000400c                ringbuf_init
 .text.ringbuf_put
                0x000000000000401c       0x40 contiki-avr-rss2.a(ringbuf.o)
                0x000000000000401c                ringbuf_put
 .text.ringbuf_get
                0x000000000000405c       0x3a contiki-avr-rss2.a(ringbuf.o)
                0x000000000000405c                ringbuf_get
 .text.list_init
                0x0000000000004096        0x8 contiki-avr-rss2.a(list.o)
                0x0000000000004096                list_init
 .text.list_head
                0x000000000000409e        0x8 contiki-avr-rss2.a(list.o)
                0x000000000000409e                list_head
 .text.list_tail
                0x00000000000040a6       0x20 contiki-avr-rss2.a(list.o)
                0x00000000000040a6                list_tail
 .text.list_remove
                0x00000000000040c6       0x36 contiki-avr-rss2.a(list.o)
                0x00000000000040c6                list_remove
 .text.list_add
                0x00000000000040fc       0x32 contiki-avr-rss2.a(list.o)
                0x00000000000040fc                list_add
 .text.list_push
                0x000000000000412e       0x28 contiki-avr-rss2.a(list.o)
                0x000000000000412e                list_push
 .text.list_length
                0x0000000000004156       0x1a contiki-avr-rss2.a(list.o)
                0x0000000000004156                list_length
 .text.list_item_next
                0x0000000000004170       0x12 contiki-avr-rss2.a(list.o)
                0x0000000000004170                list_item_next
 .text.memb_init
                0x0000000000004182       0x3c contiki-avr-rss2.a(memb.o)
                0x0000000000004182                memb_init
 .text.memb_alloc
                0x00000000000041be       0x4a contiki-avr-rss2.a(memb.o)
                0x00000000000041be                memb_alloc
 .text.memb_free
                0x0000000000004208       0x4c contiki-avr-rss2.a(memb.o)
                0x0000000000004208                memb_free
 .text.memb_inmemb
                0x0000000000004254       0x3a contiki-avr-rss2.a(memb.o)
                0x0000000000004254                memb_inmemb
 .text.memb_numfree
                0x000000000000428e       0x34 contiki-avr-rss2.a(memb.o)
                0x000000000000428e                memb_numfree
 .text.uip_ds6_list_loop
                0x00000000000042c2       0x96 contiki-avr-rss2.a(uip-ds6.o)
                0x00000000000042c2                uip_ds6_list_loop
 .text.uip_ds6_prefix_add
                0x0000000000004358       0xb6 contiki-avr-rss2.a(uip-ds6.o)
                0x0000000000004358                uip_ds6_prefix_add
 .text.uip_ds6_is_addr_onlink
                0x000000000000440e       0x60 contiki-avr-rss2.a(uip-ds6.o)
                0x000000000000440e                uip_ds6_is_addr_onlink
 .text.uip_ds6_addr_lookup
                0x000000000000446e       0x3a contiki-avr-rss2.a(uip-ds6.o)
                0x000000000000446e                uip_ds6_addr_lookup
 .text.uip_ds6_get_link_local
                0x00000000000044a8       0x58 contiki-avr-rss2.a(uip-ds6.o)
                0x00000000000044a8                uip_ds6_get_link_local
 .text.uip_ds6_maddr_add
                0x0000000000004500       0x64 contiki-avr-rss2.a(uip-ds6.o)
                0x0000000000004500                uip_ds6_maddr_add
 .text.uip_ds6_addr_add
                0x0000000000004564      0x104 contiki-avr-rss2.a(uip-ds6.o)
                0x0000000000004564                uip_ds6_addr_add
 .text.uip_ds6_maddr_rm
                0x0000000000004668        0xa contiki-avr-rss2.a(uip-ds6.o)
                0x0000000000004668                uip_ds6_maddr_rm
 .text.uip_ds6_maddr_lookup
                0x0000000000004672       0x3a contiki-avr-rss2.a(uip-ds6.o)
                0x0000000000004672                uip_ds6_maddr_lookup
 .text.uip_ds6_addr_rm
                0x00000000000046ac       0x76 contiki-avr-rss2.a(uip-ds6.o)
                0x00000000000046ac                uip_ds6_addr_rm
 .text.uip_ds6_periodic
                0x0000000000004722       0x58 contiki-avr-rss2.a(uip-ds6.o)
                0x0000000000004722                uip_ds6_periodic
 .text.uip_ds6_set_addr_iid
                0x000000000000477a       0x1c contiki-avr-rss2.a(uip-ds6.o)
                0x000000000000477a                uip_ds6_set_addr_iid
 .text.get_match_length
                0x0000000000004796       0x34 contiki-avr-rss2.a(uip-ds6.o)
                0x0000000000004796                get_match_length
 .text.uip_ds6_select_src
                0x00000000000047ca       0xda contiki-avr-rss2.a(uip-ds6.o)
                0x00000000000047ca                uip_ds6_select_src
 .text.uip_ds6_compute_reachable_time
                0x00000000000048a4       0x60 contiki-avr-rss2.a(uip-ds6.o)
                0x00000000000048a4                uip_ds6_compute_reachable_time
 .text.uip_ds6_init
                0x0000000000004904      0x150 contiki-avr-rss2.a(uip-ds6.o)
                0x0000000000004904                uip_ds6_init
 .text.call_route_callback
                0x0000000000004a54       0x64 contiki-avr-rss2.a(uip-ds6-route.o)
 .text.uip_ds6_route_init
                0x0000000000004ab8       0x38 contiki-avr-rss2.a(uip-ds6-route.o)
                0x0000000000004ab8                uip_ds6_route_init
 .text.uip_ds6_route_nexthop
                0x0000000000004af0       0x20 contiki-avr-rss2.a(uip-ds6-route.o)
                0x0000000000004af0                uip_ds6_route_nexthop
 .text.uip_ds6_route_head
                0x0000000000004b10        0x8 contiki-avr-rss2.a(uip-ds6-route.o)
                0x0000000000004b10                uip_ds6_route_head
 .text.uip_ds6_route_next
                0x0000000000004b18        0xe contiki-avr-rss2.a(uip-ds6-route.o)
                0x0000000000004b18                uip_ds6_route_next
 .text.uip_ds6_route_is_nexthop
                0x0000000000004b26       0x2c contiki-avr-rss2.a(uip-ds6-route.o)
                0x0000000000004b26                uip_ds6_route_is_nexthop
 .text.uip_ds6_route_lookup
                0x0000000000004b52       0x92 contiki-avr-rss2.a(uip-ds6-route.o)
                0x0000000000004b52                uip_ds6_route_lookup
 .text.uip_ds6_route_rm
                0x0000000000004be4       0xd4 contiki-avr-rss2.a(uip-ds6-route.o)
                0x0000000000004be4                uip_ds6_route_rm
 .text.rm_routelist
                0x0000000000004cb8       0x44 contiki-avr-rss2.a(uip-ds6-route.o)
 .text.rm_routelist_callback
                0x0000000000004cfc        0x4 contiki-avr-rss2.a(uip-ds6-route.o)
 .text.uip_ds6_route_add
                0x0000000000004d00      0x158 contiki-avr-rss2.a(uip-ds6-route.o)
                0x0000000000004d00                uip_ds6_route_add
 .text.uip_ds6_defrt_rm
                0x0000000000004e58       0x5c contiki-avr-rss2.a(uip-ds6-route.o)
                0x0000000000004e58                uip_ds6_defrt_rm
 .text.uip_ds6_defrt_lookup
                0x0000000000004eb4       0x44 contiki-avr-rss2.a(uip-ds6-route.o)
                0x0000000000004eb4                uip_ds6_defrt_lookup
 .text.uip_ds6_defrt_add
                0x0000000000004ef8       0x8c contiki-avr-rss2.a(uip-ds6-route.o)
                0x0000000000004ef8                uip_ds6_defrt_add
 .text.uip_ds6_defrt_choose
                0x0000000000004f84       0x48 contiki-avr-rss2.a(uip-ds6-route.o)
                0x0000000000004f84                uip_ds6_defrt_choose
 .text.uip_ds6_defrt_periodic
                0x0000000000004fcc       0x3a contiki-avr-rss2.a(uip-ds6-route.o)
                0x0000000000004fcc                uip_ds6_defrt_periodic
 .text.chksum   0x0000000000005006       0x4a contiki-avr-rss2.a(uip6.o)
 .text.upper_layer_chksum
                0x0000000000005050       0x74 contiki-avr-rss2.a(uip6.o)
 .text.ext_hdr_options_process
                0x00000000000050c4       0xdc contiki-avr-rss2.a(uip6.o)
 .text.uip_add32
                0x00000000000051a0       0x6c contiki-avr-rss2.a(uip6.o)
                0x00000000000051a0                uip_add32
 .text.unlikely.uip_add_rcv_nxt
                0x000000000000520c       0x3a contiki-avr-rss2.a(uip6.o)
 .text.uip_icmp6chksum
                0x0000000000005246        0x6 contiki-avr-rss2.a(uip6.o)
                0x0000000000005246                uip_icmp6chksum
 .text.uip_tcpchksum
                0x000000000000524c        0x6 contiki-avr-rss2.a(uip6.o)
                0x000000000000524c                uip_tcpchksum
 .text.uip_udpchksum
                0x0000000000005252        0x6 contiki-avr-rss2.a(uip6.o)
                0x0000000000005252                uip_udpchksum
 .text.uip_init
                0x0000000000005258       0x5a contiki-avr-rss2.a(uip6.o)
                0x0000000000005258                uip_init
 .text.remove_ext_hdr
                0x00000000000052b2       0x66 contiki-avr-rss2.a(uip6.o)
                0x00000000000052b2                remove_ext_hdr
 .text.uip_unlisten
                0x0000000000005318       0x2e contiki-avr-rss2.a(uip6.o)
                0x0000000000005318                uip_unlisten
 .text.uip_listen
                0x0000000000005346       0x2c contiki-avr-rss2.a(uip6.o)
                0x0000000000005346                uip_listen
 .text.uip_process
                0x0000000000005372     0x104e contiki-avr-rss2.a(uip6.o)
                0x0000000000005372                uip_process
 .text.uip_htonl
                0x00000000000063c0        0x6 contiki-avr-rss2.a(uip6.o)
                0x00000000000063c0                uip_htonl
 .text.uip_send
                0x00000000000063c6       0x50 contiki-avr-rss2.a(uip6.o)
                0x00000000000063c6                uip_send
 .text.uip_ds6_nbr_rm
                0x0000000000006416       0x32 contiki-avr-rss2.a(uip-ds6-nbr.o)
                0x0000000000006416                uip_ds6_nbr_rm
 .text.uip_ds6_neighbors_init
                0x0000000000006448       0x14 contiki-avr-rss2.a(uip-ds6-nbr.o)
                0x0000000000006448                uip_ds6_neighbors_init
 .text.uip_ds6_nbr_add
                0x000000000000645c       0x60 contiki-avr-rss2.a(uip-ds6-nbr.o)
                0x000000000000645c                uip_ds6_nbr_add
 .text.uip_ds6_nbr_get_ll
                0x00000000000064bc        0xe contiki-avr-rss2.a(uip-ds6-nbr.o)
                0x00000000000064bc                uip_ds6_nbr_get_ll
 .text.uip_ds6_nbr_lookup
                0x00000000000064ca       0x56 contiki-avr-rss2.a(uip-ds6-nbr.o)
                0x00000000000064ca                uip_ds6_nbr_lookup
 .text.uip_ds6_nbr_ll_lookup
                0x0000000000006520        0xe contiki-avr-rss2.a(uip-ds6-nbr.o)
                0x0000000000006520                uip_ds6_nbr_ll_lookup
 .text.uip_ds6_nbr_ipaddr_from_lladdr
                0x000000000000652e        0x4 contiki-avr-rss2.a(uip-ds6-nbr.o)
                0x000000000000652e                uip_ds6_nbr_ipaddr_from_lladdr
 .text.uip_ds6_nbr_lladdr_from_ipaddr
                0x0000000000006532       0x12 contiki-avr-rss2.a(uip-ds6-nbr.o)
                0x0000000000006532                uip_ds6_nbr_lladdr_from_ipaddr
 .text.uip_ds6_link_neighbor_callback
                0x0000000000006544       0x52 contiki-avr-rss2.a(uip-ds6-nbr.o)
                0x0000000000006544                uip_ds6_link_neighbor_callback
 .text.ns_input
                0x0000000000006596      0x3a2 contiki-avr-rss2.a(uip-nd6.o)
 .text.uip_nd6_init
                0x0000000000006938        0x8 contiki-avr-rss2.a(uip-nd6.o)
                0x0000000000006938                uip_nd6_init
 .text.clear_fragments
                0x0000000000006940       0x38 contiki-avr-rss2.a(sicslowpan.o)
 .text.sicslowpan_init
                0x0000000000006978       0x1a contiki-avr-rss2.a(sicslowpan.o)
                0x0000000000006978                sicslowpan_init
 .text.compress_addr_64
                0x0000000000006992       0xcc contiki-avr-rss2.a(sicslowpan.o)
 .text.set_packet_attrs
                0x0000000000006a5e       0x50 contiki-avr-rss2.a(sicslowpan.o)
 .text.addr_context_lookup_by_prefix
                0x0000000000006aae       0x26 contiki-avr-rss2.a(sicslowpan.o)
 .text.send_packet
                0x0000000000006ad4       0x1e contiki-avr-rss2.a(sicslowpan.o)
 .text.output   0x0000000000006af2      0x800 contiki-avr-rss2.a(sicslowpan.o)
 .text.packet_sent
                0x00000000000072f2       0x32 contiki-avr-rss2.a(sicslowpan.o)
 .text.store_fragment
                0x0000000000007324       0x86 contiki-avr-rss2.a(sicslowpan.o)
 .text.uncompress_addr
                0x00000000000073aa       0xf0 contiki-avr-rss2.a(sicslowpan.o)
 .text.add_fragment
                0x000000000000749a      0x186 contiki-avr-rss2.a(sicslowpan.o)
 .text.input    0x0000000000007620      0x73e contiki-avr-rss2.a(sicslowpan.o)
 .text.uip_debug_ipaddr_print
                0x0000000000007d5e      0x15a contiki-avr-rss2.a(uip-debug.o)
                0x0000000000007d5e                uip_debug_ipaddr_print
 .text.uip_packetqueue_new
                0x0000000000007eb8        0x8 contiki-avr-rss2.a(uip-packetqueue)
                0x0000000000007eb8                uip_packetqueue_new
 .text.uip_packetqueue_free
                0x0000000000007ec0       0x2c contiki-avr-rss2.a(uip-packetqueue)
                0x0000000000007ec0                uip_packetqueue_free
 .text.uip_packetqueue_buf
                0x0000000000007eec       0x14 contiki-avr-rss2.a(uip-packetqueue)
                0x0000000000007eec                uip_packetqueue_buf
 .text.uip_packetqueue_buflen
                0x0000000000007f00       0x1c contiki-avr-rss2.a(uip-packetqueue)
                0x0000000000007f00                uip_packetqueue_buflen
 .text.psock_send
                0x0000000000007f1c       0xd8 contiki-avr-rss2.a(psock.o)
                0x0000000000007f1c                psock_send
 .text.psock_datalen
                0x0000000000007ff4       0x10 contiki-avr-rss2.a(psock.o)
                0x0000000000007ff4                psock_datalen
 .text.psock_newdata
                0x0000000000008004       0x26 contiki-avr-rss2.a(psock.o)
                0x0000000000008004                psock_newdata
 .text.psock_readto
                0x000000000000802a       0xd8 contiki-avr-rss2.a(psock.o)
                0x000000000000802a                psock_readto
 .text.psock_init
                0x0000000000008102       0x22 contiki-avr-rss2.a(psock.o)
                0x0000000000008102                psock_init
 .text.start_periodic_tcp_timer
                0x0000000000008124       0x16 contiki-avr-rss2.a(tcpip.o)
 .text.tcpip_output
                0x000000000000813a       0x12 contiki-avr-rss2.a(tcpip.o)
                0x000000000000813a                tcpip_output
 .text.tcpip_set_outputfunc
                0x000000000000814c        0xa contiki-avr-rss2.a(tcpip.o)
                0x000000000000814c                tcpip_set_outputfunc
 .text.tcp_listen
                0x0000000000008156       0x5c contiki-avr-rss2.a(tcpip.o)
                0x0000000000008156                tcp_listen
 .text.tcp_attach
                0x00000000000081b2       0x14 contiki-avr-rss2.a(tcpip.o)
                0x00000000000081b2                tcp_attach
 .text.tcpip_icmp6_call
                0x00000000000081c6       0x2e contiki-avr-rss2.a(tcpip.o)
                0x00000000000081c6                tcpip_icmp6_call
 .text.tcpip_input
                0x00000000000081f4       0x1c contiki-avr-rss2.a(tcpip.o)
                0x00000000000081f4                tcpip_input
 .text.tcpip_ipv6_output
                0x0000000000008210      0x1ae contiki-avr-rss2.a(tcpip.o)
                0x0000000000008210                tcpip_ipv6_output
 .text.process_thread_tcpip_process
                0x00000000000083be      0x228 contiki-avr-rss2.a(tcpip.o)
 .text.tcpip_uipcall
                0x00000000000085e6       0x78 contiki-avr-rss2.a(tcpip.o)
                0x00000000000085e6                tcpip_uipcall
 .text.uip_split_output
                0x000000000000865e       0xf2 contiki-avr-rss2.a(uip-split.o)
                0x000000000000865e                uip_split_output
 .text.update_hbh_header
                0x0000000000008750       0xf6 contiki-avr-rss2.a(rpl-ext-header.)
 .text.insert_hbh_header
                0x0000000000008846       0xce contiki-avr-rss2.a(rpl-ext-header.)
 .text.rpl_verify_hbh_header
                0x0000000000008914      0x13e contiki-avr-rss2.a(rpl-ext-header.)
                0x0000000000008914                rpl_verify_hbh_header
 .text.rpl_remove_header
                0x0000000000008a52       0x8e contiki-avr-rss2.a(rpl-ext-header.)
                0x0000000000008a52                rpl_remove_header
 .text.rpl_update_header
                0x0000000000008ae0       0x80 contiki-avr-rss2.a(rpl-ext-header.)
                0x0000000000008ae0                rpl_update_header
 .text.rpl_get_mode
                0x0000000000008b60        0xa contiki-avr-rss2.a(rpl.o)
                0x0000000000008b60                rpl_get_mode
 .text.rpl_purge_routes
                0x0000000000008b6a       0xcc contiki-avr-rss2.a(rpl.o)
                0x0000000000008b6a                rpl_purge_routes
 .text.rpl_remove_routes
                0x0000000000008c36       0x2c contiki-avr-rss2.a(rpl.o)
                0x0000000000008c36                rpl_remove_routes
 .text.rpl_remove_routes_by_nexthop
                0x0000000000008c62       0x56 contiki-avr-rss2.a(rpl.o)
                0x0000000000008c62                rpl_remove_routes_by_nexthop
 .text.rpl_add_route
                0x0000000000008cb8       0x5c contiki-avr-rss2.a(rpl.o)
                0x0000000000008cb8                rpl_add_route
 .text.rpl_link_neighbor_callback
                0x0000000000008d14       0x76 contiki-avr-rss2.a(rpl.o)
                0x0000000000008d14                rpl_link_neighbor_callback
 .text.rpl_ipv6_neighbor_callback
                0x0000000000008d8a       0x28 contiki-avr-rss2.a(rpl.o)
                0x0000000000008d8a                rpl_ipv6_neighbor_callback
 .text.rpl_purge_dags
                0x0000000000008db2       0x60 contiki-avr-rss2.a(rpl.o)
                0x0000000000008db2                rpl_purge_dags
 .text.rpl_init
                0x0000000000008e12       0x6a contiki-avr-rss2.a(rpl.o)
                0x0000000000008e12                rpl_init
 .text.get32    0x0000000000008e7c       0x2a contiki-avr-rss2.a(rpl-icmp6.o)
 .text.set32    0x0000000000008ea6       0x10 contiki-avr-rss2.a(rpl-icmp6.o)
 .text.get16    0x0000000000008eb6       0x16 contiki-avr-rss2.a(rpl-icmp6.o)
 .text.set16    0x0000000000008ecc        0xc contiki-avr-rss2.a(rpl-icmp6.o)
 .text.dao_ack_input
                0x0000000000008ed8        0xe contiki-avr-rss2.a(rpl-icmp6.o)
 .text.dio_input
                0x0000000000008ee6      0x326 contiki-avr-rss2.a(rpl-icmp6.o)
 .text.rpl_icmp6_update_nbr_table
                0x000000000000920c       0x3a contiki-avr-rss2.a(rpl-icmp6.o)
                0x000000000000920c                rpl_icmp6_update_nbr_table
 .text.dao_input
                0x0000000000009246      0x378 contiki-avr-rss2.a(rpl-icmp6.o)
 .text.dis_output
                0x00000000000095be       0x74 contiki-avr-rss2.a(rpl-icmp6.o)
                0x00000000000095be                dis_output
 .text.dio_output
                0x0000000000009632      0x354 contiki-avr-rss2.a(rpl-icmp6.o)
                0x0000000000009632                dio_output
 .text.dis_input
                0x0000000000009986       0x48 contiki-avr-rss2.a(rpl-icmp6.o)
 .text.dao_output_target
                0x00000000000099ce      0x130 contiki-avr-rss2.a(rpl-icmp6.o)
                0x00000000000099ce                dao_output_target
 .text.dao_output
                0x0000000000009afe       0xb8 contiki-avr-rss2.a(rpl-icmp6.o)
                0x0000000000009afe                dao_output
 .text.rpl_icmp6_register_handlers
                0x0000000000009bb6       0x20 contiki-avr-rss2.a(rpl-icmp6.o)
                0x0000000000009bb6                rpl_icmp6_register_handlers
 .text.rpl_set_preferred_parent
                0x0000000000009bd6       0x44 contiki-avr-rss2.a(rpl-dag.o)
 .text.set_ip_from_prefix
                0x0000000000009c1a       0x38 contiki-avr-rss2.a(rpl-dag.o)
 .text.check_prefix
                0x0000000000009c52       0xb4 contiki-avr-rss2.a(rpl-dag.o)
 .text.find_parent_any_dag_any_instance
                0x0000000000009d06       0x16 contiki-avr-rss2.a(rpl-dag.o)
 .text.lollipop_greater_than
                0x0000000000009d1c       0x54 contiki-avr-rss2.a(rpl-dag.o)
 .text.rpl_dag_init
                0x0000000000009d70       0x10 contiki-avr-rss2.a(rpl-dag.o)
                0x0000000000009d70                rpl_dag_init
 .text.rpl_get_parent
                0x0000000000009d80        0xe contiki-avr-rss2.a(rpl-dag.o)
                0x0000000000009d80                rpl_get_parent
 .text.rpl_rank_via_parent
                0x0000000000009d8e       0x34 contiki-avr-rss2.a(rpl-dag.o)
                0x0000000000009d8e                rpl_rank_via_parent
 .text.rpl_get_parent_lladdr
                0x0000000000009dc2        0xe contiki-avr-rss2.a(rpl-dag.o)
                0x0000000000009dc2                rpl_get_parent_lladdr
 .text.rpl_get_parent_ipaddr
                0x0000000000009dd0        0x8 contiki-avr-rss2.a(rpl-dag.o)
                0x0000000000009dd0                rpl_get_parent_ipaddr
 .text.rpl_get_parent_link_stats
                0x0000000000009dd8        0x8 contiki-avr-rss2.a(rpl-dag.o)
                0x0000000000009dd8                rpl_get_parent_link_stats
 .text.rpl_parent_is_fresh
                0x0000000000009de0        0x8 contiki-avr-rss2.a(rpl-dag.o)
                0x0000000000009de0                rpl_parent_is_fresh
 .text.best_parent
                0x0000000000009de8       0xdc contiki-avr-rss2.a(rpl-dag.o)
 .text.rpl_parent_is_reachable
                0x0000000000009ec4       0x66 contiki-avr-rss2.a(rpl-dag.o)
                0x0000000000009ec4                rpl_parent_is_reachable
 .text.rpl_set_prefix
                0x0000000000009f2a       0xb0 contiki-avr-rss2.a(rpl-dag.o)
                0x0000000000009f2a                rpl_set_prefix
 .text.rpl_set_default_route
                0x0000000000009fda       0x54 contiki-avr-rss2.a(rpl-dag.o)
                0x0000000000009fda                rpl_set_default_route
 .text.rpl_alloc_instance
                0x000000000000a02e       0x32 contiki-avr-rss2.a(rpl-dag.o)
                0x000000000000a02e                rpl_alloc_instance
 .text.rpl_add_parent
                0x000000000000a060       0x50 contiki-avr-rss2.a(rpl-dag.o)
                0x000000000000a060                rpl_add_parent
 .text.rpl_find_parent
                0x000000000000a0b0       0x2a contiki-avr-rss2.a(rpl-dag.o)
                0x000000000000a0b0                rpl_find_parent
 .text.rpl_find_parent_any_dag
                0x000000000000a0da       0x2e contiki-avr-rss2.a(rpl-dag.o)
                0x000000000000a0da                rpl_find_parent_any_dag
 .text.rpl_select_parent
                0x000000000000a108       0x78 contiki-avr-rss2.a(rpl-dag.o)
                0x000000000000a108                rpl_select_parent
 .text.rpl_select_dag
                0x000000000000a180      0x260 contiki-avr-rss2.a(rpl-dag.o)
                0x000000000000a180                rpl_select_dag
 .text.rpl_nullify_parent
                0x000000000000a3e0       0x8e contiki-avr-rss2.a(rpl-dag.o)
                0x000000000000a3e0                rpl_nullify_parent
 .text.rpl_remove_parent
                0x000000000000a46e       0x1c contiki-avr-rss2.a(rpl-dag.o)
                0x000000000000a46e                rpl_remove_parent
 .text.nbr_callback
                0x000000000000a48a        0x4 contiki-avr-rss2.a(rpl-dag.o)
 .text.remove_parents.constprop.7
                0x000000000000a48e       0x46 contiki-avr-rss2.a(rpl-dag.o)
 .text.rpl_free_dag
                0x000000000000a4d4       0x48 contiki-avr-rss2.a(rpl-dag.o)
                0x000000000000a4d4                rpl_free_dag
 .text.rpl_move_parent
                0x000000000000a51c       0x90 contiki-avr-rss2.a(rpl-dag.o)
                0x000000000000a51c                rpl_move_parent
 .text.rpl_get_dag
                0x000000000000a5ac       0x5e contiki-avr-rss2.a(rpl-dag.o)
                0x000000000000a5ac                rpl_get_dag
 .text.rpl_get_any_dag
                0x000000000000a60a       0x1e contiki-avr-rss2.a(rpl-dag.o)
                0x000000000000a60a                rpl_get_any_dag
 .text.rpl_get_instance
                0x000000000000a628       0x1c contiki-avr-rss2.a(rpl-dag.o)
                0x000000000000a628                rpl_get_instance
 .text.rpl_repair_root
                0x000000000000a644       0x52 contiki-avr-rss2.a(rpl-dag.o)
                0x000000000000a644                rpl_repair_root
 .text.rpl_alloc_dag
                0x000000000000a696       0x5c contiki-avr-rss2.a(rpl-dag.o)
                0x000000000000a696                rpl_alloc_dag
 .text.rpl_find_of
                0x000000000000a6f2       0x1a contiki-avr-rss2.a(rpl-dag.o)
                0x000000000000a6f2                rpl_find_of
 .text.rpl_set_root
                0x000000000000a70c      0x174 contiki-avr-rss2.a(rpl-dag.o)
                0x000000000000a70c                rpl_set_root
 .text.rpl_join_instance
                0x000000000000a880      0x20c contiki-avr-rss2.a(rpl-dag.o)
                0x000000000000a880                rpl_join_instance
 .text.rpl_local_repair
                0x000000000000aa8c       0xbe contiki-avr-rss2.a(rpl-dag.o)
                0x000000000000aa8c                rpl_local_repair
 .text.rpl_process_parent_event
                0x000000000000ab4a      0x114 contiki-avr-rss2.a(rpl-dag.o)
                0x000000000000ab4a                rpl_process_parent_event
 .text.rpl_add_dag
                0x000000000000ac5e      0x170 contiki-avr-rss2.a(rpl-dag.o)
                0x000000000000ac5e                rpl_add_dag
 .text.rpl_recalculate_ranks
                0x000000000000adce       0x50 contiki-avr-rss2.a(rpl-dag.o)
                0x000000000000adce                rpl_recalculate_ranks
 .text.rpl_process_dio
                0x000000000000ae1e      0x506 contiki-avr-rss2.a(rpl-dag.o)
                0x000000000000ae1e                rpl_process_dio
 .text.input_packet
                0x000000000000b324        0xa contiki-avr-rss2.a(csma.o)
 .text.on       0x000000000000b32e        0xa contiki-avr-rss2.a(csma.o)
 .text.off      0x000000000000b338        0xa contiki-avr-rss2.a(csma.o)
 .text.channel_check_interval
                0x000000000000b342       0x14 contiki-avr-rss2.a(csma.o)
 .text.transmit_packet_list
                0x000000000000b356       0x32 contiki-avr-rss2.a(csma.o)
 .text.schedule_transmission
                0x000000000000b388       0xaa contiki-avr-rss2.a(csma.o)
 .text.send_packet
                0x000000000000b432      0x1c8 contiki-avr-rss2.a(csma.o)
 .text.init     0x000000000000b5fa       0x18 contiki-avr-rss2.a(csma.o)
 .text.tx_done  0x000000000000b612       0xbc contiki-avr-rss2.a(csma.o)
 .text.packet_sent
                0x000000000000b6ce      0x13e contiki-avr-rss2.a(csma.o)
 .text.queuebuf_init
                0x000000000000b80c       0x10 contiki-avr-rss2.a(queuebuf.o)
                0x000000000000b80c                queuebuf_init
 .text.queuebuf_numfree
                0x000000000000b81c        0x8 contiki-avr-rss2.a(queuebuf.o)
                0x000000000000b81c                queuebuf_numfree
 .text.queuebuf_new_from_packetbuf
                0x000000000000b824       0x66 contiki-avr-rss2.a(queuebuf.o)
                0x000000000000b824                queuebuf_new_from_packetbuf
 .text.queuebuf_update_attr_from_packetbuf
                0x000000000000b88a       0x14 contiki-avr-rss2.a(queuebuf.o)
                0x000000000000b88a                queuebuf_update_attr_from_packetbuf
 .text.queuebuf_update_from_packetbuf
                0x000000000000b89e       0x2e contiki-avr-rss2.a(queuebuf.o)
                0x000000000000b89e                queuebuf_update_from_packetbuf
 .text.queuebuf_free
                0x000000000000b8cc       0x34 contiki-avr-rss2.a(queuebuf.o)
                0x000000000000b8cc                queuebuf_free
 .text.queuebuf_to_packetbuf
                0x000000000000b900       0x44 contiki-avr-rss2.a(queuebuf.o)
                0x000000000000b900                queuebuf_to_packetbuf
 .text.queuebuf_attr
                0x000000000000b944       0x1e contiki-avr-rss2.a(queuebuf.o)
                0x000000000000b944                queuebuf_attr
 .text.key_from_index
                0x000000000000b962       0x28 contiki-avr-rss2.a(nbr-table.o)
 .text.item_from_index
                0x000000000000b98a       0x30 contiki-avr-rss2.a(nbr-table.o)
 .text.index_from_key
                0x000000000000b9ba       0x30 contiki-avr-rss2.a(nbr-table.o)
 .text.index_from_item
                0x000000000000b9ea       0x2a contiki-avr-rss2.a(nbr-table.o)
 .text.nbr_set_bit
                0x000000000000ba14       0x66 contiki-avr-rss2.a(nbr-table.o)
 .text.index_from_lladdr
                0x000000000000ba7a       0x5a contiki-avr-rss2.a(nbr-table.o)
 .text.nbr_get_bit.constprop.0
                0x000000000000bad4       0x3c contiki-avr-rss2.a(nbr-table.o)
 .text.remove_key
                0x000000000000bb10       0x8c contiki-avr-rss2.a(nbr-table.o)
 .text.nbr_table_register
                0x000000000000bb9c       0x40 contiki-avr-rss2.a(nbr-table.o)
                0x000000000000bb9c                nbr_table_register
 .text.nbr_table_next
                0x000000000000bbdc       0x4c contiki-avr-rss2.a(nbr-table.o)
                0x000000000000bbdc                nbr_table_next
 .text.nbr_table_head
                0x000000000000bc28       0x48 contiki-avr-rss2.a(nbr-table.o)
                0x000000000000bc28                nbr_table_head
 .text.nbr_table_add_lladdr
                0x000000000000bc70      0x170 contiki-avr-rss2.a(nbr-table.o)
                0x000000000000bc70                nbr_table_add_lladdr
 .text.nbr_table_get_from_lladdr
                0x000000000000bde0       0x3e contiki-avr-rss2.a(nbr-table.o)
                0x000000000000bde0                nbr_table_get_from_lladdr
 .text.nbr_table_remove
                0x000000000000be1e       0x42 contiki-avr-rss2.a(nbr-table.o)
                0x000000000000be1e                nbr_table_remove
 .text.nbr_table_lock
                0x000000000000be60       0x10 contiki-avr-rss2.a(nbr-table.o)
                0x000000000000be60                nbr_table_lock
 .text.nbr_table_unlock
                0x000000000000be70       0x10 contiki-avr-rss2.a(nbr-table.o)
                0x000000000000be70                nbr_table_unlock
 .text.nbr_table_get_lladdr
                0x000000000000be80       0x16 contiki-avr-rss2.a(nbr-table.o)
                0x000000000000be80                nbr_table_get_lladdr
 .text.nbr_table_update_lladdr
                0x000000000000be96       0x6a contiki-avr-rss2.a(nbr-table.o)
                0x000000000000be96                nbr_table_update_lladdr
 .text.packetbuf_hdrreduce
                0x000000000000bf00       0x3a contiki-avr-rss2.a(packetbuf.o)
                0x000000000000bf00                packetbuf_hdrreduce
 .text.packetbuf_set_datalen
                0x000000000000bf3a        0xa contiki-avr-rss2.a(packetbuf.o)
                0x000000000000bf3a                packetbuf_set_datalen
 .text.packetbuf_hdrptr
                0x000000000000bf44        0x6 contiki-avr-rss2.a(packetbuf.o)
                0x000000000000bf44                packetbuf_hdrptr
 .text.packetbuf_datalen
                0x000000000000bf4a        0xa contiki-avr-rss2.a(packetbuf.o)
                0x000000000000bf4a                packetbuf_datalen
 .text.packetbuf_hdrlen
                0x000000000000bf54        0xc contiki-avr-rss2.a(packetbuf.o)
                0x000000000000bf54                packetbuf_hdrlen
 .text.packetbuf_compact
                0x000000000000bf60       0x62 contiki-avr-rss2.a(packetbuf.o)
                0x000000000000bf60                packetbuf_compact
 .text.packetbuf_dataptr
                0x000000000000bfc2        0xc contiki-avr-rss2.a(packetbuf.o)
                0x000000000000bfc2                packetbuf_dataptr
 .text.packetbuf_copyto
                0x000000000000bfce       0x64 contiki-avr-rss2.a(packetbuf.o)
                0x000000000000bfce                packetbuf_copyto
 .text.packetbuf_totlen
                0x000000000000c032       0x16 contiki-avr-rss2.a(packetbuf.o)
                0x000000000000c032                packetbuf_totlen
 .text.packetbuf_hdralloc
                0x000000000000c048       0x4a contiki-avr-rss2.a(packetbuf.o)
                0x000000000000c048                packetbuf_hdralloc
 .text.packetbuf_attr_clear
                0x000000000000c092       0x26 contiki-avr-rss2.a(packetbuf.o)
                0x000000000000c092                packetbuf_attr_clear
 .text.packetbuf_clear
                0x000000000000c0b8       0x18 contiki-avr-rss2.a(packetbuf.o)
                0x000000000000c0b8                packetbuf_clear
 .text.packetbuf_copyfrom
                0x000000000000c0d0       0x44 contiki-avr-rss2.a(packetbuf.o)
                0x000000000000c0d0                packetbuf_copyfrom
 .text.packetbuf_attr_copyto
                0x000000000000c114       0x22 contiki-avr-rss2.a(packetbuf.o)
                0x000000000000c114                packetbuf_attr_copyto
 .text.packetbuf_attr_copyfrom
                0x000000000000c136       0x22 contiki-avr-rss2.a(packetbuf.o)
                0x000000000000c136                packetbuf_attr_copyfrom
 .text.packetbuf_set_attr
                0x000000000000c158       0x16 contiki-avr-rss2.a(packetbuf.o)
                0x000000000000c158                packetbuf_set_attr
 .text.packetbuf_attr
                0x000000000000c16e       0x12 contiki-avr-rss2.a(packetbuf.o)
                0x000000000000c16e                packetbuf_attr
 .text.packetbuf_set_addr
                0x000000000000c180       0x16 contiki-avr-rss2.a(packetbuf.o)
                0x000000000000c180                packetbuf_set_addr
 .text.packetbuf_addr
                0x000000000000c196        0xe contiki-avr-rss2.a(packetbuf.o)
                0x000000000000c196                packetbuf_addr
 .text.packetbuf_holds_broadcast
                0x000000000000c1a4        0xc contiki-avr-rss2.a(packetbuf.o)
                0x000000000000c1a4                packetbuf_holds_broadcast
 .text.linkaddr_copy
                0x000000000000c1b0       0x10 contiki-avr-rss2.a(linkaddr.o)
                0x000000000000c1b0                linkaddr_copy
 .text.linkaddr_cmp
                0x000000000000c1c0       0x18 contiki-avr-rss2.a(linkaddr.o)
                0x000000000000c1c0                linkaddr_cmp
 .text.linkaddr_set_node_addr
                0x000000000000c1d8        0xa contiki-avr-rss2.a(linkaddr.o)
                0x000000000000c1d8                linkaddr_set_node_addr
 .text.periodic
                0x000000000000c1e2       0x2a contiki-avr-rss2.a(link-stats.o)
 .text.link_stats_from_lladdr
                0x000000000000c20c        0xa contiki-avr-rss2.a(link-stats.o)
                0x000000000000c20c                link_stats_from_lladdr
 .text.link_stats_is_fresh
                0x000000000000c216       0x4c contiki-avr-rss2.a(link-stats.o)
                0x000000000000c216                link_stats_is_fresh
 .text.link_stats_packet_sent
                0x000000000000c262       0xe4 contiki-avr-rss2.a(link-stats.o)
                0x000000000000c262                link_stats_packet_sent
 .text.link_stats_input_callback
                0x000000000000c346       0x94 contiki-avr-rss2.a(link-stats.o)
                0x000000000000c346                link_stats_input_callback
 .text.link_stats_init
                0x000000000000c3da       0x2e contiki-avr-rss2.a(link-stats.o)
                0x000000000000c3da                link_stats_init
 .text.duty_cycle
                0x000000000000c408        0x6 contiki-avr-rss2.a(contikimac.o)
 .text.init     0x000000000000c40e       0x3c contiki-avr-rss2.a(contikimac.o)
 .text.on       0x000000000000c44a       0x22 contiki-avr-rss2.a(contikimac.o)
 .text.off      0x000000000000c46c       0x28 contiki-avr-rss2.a(contikimac.o)
 .text.recv_burst_off
                0x000000000000c494        0xe contiki-avr-rss2.a(contikimac.o)
 .text.turn_off
                0x000000000000c4a2       0x2a contiki-avr-rss2.a(contikimac.o)
 .text.turn_on  0x000000000000c4cc       0x40 contiki-avr-rss2.a(contikimac.o)
 .text.schedule_powercycle_fixed
                0x000000000000c50c       0x34 contiki-avr-rss2.a(contikimac.o)
 .text.powercycle_turn_radio_off
                0x000000000000c540       0x38 contiki-avr-rss2.a(contikimac.o)
 .text.input_packet
                0x000000000000c578       0xec contiki-avr-rss2.a(contikimac.o)
 .text.send_packet.isra.8
                0x000000000000c664      0x1b6 contiki-avr-rss2.a(contikimac.o)
 .text.qsend_list
                0x000000000000c81a      0x140 contiki-avr-rss2.a(contikimac.o)
 .text.qsend_packet
                0x000000000000c95a       0x3a contiki-avr-rss2.a(contikimac.o)
 .text.powercycle_wrapper
                0x000000000000c994      0x2f2 contiki-avr-rss2.a(contikimac.o)
 .text.hdr_length
                0x000000000000cc86        0xe contiki-avr-rss2.a(contikimac-fram)
 .text.parse    0x000000000000cc94       0x50 contiki-avr-rss2.a(contikimac-fram)
 .text.create   0x000000000000cce4       0x90 contiki-avr-rss2.a(contikimac-fram)
 .text.init     0x000000000000cd74        0x2 contiki-avr-rss2.a(nullsec.o)
 .text.input    0x000000000000cd76        0xa contiki-avr-rss2.a(nullsec.o)
 .text.send     0x000000000000cd80       0x2c contiki-avr-rss2.a(nullsec.o)
 .text.__vector_32
                0x000000000000cdac       0xf0 contiki-avr-rss2.a(rtimer-arch.o)
                0x000000000000cdac                __vector_32
 .text.rtimer_arch_init
                0x000000000000ce9c       0x34 contiki-avr-rss2.a(rtimer-arch.o)
                0x000000000000ce9c                rtimer_arch_init
 .text.rtimer_arch_schedule
                0x000000000000ced0       0x22 contiki-avr-rss2.a(rtimer-arch.o)
                0x000000000000ced0                rtimer_arch_schedule
 .text.rtimer_arch_sleep
                0x000000000000cef2      0x1a6 contiki-avr-rss2.a(rtimer-arch.o)
                0x000000000000cef2                rtimer_arch_sleep
 .text.stimer_set
                0x000000000000d098       0x20 contiki-avr-rss2.a(stimer.o)
                0x000000000000d098                stimer_set
 .text.stimer_expired
                0x000000000000d0b8       0x60 contiki-avr-rss2.a(stimer.o)
                0x000000000000d0b8                stimer_expired
 .text.compower_accumulate
                0x000000000000d118       0xd8 contiki-avr-rss2.a(compower.o)
                0x000000000000d118                compower_accumulate
 .text.compower_clear
                0x000000000000d1f0       0x14 contiki-avr-rss2.a(compower.o)
                0x000000000000d1f0                compower_clear
 .text.compower_attrconv
                0x000000000000d204       0x32 contiki-avr-rss2.a(compower.o)
                0x000000000000d204                compower_attrconv
 .text.echo_reply_input
                0x000000000000d236       0xe8 contiki-avr-rss2.a(uip-icmp6.o)
 .text.echo_request_input
                0x000000000000d31e       0xe2 contiki-avr-rss2.a(uip-icmp6.o)
 .text.uip_icmp6_input
                0x000000000000d400       0x4e contiki-avr-rss2.a(uip-icmp6.o)
                0x000000000000d400                uip_icmp6_input
 .text.uip_icmp6_register_input_handler
                0x000000000000d44e        0xa contiki-avr-rss2.a(uip-icmp6.o)
                0x000000000000d44e                uip_icmp6_register_input_handler
 .text.uip_icmp6_error_output
                0x000000000000d458      0x1cc contiki-avr-rss2.a(uip-icmp6.o)
                0x000000000000d458                uip_icmp6_error_output
 .text.uip_icmp6_send
                0x000000000000d624       0xa2 contiki-avr-rss2.a(uip-icmp6.o)
                0x000000000000d624                uip_icmp6_send
 .text.uip_icmp6_init
                0x000000000000d6c6       0x10 contiki-avr-rss2.a(uip-icmp6.o)
                0x000000000000d6c6                uip_icmp6_init
 .text.update_nbr
                0x000000000000d6d6      0x17a contiki-avr-rss2.a(rpl-nbr-policy.)
 .text.handle_periodic_timer
                0x000000000000d850        0xc contiki-avr-rss2.a(rpl-nbr-policy.)
 .text.find_removable_dis
                0x000000000000d85c       0x20 contiki-avr-rss2.a(rpl-nbr-policy.)
                0x000000000000d85c                find_removable_dis
 .text.find_removable_dio
                0x000000000000d87c       0x5a contiki-avr-rss2.a(rpl-nbr-policy.)
                0x000000000000d87c                find_removable_dio
 .text.find_removable_dao
                0x000000000000d8d6       0x50 contiki-avr-rss2.a(rpl-nbr-policy.)
                0x000000000000d8d6                find_removable_dao
 .text.rpl_nbr_policy_find_removable
                0x000000000000d926       0x2e contiki-avr-rss2.a(rpl-nbr-policy.)
                0x000000000000d926                rpl_nbr_policy_find_removable
 .text.new_dio_interval
                0x000000000000d954       0xd2 contiki-avr-rss2.a(rpl-timers.o)
 .text.handle_periodic_timer
                0x000000000000da26       0x64 contiki-avr-rss2.a(rpl-timers.o)
 .text.set_dao_lifetime_timer
                0x000000000000da8a       0xae contiki-avr-rss2.a(rpl-timers.o)
 .text.handle_unicast_dio_timer
                0x000000000000db38       0x2a contiki-avr-rss2.a(rpl-timers.o)
 .text.handle_dio_timer
                0x000000000000db62       0xbe contiki-avr-rss2.a(rpl-timers.o)
 .text.schedule_dao
                0x000000000000dc20       0xc4 contiki-avr-rss2.a(rpl-timers.o)
 .text.handle_dao_timer
                0x000000000000dce4       0x80 contiki-avr-rss2.a(rpl-timers.o)
 .text.rpl_reset_periodic_timer
                0x000000000000dd64       0x48 contiki-avr-rss2.a(rpl-timers.o)
                0x000000000000dd64                rpl_reset_periodic_timer
 .text.rpl_reset_dio_timer
                0x000000000000ddac       0x20 contiki-avr-rss2.a(rpl-timers.o)
                0x000000000000ddac                rpl_reset_dio_timer
 .text.rpl_schedule_dao
                0x000000000000ddcc        0xc contiki-avr-rss2.a(rpl-timers.o)
                0x000000000000ddcc                rpl_schedule_dao
 .text.rpl_schedule_unicast_dio_immediately
                0x000000000000ddd8       0x1e contiki-avr-rss2.a(rpl-timers.o)
                0x000000000000ddd8                rpl_schedule_unicast_dio_immediately
 .text.get_probing_delay
                0x000000000000ddf6       0x42 contiki-avr-rss2.a(rpl-timers.o)
                0x000000000000ddf6                get_probing_delay
 .text.get_probing_target
                0x000000000000de38      0x16e contiki-avr-rss2.a(rpl-timers.o)
                0x000000000000de38                get_probing_target
 .text.rpl_schedule_probing
                0x000000000000dfa6       0x30 contiki-avr-rss2.a(rpl-timers.o)
                0x000000000000dfa6                rpl_schedule_probing
 .text.handle_probing_timer
                0x000000000000dfd6       0x4c contiki-avr-rss2.a(rpl-timers.o)
 .text.reset    0x000000000000e022        0x2 contiki-avr-rss2.a(rpl-mrhof.o)
 .text.update_metric_container
                0x000000000000e024        0x6 contiki-avr-rss2.a(rpl-mrhof.o)
 .text.parent_link_metric
                0x000000000000e02a       0x16 contiki-avr-rss2.a(rpl-mrhof.o)
 .text.parent_has_usable_link
                0x000000000000e040       0x16 contiki-avr-rss2.a(rpl-mrhof.o)
 .text.best_dag
                0x000000000000e056       0x42 contiki-avr-rss2.a(rpl-mrhof.o)
 .text.parent_path_cost
                0x000000000000e098       0x58 contiki-avr-rss2.a(rpl-mrhof.o)
 .text.parent_is_acceptable
                0x000000000000e0f0       0x3c contiki-avr-rss2.a(rpl-mrhof.o)
 .text.rank_via_parent
                0x000000000000e12c       0x7a contiki-avr-rss2.a(rpl-mrhof.o)
 .text.best_parent
                0x000000000000e1a6       0xac contiki-avr-rss2.a(rpl-mrhof.o)
 .text.mac_sequence_is_duplicate
                0x000000000000e252       0x9c contiki-avr-rss2.a(mac-sequence.o)
                0x000000000000e252                mac_sequence_is_duplicate
 .text.mac_sequence_register_seqno
                0x000000000000e2ee       0x96 contiki-avr-rss2.a(mac-sequence.o)
                0x000000000000e2ee                mac_sequence_register_seqno
 .text.parse    0x000000000000e384       0xd0 contiki-avr-rss2.a(framer-802154.o)
 .text.create_frame.isra.0
                0x000000000000e454      0x158 contiki-avr-rss2.a(framer-802154.o)
 .text.create   0x000000000000e5ac        0x8 contiki-avr-rss2.a(framer-802154.o)
 .text.hdr_length
                0x000000000000e5b4        0x8 contiki-avr-rss2.a(framer-802154.o)
 .text.frame802154_get_pan_id
                0x000000000000e5bc        0xa contiki-avr-rss2.a(frame802154.o)
                0x000000000000e5bc                frame802154_get_pan_id
 .text.frame802154_has_panid
                0x000000000000e5c6       0xfc contiki-avr-rss2.a(frame802154.o)
                0x000000000000e5c6                frame802154_has_panid
 .text.field_len
                0x000000000000e6c2       0xd2 contiki-avr-rss2.a(frame802154.o)
 .text.frame802154_is_broadcast_addr
                0x000000000000e794       0x2a contiki-avr-rss2.a(frame802154.o)
                0x000000000000e794                frame802154_is_broadcast_addr
 .text.frame802154_hdrlen
                0x000000000000e7be       0x4c contiki-avr-rss2.a(frame802154.o)
                0x000000000000e7be                frame802154_hdrlen
 .text.frame802154_create_fcf
                0x000000000000e80a       0xaa contiki-avr-rss2.a(frame802154.o)
                0x000000000000e80a                frame802154_create_fcf
 .text.frame802154_create
                0x000000000000e8b4       0xee contiki-avr-rss2.a(frame802154.o)
                0x000000000000e8b4                frame802154_create
 .text.frame802154_parse_fcf
                0x000000000000e9a2       0x5c contiki-avr-rss2.a(frame802154.o)
                0x000000000000e9a2                frame802154_parse_fcf
 .text.frame802154_parse
                0x000000000000e9fe      0x1d6 contiki-avr-rss2.a(frame802154.o)
                0x000000000000e9fe                frame802154_parse
 .text.mac_call_sent_callback
                0x000000000000ebd4       0x10 contiki-avr-rss2.a(mac.o)
                0x000000000000ebd4                mac_call_sent_callback
 .text.libgcc.mul
                0x000000000000ebe4       0x20 /usr/lib/gcc/avr/5.4.0/avr6/libgcc.a(_mulsi3.o)
                0x000000000000ebe4                __mulsi3
 .text.libgcc.div
                0x000000000000ec04       0x28 /usr/lib/gcc/avr/5.4.0/avr6/libgcc.a(_udivmodhi4.o)
                0x000000000000ec04                __udivmodhi4
 .text.libgcc.div
                0x000000000000ec2c       0x28 /usr/lib/gcc/avr/5.4.0/avr6/libgcc.a(_divmodhi4.o)
                0x000000000000ec2c                __divmodhi4
                0x000000000000ec2c                _div
 .text.libgcc.div
                0x000000000000ec54       0x44 /usr/lib/gcc/avr/5.4.0/avr6/libgcc.a(_udivmodsi4.o)
                0x000000000000ec54                __udivmodsi4
 .text.libgcc.div
                0x000000000000ec98       0x2e /usr/lib/gcc/avr/5.4.0/avr6/libgcc.a(_divmodsi4.o)
                0x000000000000ec98                __divmodsi4
 .text.libgcc.div
                0x000000000000ecc6       0x10 /usr/lib/gcc/avr/5.4.0/avr6/libgcc.a(_negsi2.o)
                0x000000000000ecc6                __negsi2
 .text.libgcc   0x000000000000ecd6       0x10 /usr/lib/gcc/avr/5.4.0/avr6/libgcc.a(_tablejump2.o)
                0x000000000000ecd6                __tablejump2__
 .text.libgcc.builtins
                0x000000000000ece6        0xe /usr/lib/gcc/avr/5.4.0/avr6/libgcc.a(_bswapsi2.o)
                0x000000000000ece6                __bswapsi2
 .text.libgcc.mul
                0x000000000000ecf4       0x1e /usr/lib/gcc/avr/5.4.0/avr6/libgcc.a(_umulhisi3.o)
                0x000000000000ecf4                __umulhisi3
 .text.libgcc.mul
                0x000000000000ed12        0xe /usr/lib/gcc/avr/5.4.0/avr6/libgcc.a(_usmulhisi3.o)
                0x000000000000ed12                __usmulhisi3
                0x000000000000ed16                __usmulhisi3_tail
 .text.libgcc.mul
                0x000000000000ed20       0x16 /usr/lib/gcc/avr/5.4.0/avr6/libgcc.a(_muluhisi3.o)
                0x000000000000ed20                __muluhisi3
 .text.avr-libc
                0x000000000000ed36       0xb4 /usr/lib/gcc/avr/5.4.0/../../../avr/lib/avr6/libc.a(rand.o)
                0x000000000000edc8                rand_r
                0x000000000000edcc                rand
                0x000000000000edd4                srand
 .text.avr-libc
                0x000000000000edea       0x1a /usr/lib/gcc/avr/5.4.0/../../../avr/lib/avr6/libc.a(memcmp.o)
                0x000000000000edea                memcmp
 .text.avr-libc
                0x000000000000ee04       0x12 /usr/lib/gcc/avr/5.4.0/../../../avr/lib/avr6/libc.a(memcpy.o)
                0x000000000000ee04                memcpy
 .text.avr-libc
                0x000000000000ee16       0x24 /usr/lib/gcc/avr/5.4.0/../../../avr/lib/avr6/libc.a(memmove.o)
                0x000000000000ee16                memmove
 .text.avr-libc
                0x000000000000ee3a        0xe /usr/lib/gcc/avr/5.4.0/../../../avr/lib/avr6/libc.a(memset.o)
                0x000000000000ee3a                memset
 .text.avr-libc
                0x000000000000ee48        0xe /usr/lib/gcc/avr/5.4.0/../../../avr/lib/avr6/libc.a(strcpy.o)
                0x000000000000ee48                strcpy
 .text.avr-libc
                0x000000000000ee56       0x1c /usr/lib/gcc/avr/5.4.0/../../../avr/lib/avr6/libc.a(strncmp.o)
                0x000000000000ee56                strncmp
 .text.avr-libc
                0x000000000000ee72       0x1e /usr/lib/gcc/avr/5.4.0/../../../avr/lib/avr6/libc.a(strncpy.o)
                0x000000000000ee72                strncpy
 .text.avr-libc
                0x000000000000ee90       0x78 /usr/lib/gcc/avr/5.4.0/../../../avr/lib/avr6/libc.a(fputc.o)
                0x000000000000ee90                fputc
 .text.avr-libc
                0x000000000000ef08       0x28 /usr/lib/gcc/avr/5.4.0/../../../avr/lib/avr6/libc.a(printf.o)
                0x000000000000ef08                printf
 .text.avr-libc
                0x000000000000ef30       0x50 /usr/lib/gcc/avr/5.4.0/../../../avr/lib/avr6/libc.a(printf_p.o)
                0x000000000000ef30                printf_P
 .text.avr-libc
                0x000000000000ef80       0x60 /usr/lib/gcc/avr/5.4.0/../../../avr/lib/avr6/libc.a(puts.o)
                0x000000000000ef80                puts
 .text.avr-libc
                0x000000000000efe0       0x7a /usr/lib/gcc/avr/5.4.0/../../../avr/lib/avr6/libc.a(snprintf.o)
                0x000000000000efe0                snprintf
 .text.avr-libc
                0x000000000000f05a      0x414 /usr/lib/gcc/avr/5.4.0/../../../avr/lib/avr6/libc.a(vfprintf_std.o)
                0x000000000000f05a                vfprintf
 .text.avr-libc
                0x000000000000f46e       0x16 /usr/lib/gcc/avr/5.4.0/../../../avr/lib/avr6/libc.a(strnlen_P.o)
                0x000000000000f46e                strnlen_P
 .text.avr-libc
                0x000000000000f484       0x16 /usr/lib/gcc/avr/5.4.0/../../../avr/lib/avr6/libc.a(strnlen.o)
                0x000000000000f484                strnlen
 .text.avr-libc
                0x000000000000f49a       0xbc /usr/lib/gcc/avr/5.4.0/../../../avr/lib/avr6/libc.a(ultoa_invert.o)
                0x000000000000f49a                __ultoa_invert
 .text.avr-libc
                0x000000000000f556       0x20 /usr/lib/gcc/avr/5.4.0/../../../avr/lib/avr6/libatmega256rfr2.a(eerd_block.o)
                0x000000000000f556                eeprom_read_block
                0x000000000000f55a                eeprom_read_blraw
 .text.avr-libc
                0x000000000000f576       0x10 /usr/lib/gcc/avr/5.4.0/../../../avr/lib/avr6/libatmega256rfr2.a(eerd_byte.o)
                0x000000000000f576                eeprom_read_byte
 .text.avr-libc
                0x000000000000f586        0xc /usr/lib/gcc/avr/5.4.0/../../../avr/lib/avr6/libatmega256rfr2.a(eerd_word.o)
                0x000000000000f586                eeprom_read_word
 .text.avr-libc
                0x000000000000f592       0x14 /usr/lib/gcc/avr/5.4.0/../../../avr/lib/avr6/libatmega256rfr2.a(eewr_block.o)
                0x000000000000f592                eeprom_write_block
 .text.avr-libc
                0x000000000000f5a6       0x1c /usr/lib/gcc/avr/5.4.0/../../../avr/lib/avr6/libatmega256rfr2.a(eewr_byte.o)
                0x000000000000f5a6                eeprom_write_byte
                0x000000000000f5a8                eeprom_write_r18
 .text.avr-libc
                0x000000000000f5c2        0xa /usr/lib/gcc/avr/5.4.0/../../../avr/lib/avr6/libatmega256rfr2.a(eewr_word.o)
                0x000000000000f5c2                eeprom_write_word
 .text.libgcc.mul
                0x000000000000f5cc       0x10 /usr/lib/gcc/avr/5.4.0/avr6/libgcc.a(_mulshisi3.o)
                0x000000000000f5cc                __mulshisi3
                0x000000000000f5d2                __mulohisi3
                0x000000000000f5dc                . = ALIGN (0x2)
 *(.fini9)
 .fini9         0x000000000000f5dc        0x0 /usr/lib/gcc/avr/5.4.0/avr6/libgcc.a(_exit.o)
                0x000000000000f5dc                exit
                0x000000000000f5dc                _exit
 *(.fini9)
 *(.fini8)
 *(.fini8)
 *(.fini7)
 *(.fini7)
 *(.fini6)
 *(.fini6)
 *(.fini5)
 *(.fini5)
 *(.fini4)
 *(.fini4)
 *(.fini3)
 *(.fini3)
 *(.fini2)
 *(.fini2)
 *(.fini1)
 *(.fini1)
 *(.fini0)
 .fini0         0x000000000000f5dc        0x4 /usr/lib/gcc/avr/5.4.0/avr6/libgcc.a(_exit.o)
 *(.fini0)
                0x000000000000f5e0                _etext = .

.data           0x0000000000800200      0x484 load address 0x000000000000f5e0
                0x0000000000800200                PROVIDE (__data_start, .)
 *(.data)
 .data          0x0000000000800200        0x4 /usr/lib/gcc/avr/5.4.0/../../../avr/lib/avr6/libc.a(rand.o)
 *(.data*)
 .data.webserver_nogui_process
                0x0000000000800204        0xa border-router.co
                0x0000000000800204                webserver_nogui_process
 .data.border_router_process
                0x000000000080020e        0xa border-router.co
                0x000000000080020e                border_router_process
 .data.conns    0x0000000000800218        0x8 obj_avr-rss2/httpd-simple.o
 .data.slip_stdout
                0x0000000000800220        0xe contiki-avr-rss2.a(slip_uart0.o)
 .data.slip_process
                0x000000000080022e        0xa contiki-avr-rss2.a(slip.o)
                0x000000000080022e                slip_process
 .data.rs232_stdout
                0x0000000000800238        0xe contiki-avr-rss2.a(rs232.o)
 .data.rpc      0x0000000000800246        0x1 contiki-avr-rss2.a(rf230bb.o)
 .data.rf230_process
                0x0000000000800247        0xa contiki-avr-rss2.a(rf230bb.o)
                0x0000000000800247                rf230_process
 .data.ctimer_process
                0x0000000000800251        0xa contiki-avr-rss2.a(ctimer.o)
                0x0000000000800251                ctimer_process
 .data.etimer_process
                0x000000000080025b        0xa contiki-avr-rss2.a(etimer.o)
                0x000000000080025b                etimer_process
 .data.serial_line_process
                0x0000000000800265        0xa contiki-avr-rss2.a(serial-line.o)
                0x0000000000800265                serial_line_process
 .data.defaultroutermemb
                0x000000000080026f        0x8 contiki-avr-rss2.a(uip-ds6-route.o)
 .data.routememb
                0x0000000000800277        0x8 contiki-avr-rss2.a(uip-ds6-route.o)
 .data.neighborroutememb
                0x000000000080027f        0x8 contiki-avr-rss2.a(uip-ds6-route.o)
 .data.nbr_routes
                0x0000000000800287        0x2 contiki-avr-rss2.a(uip-ds6-route.o)
                0x0000000000800287                nbr_routes
 .data.nbr_routes_struct
                0x0000000000800289        0x8 contiki-avr-rss2.a(uip-ds6-route.o)
 .data.ds6_neighbors
                0x0000000000800291        0x2 contiki-avr-rss2.a(uip-ds6-nbr.o)
                0x0000000000800291                ds6_neighbors
 .data.ds6_neighbors_struct
                0x0000000000800293        0x8 contiki-avr-rss2.a(uip-ds6-nbr.o)
 .data.ns_input_handler
                0x000000000080029b        0x6 contiki-avr-rss2.a(uip-nd6.o)
 .data.packets_memb
                0x00000000008002a1        0x8 contiki-avr-rss2.a(uip-packetqueue)
 .data.tcpip_process
                0x00000000008002a9        0xa contiki-avr-rss2.a(tcpip.o)
                0x00000000008002a9                tcpip_process
 .data.dao_ack_handler
                0x00000000008002b3        0x6 contiki-avr-rss2.a(rpl-icmp6.o)
 .data.dao_handler
                0x00000000008002b9        0x6 contiki-avr-rss2.a(rpl-icmp6.o)
 .data.dio_handler
                0x00000000008002bf        0x6 contiki-avr-rss2.a(rpl-icmp6.o)
 .data.dis_handler
                0x00000000008002c5        0x6 contiki-avr-rss2.a(rpl-icmp6.o)
 .data.dao_sequence
                0x00000000008002cb        0x1 contiki-avr-rss2.a(rpl-icmp6.o)
 .data.rpl_parents
                0x00000000008002cc        0x2 contiki-avr-rss2.a(rpl-dag.o)
                0x00000000008002cc                rpl_parents
 .data.rpl_parents_struct
                0x00000000008002ce        0x8 contiki-avr-rss2.a(rpl-dag.o)
 .data.metadata_memb
                0x00000000008002d6        0x8 contiki-avr-rss2.a(csma.o)
 .data.packet_memb
                0x00000000008002de        0x8 contiki-avr-rss2.a(csma.o)
 .data.neighbor_memb
                0x00000000008002e6        0x8 contiki-avr-rss2.a(csma.o)
 .data.buframmem
                0x00000000008002ee        0x8 contiki-avr-rss2.a(queuebuf.o)
 .data.bufmem   0x00000000008002f6        0x8 contiki-avr-rss2.a(queuebuf.o)
 .data.neighbor_addr_mem