Archive member included to satisfy reference by file (symbol)

contiki-avr-rss2.a(powertrace.o)
                              wimea-ict-rss2.co (powertrace_print1)
contiki-avr-rss2.a(contiki-main.o)
                              wimea-ict-rss2.co (rf230_driver)
contiki-avr-rss2.a(params.o)  contiki-avr-rss2.a(contiki-main.o) (params_get_channel)
contiki-avr-rss2.a(battery-sensor.)
                              wimea-ict-rss2.co (battery_sensor)
contiki-avr-rss2.a(i2c.o)     contiki-avr-rss2.a(contiki-main.o) (i2c_init)
contiki-avr-rss2.a(leds.o)    contiki-avr-rss2.a(contiki-main.o) (leds_on)
contiki-avr-rss2.a(temp_mcu-sensor)
                              wimea-ict-rss2.co (temp_mcu_sensor)
contiki-avr-rss2.a(adc.o)     wimea-ict-rss2.co (adc_read_v_in)
contiki-avr-rss2.a(pulse-sensor.o)
                              wimea-ict-rss2.co (pulse_sensor)
contiki-avr-rss2.a(temp-sensor.o)
                              wimea-ict-rss2.co (temp_sensor)
contiki-avr-rss2.a(ds1307.o)  wimea-ict-rss2.co (DS1307_init)
contiki-avr-rss2.a(ff.o)      wimea-ict-rss2.co (f_open)
contiki-avr-rss2.a(ms5611.o)  wimea-ict-rss2.co (missing_p_value)
contiki-avr-rss2.a(mcp3424.o)
                              wimea-ict-rss2.co (missing_adc_value)
contiki-avr-rss2.a(sht25.o)   wimea-ict-rss2.co (missing_t_value)
contiki-avr-rss2.a(clock.o)   contiki-avr-rss2.a(contiki-main.o) (clock_init)
contiki-avr-rss2.a(watchdog.o)
                              contiki-avr-rss2.a(contiki-main.o) (watchdog_init)
contiki-avr-rss2.a(random.o)  contiki-avr-rss2.a(contiki-main.o) (random_init)
contiki-avr-rss2.a(rf230bb.o)
                              contiki-avr-rss2.a(clock.o) (RF230_receive_on)
contiki-avr-rss2.a(halbb.o)   contiki-avr-rss2.a(rf230bb.o) (hal_init)
contiki-avr-rss2.a(autostart.o)
                              contiki-avr-rss2.a(contiki-main.o) (autostart_start)
contiki-avr-rss2.a(ctimer.o)  contiki-avr-rss2.a(contiki-main.o) (ctimer_init)
contiki-avr-rss2.a(energest.o)
                              contiki-avr-rss2.a(contiki-main.o) (energest_init)
contiki-avr-rss2.a(etimer.o)  contiki-avr-rss2.a(clock.o) (etimer_request_poll)
contiki-avr-rss2.a(process.o)
                              wimea-ict-rss2.co (process_current)
contiki-avr-rss2.a(rtimer.o)  contiki-avr-rss2.a(contiki-main.o) (rtimer_init)
contiki-avr-rss2.a(timer.o)   contiki-avr-rss2.a(etimer.o) (timer_set)
contiki-avr-rss2.a(serial-line.o)
                              wimea-ict-rss2.co (serial_line_event_message)
contiki-avr-rss2.a(ringbuf.o)
                              contiki-avr-rss2.a(serial-line.o) (ringbuf_init)
contiki-avr-rss2.a(list.o)    contiki-avr-rss2.a(ctimer.o) (list_init)
contiki-avr-rss2.a(broadcast.o)
                              wimea-ict-rss2.co (broadcast_open)
contiki-avr-rss2.a(channel.o)
                              contiki-avr-rss2.a(broadcast.o) (channel_set_attributes)
contiki-avr-rss2.a(chameleon.o)
                              contiki-avr-rss2.a(channel.o) (chameleon_hdrsize)
contiki-avr-rss2.a(rime.o)    contiki-avr-rss2.a(contiki-main.o) (rime_driver)
contiki-avr-rss2.a(abc.o)     contiki-avr-rss2.a(broadcast.o) (abc_open)
contiki-avr-rss2.a(nullmac.o)
                              contiki-avr-rss2.a(contiki-main.o) (nullmac_driver)
contiki-avr-rss2.a(nullrdc.o)
                              contiki-avr-rss2.a(contiki-main.o) (nullrdc_driver)
contiki-avr-rss2.a(queuebuf.o)
                              contiki-avr-rss2.a(contiki-main.o) (queuebuf_init)
contiki-avr-rss2.a(packetbuf.o)
                              contiki-avr-rss2.a(rf230bb.o) (packetbuf_set_datalen)
contiki-avr-rss2.a(linkaddr.o)
                              contiki-avr-rss2.a(broadcast.o) (linkaddr_copy)
contiki-avr-rss2.a(nullsec.o)
                              contiki-avr-rss2.a(rime.o) (nullsec_driver)
contiki-avr-rss2.a(usart-ota.o)
                              contiki-avr-rss2.a(contiki-main.o) (USART_init)
contiki-avr-rss2.a(diskio.o)  contiki-avr-rss2.a(ff.o) (disk_status)
contiki-avr-rss2.a(rtimer-arch.o)
                              contiki-avr-rss2.a(rtimer.o) (rtimer_arch_init)
contiki-avr-rss2.a(memb.o)    contiki-avr-rss2.a(queuebuf.o) (memb_init)
contiki-avr-rss2.a(chameleon-bitop)
                              contiki-avr-rss2.a(chameleon.o) (chameleon_bitopt)
contiki-avr-rss2.a(broadcast-annou)
                              contiki-avr-rss2.a(rime.o) (broadcast_announcement_init)
contiki-avr-rss2.a(announcement.o)
                              contiki-avr-rss2.a(rime.o) (announcement_init)
contiki-avr-rss2.a(framer-802154.o)
                              contiki-avr-rss2.a(nullrdc.o) (framer_802154)
contiki-avr-rss2.a(frame802154.o)
                              contiki-avr-rss2.a(framer-802154.o) (frame802154_get_pan_id)
contiki-avr-rss2.a(mac.o)     contiki-avr-rss2.a(nullrdc.o) (mac_call_sent_callback)
/usr/lib/gcc/avr/5.4.0/../../../avr/lib/avr6/libprintf_flt.a(vfprintf_flt.o)
                              (vfprintf)
[...]
Memory Configuration

Name             Origin             Length             Attributes
text             0x0000000000000000 0x0000000000100000 xr
data             0x0000000000800200 0x000000000000fe00 rw !x
eeprom           0x0000000000810000 0x0000000000010000 rw !x
fuse             0x0000000000820000 0x0000000000000003 rw !x
lock             0x0000000000830000 0x0000000000000400 rw !x
signature        0x0000000000840000 0x0000000000000400 rw !x
user_signatures  0x0000000000850000 0x0000000000000400 rw !x
*default*        0x0000000000000000 0xffffffffffffffff

Linker script and memory map

Address of section .data set to 0x800200
LOAD /usr/lib/gcc/avr/5.4.0/../../../avr/lib/avr6/crtatmega256rfr2.o
Address of section .bootloader set to 0x3e000
LOAD wimea-ict-rss2.co
LOAD contiki-avr-rss2.a
LOAD /usr/lib/gcc/avr/5.4.0/../../../avr/lib/avr6/libprintf_flt.a
LOAD /usr/lib/gcc/avr/5.4.0/../../../avr/lib/avr6/libm.a
START GROUP
LOAD /usr/lib/gcc/avr/5.4.0/avr6/libgcc.a
LOAD /usr/lib/gcc/avr/5.4.0/../../../avr/lib/avr6/libm.a
LOAD /usr/lib/gcc/avr/5.4.0/../../../avr/lib/avr6/libc.a
LOAD /usr/lib/gcc/avr/5.4.0/../../../avr/lib/avr6/libatmega256rfr2.a
END GROUP
                0x0000000000000000                __TEXT_REGION_ORIGIN__ = DEFINED (__TEXT_REGION_ORIGIN__)?__TEXT_REGION_ORIGIN__:0x0
                0x0000000000800200                __DATA_REGION_ORIGIN__ = DEFINED (__DATA_REGION_ORIGIN__)?__DATA_REGION_ORIGIN__:0x800200
                0x0000000000100000                __TEXT_REGION_LENGTH__ = DEFINED (__TEXT_REGION_LENGTH__)?__TEXT_REGION_LENGTH__:0x100000
                0x000000000000fe00                __DATA_REGION_LENGTH__ = DEFINED (__DATA_REGION_LENGTH__)?__DATA_REGION_LENGTH__:0xfe00
                0x0000000000010000                __EEPROM_REGION_LENGTH__ = DEFINED (__EEPROM_REGION_LENGTH__)?__EEPROM_REGION_LENGTH__:0x10000
                [0x0000000000000003]                __FUSE_REGION_LENGTH__ = DEFINED (__FUSE_REGION_LENGTH__)?__FUSE_REGION_LENGTH__:0x400
                0x0000000000000400                __LOCK_REGION_LENGTH__ = DEFINED (__LOCK_REGION_LENGTH__)?__LOCK_REGION_LENGTH__:0x400
                0x0000000000000400                __SIGNATURE_REGION_LENGTH__ = DEFINED (__SIGNATURE_REGION_LENGTH__)?__SIGNATURE_REGION_LENGTH__:0x400
                0x0000000000000400                __USER_SIGNATURE_REGION_LENGTH__ = DEFINED (__USER_SIGNATURE_REGION_LENGTH__)?__USER_SIGNATURE_REGION_LENGTH__:0x400

.hash
 *(.hash)

.dynsym
 *(.dynsym)

.dynstr
 *(.dynstr)

.gnu.version
 *(.gnu.version)

.gnu.version_d
 *(.gnu.version_d)

.gnu.version_r
 *(.gnu.version_r)

.rel.init
 *(.rel.init)

.rela.init
 *(.rela.init)

.rel.text
 *(.rel.text)
 *(.rel.text.*)
 *(.rel.gnu.linkonce.t*)

.rela.text
 *(.rela.text)
 *(.rela.text.*)
 *(.rela.gnu.linkonce.t*)

.rel.fini
 *(.rel.fini)

.rela.fini
 *(.rela.fini)

.rel.rodata
 *(.rel.rodata)
 *(.rel.rodata.*)
 *(.rel.gnu.linkonce.r*)

.rela.rodata
 *(.rela.rodata)
 *(.rela.rodata.*)
 *(.rela.gnu.linkonce.r*)

.rel.data
 *(.rel.data)
 *(.rel.data.*)
 *(.rel.gnu.linkonce.d*)

.rela.data
 *(.rela.data)
 *(.rela.data.*)
 *(.rela.gnu.linkonce.d*)

.rel.ctors
 *(.rel.ctors)

.rela.ctors
 *(.rela.ctors)

.rel.dtors
 *(.rel.dtors)

.rela.dtors
 *(.rela.dtors)

.rel.got
 *(.rel.got)

.rela.got
 *(.rela.got)

.rel.bss
 *(.rel.bss)

.rela.bss
 *(.rela.bss)

.rel.plt
 *(.rel.plt)

.rela.plt
 *(.rela.plt)

.text           0x0000000000000000     0xd3a0
 *(.vectors)
 .vectors       0x0000000000000000      0x134 /usr/lib/gcc/avr/5.4.0/../../../avr/lib/avr6/crtatmega256rfr2.o
                0x0000000000000000                __vectors
                0x0000000000000000                __vector_default
 *(.vectors)
 *(.progmem.gcc*)
 .progmem.gcc_sw_table.set_value
                0x0000000000000134       0x10 contiki-avr-rss2.a(rf230bb.o)
 .progmem.gcc_sw_table.get_value
                0x0000000000000144       0x22 contiki-avr-rss2.a(rf230bb.o)
                0x0000000000000166                . = ALIGN (0x2)
                0x0000000000000166                __trampolines_start = .
 *(.trampolines)
 .trampolines   0x0000000000000166      0x1ac linker stubs
 *(.trampolines*)
                0x0000000000000312                __trampolines_end = .
 *libprintf_flt.a:*(.progmem.data)
 .progmem.data  0x0000000000000312        0x8 /usr/lib/gcc/avr/5.4.0/../../../avr/lib/avr6/libprintf_flt.a(vfprintf_flt.o)
 *libc.a:*(.progmem.data)
 .progmem.data  0x000000000000031a       0xfa /usr/lib/gcc/avr/5.4.0/../../../avr/lib/avr6/libc.a(ftoa_engine.o)
 *(.progmem*)
 .progmem.data.__c.4498
                0x0000000000000414       0x1d contiki-avr-rss2.a(contiki-main.o)
 .progmem.data.__c.4491
                0x0000000000000431        0x9 contiki-avr-rss2.a(contiki-main.o)
 .progmem.data.__c.4489
                0x000000000000043a       0x12 contiki-avr-rss2.a(contiki-main.o)
 .progmem.data.__c.4487
                0x000000000000044c       0x56 contiki-avr-rss2.a(contiki-main.o)
 .progmem.data.__c.4485
                0x00000000000004a2        0x2 contiki-avr-rss2.a(contiki-main.o)
 .progmem.data.__c.4480
                0x00000000000004a4        0x5 contiki-avr-rss2.a(contiki-main.o)
 .progmem.data.__c.4477
                0x00000000000004a9        0xd contiki-avr-rss2.a(contiki-main.o)
 .progmem.data.__c.4473
                0x00000000000004b6       0x3d contiki-avr-rss2.a(contiki-main.o)
 .progmem.data.__c.4247
                0x00000000000004f3       0x2d contiki-avr-rss2.a(params.o)
 .progmem.data.default_domain_name
                0x0000000000000520        0xa contiki-avr-rss2.a(params.o)
                0x0000000000000520                default_domain_name
 .progmem.data.default_server_name
                0x000000000000052a        0xe contiki-avr-rss2.a(params.o)
                0x000000000000052a                default_server_name
 .progmem.data.default_mac_address
                0x0000000000000538        0x8 contiki-avr-rss2.a(params.o)
                0x0000000000000538                default_mac_address
                0x0000000000000540                . = ALIGN (0x2)
 *(.jumptables)
 *(.jumptables*)
 *(.lowtext)
 *(.lowtext*)
                0x0000000000000540                __ctors_start = .
 *(.ctors)
                0x0000000000000540                __ctors_end = .
                0x0000000000000540                __dtors_start = .
 *(.dtors)
                0x0000000000000540                __dtors_end = .
 SORT(*)(.ctors)
 SORT(*)(.dtors)
 *(.init0)
 .init0         0x0000000000000540        0x0 /usr/lib/gcc/avr/5.4.0/../../../avr/lib/avr6/crtatmega256rfr2.o
                0x0000000000000540                __init
 *(.init0)
 *(.init1)
 *(.init1)
 *(.init2)
 .init2         0x0000000000000540       0x10 /usr/lib/gcc/avr/5.4.0/../../../avr/lib/avr6/crtatmega256rfr2.o
 *(.init2)
 *(.init3)
 *(.init3)
 *(.init4)
 .init4         0x0000000000000550       0x1a /usr/lib/gcc/avr/5.4.0/avr6/libgcc.a(_copy_data.o)
                0x0000000000000550                __do_copy_data
 .init4         0x000000000000056a       0x10 /usr/lib/gcc/avr/5.4.0/avr6/libgcc.a(_clear_bss.o)
                0x000000000000056a                __do_clear_bss
 *(.init4)
 *(.init5)
 *(.init5)
 *(.init6)
 *(.init6)
 *(.init7)
 *(.init7)
 *(.init8)
 *(.init8)
 *(.init9)
 .init9         0x000000000000057a        0x8 /usr/lib/gcc/avr/5.4.0/../../../avr/lib/avr6/crtatmega256rfr2.o
 *(.init9)
 *(.text)
 .text          0x0000000000000582        0x4 /usr/lib/gcc/avr/5.4.0/../../../avr/lib/avr6/crtatmega256rfr2.o
                0x0000000000000582                __vector_38
                0x0000000000000582                __vector_22
                0x0000000000000582                __vector_28
                0x0000000000000582                __vector_67
                0x0000000000000582                __vector_1
                0x0000000000000582                __vector_75
                0x0000000000000582                __vector_71
                0x0000000000000582                __vector_34
                0x0000000000000582                __vector_24
                0x0000000000000582                __vector_12
                0x0000000000000582                __vector_55
                0x0000000000000582                __vector_69
                0x0000000000000582                __vector_46
                0x0000000000000582                __bad_interrupt
                0x0000000000000582                __vector_72
                0x0000000000000582                __vector_6
                0x0000000000000582                __vector_31
                0x0000000000000582                __vector_35
                0x0000000000000582                __vector_74
                0x0000000000000582                __vector_39
                0x0000000000000582                __vector_23
                0x0000000000000582                __vector_68
                0x0000000000000582                __vector_30
                0x0000000000000582                __vector_73
                0x0000000000000582                __vector_45
                0x0000000000000582                __vector_11
                0x0000000000000582                __vector_54
                0x0000000000000582                __vector_17
                0x0000000000000582                __vector_19
                0x0000000000000582                __vector_56
                0x0000000000000582                __vector_7
                0x0000000000000582                __vector_49
                0x0000000000000582                __vector_41
                0x0000000000000582                __vector_43
                0x0000000000000582                __vector_27
                0x0000000000000582                __vector_5
                0x0000000000000582                __vector_33
                0x0000000000000582                __vector_76
                0x0000000000000582                __vector_47
                0x0000000000000582                __vector_52
                0x0000000000000582                __vector_37
                0x0000000000000582                __vector_44
                0x0000000000000582                __vector_51
                0x0000000000000582                __vector_9
                0x0000000000000582                __vector_2
                0x0000000000000582                __vector_21
                0x0000000000000582                __vector_15
                0x0000000000000582                __vector_66
                0x0000000000000582                __vector_36
                0x0000000000000582                __vector_70
                0x0000000000000582                __vector_29
                0x0000000000000582                __vector_40
                0x0000000000000582                __vector_8
                0x0000000000000582                __vector_26
                0x0000000000000582                __vector_48
                0x0000000000000582                __vector_14
                0x0000000000000582                __vector_53
                0x0000000000000582                __vector_10
                0x0000000000000582                __vector_50
                0x0000000000000582                __vector_16
                0x0000000000000582                __vector_18
                0x0000000000000582                __vector_20
                0x0000000000000582                __vector_42
                0x0000000000000582                __vector_65
                0x0000000000000586                . = ALIGN (0x2)
 *(.text.*)
 .text.process_thread_buffer_process
                0x0000000000000586        0xa wimea-ict-rss2.co
 .text.process_thread_broadcast_data_process
                0x0000000000000590      0x1f2 wimea-ict-rss2.co
 .text.broadcast_recv
                0x0000000000000782       0x98 wimea-ict-rss2.co
 .text.process_thread_mcu_sleep_process
                0x000000000000081a       0x7a wimea-ict-rss2.co
 .text.process_thread_powertrace_process
                0x0000000000000894      0x390 wimea-ict-rss2.co
 .text.process_thread_windspeed_process
                0x0000000000000c24      0x188 wimea-ict-rss2.co
 .text.return_alias.part.0
                0x0000000000000dac       0x1a wimea-ict-rss2.co
 .text.get_fattime
                0x0000000000000dc6      0x142 wimea-ict-rss2.co
                0x0000000000000dc6                get_fattime
 .text.print_help_command_menu
                0x0000000000000f08      0x116 wimea-ict-rss2.co
                0x0000000000000f08                print_help_command_menu
 .text.display_reporting_interval
                0x000000000000101e       0xac wimea-ict-rss2.co
                0x000000000000101e                display_reporting_interval
 .text.display_powertrace_interval
                0x00000000000010ca       0x26 wimea-ict-rss2.co
                0x00000000000010ca                display_powertrace_interval
 .text.change_powertrace_interval
                0x00000000000010f0       0x56 wimea-ict-rss2.co
                0x00000000000010f0                change_powertrace_interval
 .text.show_report_interval
                0x0000000000001146       0x98 wimea-ict-rss2.co
                0x0000000000001146                show_report_interval
 .text.change_reporting_interval
                0x00000000000011de       0xb8 wimea-ict-rss2.co
                0x00000000000011de                change_reporting_interval
 .text.display_system_uptime
                0x0000000000001296       0xb8 wimea-ict-rss2.co
                0x0000000000001296                display_system_uptime
 .text.change_node_name
                0x000000000000134e       0x76 wimea-ict-rss2.co
                0x000000000000134e                change_node_name
 .text.display_node_name
                0x00000000000013c4       0x74 wimea-ict-rss2.co
                0x00000000000013c4                display_node_name
 .text.return_time
                0x0000000000001438       0x7c wimea-ict-rss2.co
                0x0000000000001438                return_time
 .text.return_date
                0x00000000000014b4       0x7c wimea-ict-rss2.co
                0x00000000000014b4                return_date
 .text.set_datetime
                0x0000000000001530      0x186 wimea-ict-rss2.co
                0x0000000000001530                set_datetime
 .text.set_default_report0mask
                0x00000000000016b6       0x16 wimea-ict-rss2.co
                0x00000000000016b6                set_default_report0mask
 .text.set_default_report1mask
                0x00000000000016cc       0x16 wimea-ict-rss2.co
                0x00000000000016cc                set_default_report1mask
 .text.set_default_report2mask
                0x00000000000016e2       0x16 wimea-ict-rss2.co
                0x00000000000016e2                set_default_report2mask
 .text.set_default_report3mask
                0x00000000000016f8       0x16 wimea-ict-rss2.co
                0x00000000000016f8                set_default_report3mask
 .text.process_thread_default_config_process
                0x000000000000170e      0x338 wimea-ict-rss2.co
 .text.display_tagmask
                0x0000000000001a46       0xf4 wimea-ict-rss2.co
                0x0000000000001a46                display_tagmask
 .text.trim     0x0000000000001b3a       0x5e wimea-ict-rss2.co
                0x0000000000001b3a                trim
 .text.set_alias
                0x0000000000001b98       0x56 wimea-ict-rss2.co
                0x0000000000001b98                set_alias
 .text.return_alias
                0x0000000000001bee       0x22 wimea-ict-rss2.co
                0x0000000000001bee                return_alias
 .text.display_system_information
                0x0000000000001c10      0x180 wimea-ict-rss2.co
                0x0000000000001c10                display_system_information
 .text.change_alias
                0x0000000000001d90       0xfc wimea-ict-rss2.co
                0x0000000000001d90                change_alias
 .text.auto_set_report_mask
                0x0000000000001e8c      0x4a0 wimea-ict-rss2.co
                0x0000000000001e8c                auto_set_report_mask
 .text.removefromreportmask
                0x000000000000232c      0x32a wimea-ict-rss2.co
                0x000000000000232c                removefromreportmask
 .text.add2reportmask
                0x0000000000002656      0x2d6 wimea-ict-rss2.co
                0x0000000000002656                add2reportmask
 .text.process_thread_serial_input_process
                0x000000000000292c      0x4d8 wimea-ict-rss2.co
 .text.error_log
                0x0000000000002e04       0x58 wimea-ict-rss2.co
                0x0000000000002e04                error_log
 .text.read_sensor_values_report0
                0x0000000000002e5c      0xb66 wimea-ict-rss2.co
                0x0000000000002e5c                read_sensor_values_report0
 .text.read_sensor_values_report2
                0x00000000000039c2      0x836 wimea-ict-rss2.co
                0x00000000000039c2                read_sensor_values_report2
 .text.read_sensor_values_report3
                0x00000000000041f8      0x866 wimea-ict-rss2.co
                0x00000000000041f8                read_sensor_values_report3
 .text.check_sensor_connection
                0x0000000000004a5e      0x2ee wimea-ict-rss2.co
                0x0000000000004a5e                check_sensor_connection
 .text.process_thread_sensor_data_process_report0
                0x0000000000004d4c      0x226 wimea-ict-rss2.co
 .text.process_thread_sensor_data_process_report1
                0x0000000000004f72       0xec wimea-ict-rss2.co
 .text.process_thread_sensor_data_process_report2
                0x000000000000505e      0x13a wimea-ict-rss2.co
 .text.process_thread_sensor_data_process_report3
                0x0000000000005198      0x144 wimea-ict-rss2.co
 .text.powertrace_print1
                0x00000000000052dc      0x2ac contiki-avr-rss2.a(powertrace.o)
                0x00000000000052dc                powertrace_print1
 .text.rng_get_uint8
                0x0000000000005588       0x2c contiki-avr-rss2.a(contiki-main.o)
                0x0000000000005588                rng_get_uint8
 .text.print_mcusr
                0x00000000000055b4       0x56 contiki-avr-rss2.a(contiki-main.o)
                0x00000000000055b4                print_mcusr
 .text.initialize
                0x000000000000560a      0x2bc contiki-avr-rss2.a(contiki-main.o)
                0x000000000000560a                initialize
 .text.startup.main
                0x00000000000058c6       0xd6 contiki-avr-rss2.a(contiki-main.o)
                0x00000000000058c6                main
 .text.params_get_channel
                0x000000000000599c      0x11c contiki-avr-rss2.a(params.o)
                0x000000000000599c                params_get_channel
 .text.params_get_panid
                0x0000000000005ab8        0x8 contiki-avr-rss2.a(params.o)
                0x0000000000005ab8                params_get_panid
 .text.params_get_panaddr
                0x0000000000005ac0        0x8 contiki-avr-rss2.a(params.o)
                0x0000000000005ac0                params_get_panaddr
 .text.params_get_txpower
                0x0000000000005ac8        0x8 contiki-avr-rss2.a(params.o)
                0x0000000000005ac8                params_get_txpower
 .text.value    0x0000000000005ad0       0x3a contiki-avr-rss2.a(battery-sensor.)
 .text.configure
                0x0000000000005b0a        0x6 contiki-avr-rss2.a(battery-sensor.)
 .text.status   0x0000000000005b10        0x6 contiki-avr-rss2.a(battery-sensor.)
 .text.i2c_init
                0x0000000000005b16       0x2c contiki-avr-rss2.a(i2c.o)
                0x0000000000005b16                i2c_init
 .text.i2c_start
                0x0000000000005b42       0x68 contiki-avr-rss2.a(i2c.o)
                0x0000000000005b42                i2c_start
 .text.i2c_start_wait
                0x0000000000005baa       0x4e contiki-avr-rss2.a(i2c.o)
                0x0000000000005baa                i2c_start_wait
 .text.i2c_stop
                0x0000000000005bf8       0x10 contiki-avr-rss2.a(i2c.o)
                0x0000000000005bf8                i2c_stop
 .text.i2c_write1
                0x0000000000005c08       0x22 contiki-avr-rss2.a(i2c.o)
                0x0000000000005c08                i2c_write1
 .text.i2c_send
                0x0000000000005c2a       0x1a contiki-avr-rss2.a(i2c.o)
                0x0000000000005c2a                i2c_send
 .text.i2c_write
                0x0000000000005c44       0x14 contiki-avr-rss2.a(i2c.o)
                0x0000000000005c44                i2c_write
 .text.i2c_write_mem
                0x0000000000005c58       0x20 contiki-avr-rss2.a(i2c.o)
                0x0000000000005c58                i2c_write_mem
 .text.i2c_readAck
                0x0000000000005c78       0x14 contiki-avr-rss2.a(i2c.o)
                0x0000000000005c78                i2c_readAck
 .text.i2c_readNak
                0x0000000000005c8c       0x14 contiki-avr-rss2.a(i2c.o)
                0x0000000000005c8c                i2c_readNak
 .text.i2c_read_mem
                0x0000000000005ca0       0x74 contiki-avr-rss2.a(i2c.o)
                0x0000000000005ca0                i2c_read_mem
 .text.i2c_at24mac_read
                0x0000000000005d14       0x16 contiki-avr-rss2.a(i2c.o)
                0x0000000000005d14                i2c_at24mac_read
 .text.i2c_probe
                0x0000000000005d2a       0x74 contiki-avr-rss2.a(i2c.o)
                0x0000000000005d2a                i2c_probe
 .text.leds_on  0x0000000000005d9e        0xa contiki-avr-rss2.a(leds.o)
                0x0000000000005d9e                leds_on
 .text.leds_off
                0x0000000000005da8        0xa contiki-avr-rss2.a(leds.o)
                0x0000000000005da8                leds_off
 .text.leds_init
                0x0000000000005db2        0xa contiki-avr-rss2.a(leds.o)
                0x0000000000005db2                leds_init
 .text.value    0x0000000000005dbc       0x9a contiki-avr-rss2.a(temp_mcu-sensor)
 .text.configure
                0x0000000000005e56        0x6 contiki-avr-rss2.a(temp_mcu-sensor)
 .text.status   0x0000000000005e5c        0x6 contiki-avr-rss2.a(temp_mcu-sensor)
 .text.adc_read
                0x0000000000005e62       0x96 contiki-avr-rss2.a(adc.o)
                0x0000000000005e62                adc_read
 .text.adc_read_v_in
                0x0000000000005ef8       0x2a contiki-avr-rss2.a(adc.o)
                0x0000000000005ef8                adc_read_v_in
 .text.adc_read_a1
                0x0000000000005f22       0x1e contiki-avr-rss2.a(adc.o)
                0x0000000000005f22                adc_read_a1
 .text.adc_read_a2
                0x0000000000005f40       0x1e contiki-avr-rss2.a(adc.o)
                0x0000000000005f40                adc_read_a2
 .text.status   0x0000000000005f5e        0x6 contiki-avr-rss2.a(pulse-sensor.o)
 .text.value    0x0000000000005f64       0x30 contiki-avr-rss2.a(pulse-sensor.o)
 .text.configure
                0x0000000000005f94       0x2e contiki-avr-rss2.a(pulse-sensor.o)
 .text.__vector_3
                0x0000000000005fc2       0x40 contiki-avr-rss2.a(pulse-sensor.o)
                0x0000000000005fc2                __vector_3
 .text.__vector_4
                0x0000000000006002       0x2a contiki-avr-rss2.a(pulse-sensor.o)
                0x0000000000006002                __vector_4
 .text.status   0x000000000000602c        0x6 contiki-avr-rss2.a(temp-sensor.o)
 .text.ds18b20_probe
                0x0000000000006032       0x30 contiki-avr-rss2.a(temp-sensor.o)
                0x0000000000006032                ds18b20_probe
 .text.configure
                0x0000000000006062        0xa contiki-avr-rss2.a(temp-sensor.o)
 .text.write_bit
                0x000000000000606c       0x2e contiki-avr-rss2.a(temp-sensor.o)
                0x000000000000606c                write_bit
 .text.read_bit
                0x000000000000609a       0x3a contiki-avr-rss2.a(temp-sensor.o)
                0x000000000000609a                read_bit
 .text.read_byte
                0x00000000000060d4       0x2e contiki-avr-rss2.a(temp-sensor.o)
                0x00000000000060d4                read_byte
 .text.write_byte
                0x0000000000006102       0x36 contiki-avr-rss2.a(temp-sensor.o)
                0x0000000000006102                write_byte
 .text.crc8_ds18b20
                0x0000000000006138       0x2e contiki-avr-rss2.a(temp-sensor.o)
                0x0000000000006138                crc8_ds18b20
 .text.ds18b20_get_temp
                0x0000000000006166       0xe2 contiki-avr-rss2.a(temp-sensor.o)
                0x0000000000006166                ds18b20_get_temp
 .text.value    0x0000000000006248       0x46 contiki-avr-rss2.a(temp-sensor.o)
 .text.status   0x000000000000628e        0x6 contiki-avr-rss2.a(ds1307.o)
 .text.DS1307_init
                0x0000000000006294       0x28 contiki-avr-rss2.a(ds1307.o)
                0x0000000000006294                DS1307_init
 .text.bcd_to_dec
                0x00000000000062bc       0x12 contiki-avr-rss2.a(ds1307.o)
                0x00000000000062bc                bcd_to_dec
 .text.dec_to_bcd
                0x00000000000062ce       0x12 contiki-avr-rss2.a(ds1307.o)
                0x00000000000062ce                dec_to_bcd
 .text.set_seconds
                0x00000000000062e0        0xe contiki-avr-rss2.a(ds1307.o)
                0x00000000000062e0                set_seconds
 .text.set_minutes
                0x00000000000062ee        0xe contiki-avr-rss2.a(ds1307.o)
                0x00000000000062ee                set_minutes
 .text.set_hours
                0x00000000000062fc        0xe contiki-avr-rss2.a(ds1307.o)
                0x00000000000062fc                set_hours
 .text.set_day  0x000000000000630a        0xe contiki-avr-rss2.a(ds1307.o)
                0x000000000000630a                set_day
 .text.set_month
                0x0000000000006318        0xe contiki-avr-rss2.a(ds1307.o)
                0x0000000000006318                set_month
 .text.set_year
                0x0000000000006326        0xe contiki-avr-rss2.a(ds1307.o)
                0x0000000000006326                set_year
 .text.configure
                0x0000000000006334       0x4e contiki-avr-rss2.a(ds1307.o)
 .text.get_seconds
                0x0000000000006382       0x26 contiki-avr-rss2.a(ds1307.o)
                0x0000000000006382                get_seconds
 .text.get_minutes
                0x00000000000063a8       0x26 contiki-avr-rss2.a(ds1307.o)
                0x00000000000063a8                get_minutes
 .text.get_hours
                0x00000000000063ce       0x26 contiki-avr-rss2.a(ds1307.o)
                0x00000000000063ce                get_hours
 .text.get_day  0x00000000000063f4       0x26 contiki-avr-rss2.a(ds1307.o)
                0x00000000000063f4                get_day
 .text.get_month
                0x000000000000641a       0x26 contiki-avr-rss2.a(ds1307.o)
                0x000000000000641a                get_month
 .text.get_year
                0x0000000000006440       0x2e contiki-avr-rss2.a(ds1307.o)
                0x0000000000006440                get_year
 .text.value    0x000000000000646e       0x48 contiki-avr-rss2.a(ds1307.o)
 .text.mem_cpy  0x00000000000064b6       0x3e contiki-avr-rss2.a(ff.o)
 .text.check_fs
                0x00000000000064f4       0x74 contiki-avr-rss2.a(ff.o)
 .text.chk_mounted
                0x0000000000006568      0x540 contiki-avr-rss2.a(ff.o)
 .text.sync_window.part.3
                0x0000000000006aa8       0xbc contiki-avr-rss2.a(ff.o)
 .text.sync_window
                0x0000000000006b64       0x10 contiki-avr-rss2.a(ff.o)
 .text.move_window
                0x0000000000006b74       0x78 contiki-avr-rss2.a(ff.o)
 .text.clust2sect
                0x0000000000006bec       0x50 contiki-avr-rss2.a(ff.o)
                0x0000000000006bec                clust2sect
 .text.get_fat  0x0000000000006c3c      0x19e contiki-avr-rss2.a(ff.o)
                0x0000000000006c3c                get_fat
 .text.dir_sdi  0x0000000000006dda      0x156 contiki-avr-rss2.a(ff.o)
 .text.put_fat  0x0000000000006f30      0x246 contiki-avr-rss2.a(ff.o)
                0x0000000000006f30                put_fat
 .text.create_chain
                0x0000000000007176      0x19e contiki-avr-rss2.a(ff.o)
 .text.dir_next
                0x0000000000007314      0x208 contiki-avr-rss2.a(ff.o)
 .text.follow_path
                0x000000000000751c      0x25a contiki-avr-rss2.a(ff.o)
 .text.dir_alloc.part.8.constprop.15
                0x0000000000007776       0x3c contiki-avr-rss2.a(ff.o)
 .text.dir_register
                0x00000000000077b2       0x70 contiki-avr-rss2.a(ff.o)
 .text.remove_chain
                0x0000000000007822       0xea contiki-avr-rss2.a(ff.o)
 .text.f_open   0x000000000000790c      0x266 contiki-avr-rss2.a(ff.o)
                0x000000000000790c                f_open
 .text.status   0x0000000000007b72        0x6 contiki-avr-rss2.a(ms5611.o)
 .text.configure
                0x0000000000007b78        0x6 contiki-avr-rss2.a(ms5611.o)
 .text.cmd_reset
                0x0000000000007b7e       0x14 contiki-avr-rss2.a(ms5611.o)
                0x0000000000007b7e                cmd_reset
 .text.cmd_adc  0x0000000000007b92       0xd6 contiki-avr-rss2.a(ms5611.o)
                0x0000000000007b92                cmd_adc
 .text.cmd_prom
                0x0000000000007c68       0x40 contiki-avr-rss2.a(ms5611.o)
                0x0000000000007c68                cmd_prom
 .text.crc4     0x0000000000007ca8       0x7a contiki-avr-rss2.a(ms5611.o)
                0x0000000000007ca8                crc4
 .text.value    0x0000000000007d22      0x1b8 contiki-avr-rss2.a(ms5611.o)
 .text.missing_p_value
                0x0000000000007eda        0x6 contiki-avr-rss2.a(ms5611.o)
                0x0000000000007eda                missing_p_value
 .text.status   0x0000000000007ee0        0x6 contiki-avr-rss2.a(mcp3424.o)
 .text.configure
                0x0000000000007ee6        0x6 contiki-avr-rss2.a(mcp3424.o)
 .text.value    0x0000000000007eec       0x78 contiki-avr-rss2.a(mcp3424.o)
 .text.missing_adc_value
                0x0000000000007f64        0x6 contiki-avr-rss2.a(mcp3424.o)
                0x0000000000007f64                missing_adc_value
 .text.status   0x0000000000007f6a        0x6 contiki-avr-rss2.a(sht25.o)
 .text.configure
                0x0000000000007f70        0x6 contiki-avr-rss2.a(sht25.o)
 .text.value    0x0000000000007f76      0x106 contiki-avr-rss2.a(sht25.o)
 .text.missing_t_value
                0x000000000000807c        0x6 contiki-avr-rss2.a(sht25.o)
                0x000000000000807c                missing_t_value
 .text.missing_rh_value
                0x0000000000008082        0x6 contiki-avr-rss2.a(sht25.o)
                0x0000000000008082                missing_rh_value
 .text.clock_init
                0x0000000000008088       0x28 contiki-avr-rss2.a(clock.o)
                0x0000000000008088                clock_init
 .text.clock_time
                0x00000000000080b0       0x34 contiki-avr-rss2.a(clock.o)
                0x00000000000080b0                clock_time
 .text.clock_seconds
                0x00000000000080e4       0x34 contiki-avr-rss2.a(clock.o)
                0x00000000000080e4                clock_seconds
 .text.clock_delay_usec
                0x0000000000008118       0x12 contiki-avr-rss2.a(clock.o)
                0x0000000000008118                clock_delay_usec
 .text.clock_delay_msec
                0x000000000000812a       0x12 contiki-avr-rss2.a(clock.o)
                0x000000000000812a                clock_delay_msec
 .text.__vector_13
                0x000000000000813c      0x104 contiki-avr-rss2.a(clock.o)
                0x000000000000813c                __vector_13
 .text.watchdog_init
                0x0000000000008240       0x1e contiki-avr-rss2.a(watchdog.o)
                0x0000000000008240                watchdog_init
 .text.watchdog_start
                0x000000000000825e       0x16 contiki-avr-rss2.a(watchdog.o)
                0x000000000000825e                watchdog_start
 .text.watchdog_periodic
                0x0000000000008274        0x4 contiki-avr-rss2.a(watchdog.o)
                0x0000000000008274                watchdog_periodic
 .text.random_init
                0x0000000000008278        0x4 contiki-avr-rss2.a(random.o)
                0x0000000000008278                random_init
 .text.random_rand
                0x000000000000827c        0x4 contiki-avr-rss2.a(random.o)
                0x000000000000827c                random_rand
 .text.set_object
                0x0000000000008280        0x6 contiki-avr-rss2.a(rf230bb.o)
 .text.rf230_pending_packet
                0x0000000000008286        0x8 contiki-avr-rss2.a(rf230bb.o)
 .text.radio_reset_state_machine
                0x000000000000828e       0x32 contiki-avr-rss2.a(rf230bb.o)
 .text.set_txpower
                0x00000000000082c0       0x1e contiki-avr-rss2.a(rf230bb.o)
 .text.get_object
                0x00000000000082de       0x30 contiki-avr-rss2.a(rf230bb.o)
 .text.rf230_isidle
                0x000000000000830e       0x28 contiki-avr-rss2.a(rf230bb.o)
 .text.rf230_waitidle
                0x0000000000008336       0x12 contiki-avr-rss2.a(rf230bb.o)
 .text.radio_off
                0x0000000000008348      0x124 contiki-avr-rss2.a(rf230bb.o)
 .text.rf230_off
                0x000000000000846c       0x16 contiki-avr-rss2.a(rf230bb.o)
 .text.rf230_receiving_packet
                0x0000000000008482       0x26 contiki-avr-rss2.a(rf230bb.o)
 .text.rf230_prepare
                0x00000000000084a8       0x32 contiki-avr-rss2.a(rf230bb.o)
 .text.rf230_get_panid
                0x00000000000084da       0x14 contiki-avr-rss2.a(rf230bb.o)
                0x00000000000084da                rf230_get_panid
 .text.radio_get_trx_state
                0x00000000000084ee        0xc contiki-avr-rss2.a(rf230bb.o)
                0x00000000000084ee                radio_get_trx_state
 .text.radio_set_trx_state
                0x00000000000084fa       0xd0 contiki-avr-rss2.a(rf230bb.o)
 .text.radio_on
                0x00000000000085ca       0x68 contiki-avr-rss2.a(rf230bb.o)
 .text.rf230_on
                0x0000000000008632       0x12 contiki-avr-rss2.a(rf230bb.o)
 .text.rf230_cca
                0x0000000000008644      0x126 contiki-avr-rss2.a(rf230bb.o)
 .text.rf230_set_rpc
                0x000000000000876a        0x6 contiki-avr-rss2.a(rf230bb.o)
                0x000000000000876a                rf230_set_rpc
 .text.rf230_warm_reset
                0x0000000000008770       0x46 contiki-avr-rss2.a(rf230bb.o)
                0x0000000000008770                rf230_warm_reset
 .text.rf230_init
                0x00000000000087b6       0x74 contiki-avr-rss2.a(rf230bb.o)
                0x00000000000087b6                rf230_init
 .text.rf230_get_channel
                0x000000000000882a        0x6 contiki-avr-rss2.a(rf230bb.o)
                0x000000000000882a                rf230_get_channel
 .text.rf230_set_channel
                0x0000000000008830       0x1c contiki-avr-rss2.a(rf230bb.o)
                0x0000000000008830                rf230_set_channel
 .text.set_value
                0x000000000000884c       0xe0 contiki-avr-rss2.a(rf230bb.o)
 .text.rf230_set_pan_addr
                0x000000000000892c       0x48 contiki-avr-rss2.a(rf230bb.o)
                0x000000000000892c                rf230_set_pan_addr
 .text.rf230_get_last_rx_packet_timestamp
                0x0000000000008974       0x12 contiki-avr-rss2.a(rf230bb.o)
                0x0000000000008974                rf230_get_last_rx_packet_timestamp
 .text.rf230_interrupt
                0x0000000000008986       0x26 contiki-avr-rss2.a(rf230bb.o)
                0x0000000000008986                rf230_interrupt
 .text.flushrx  0x00000000000089ac       0x26 contiki-avr-rss2.a(rf230bb.o)
 .text.rf230_read
                0x00000000000089d2       0x92 contiki-avr-rss2.a(rf230bb.o)
 .text.process_thread_rf230_process
                0x0000000000008a64      0x154 contiki-avr-rss2.a(rf230bb.o)
 .text.rf230_set_txpower
                0x0000000000008bb8        0x4 contiki-avr-rss2.a(rf230bb.o)
                0x0000000000008bb8                rf230_set_txpower
 .text.rf230_get_txpower
                0x0000000000008bbc       0x18 contiki-avr-rss2.a(rf230bb.o)
                0x0000000000008bbc                rf230_get_txpower
 .text.rf230_transmit
                0x0000000000008bd4      0x254 contiki-avr-rss2.a(rf230bb.o)
 .text.rf230_send
                0x0000000000008e28       0x32 contiki-avr-rss2.a(rf230bb.o)
 .text.rf230_get_raw_rssi
                0x0000000000008e5a       0x48 contiki-avr-rss2.a(rf230bb.o)
                0x0000000000008e5a                rf230_get_raw_rssi
 .text.get_value
                0x0000000000008ea2       0xca contiki-avr-rss2.a(rf230bb.o)
 .text.hal_init
                0x0000000000008f6c        0x2 contiki-avr-rss2.a(halbb.o)
                0x0000000000008f6c                hal_init
 .text.hal_subregister_read
                0x0000000000008f6e       0x16 contiki-avr-rss2.a(halbb.o)
                0x0000000000008f6e                hal_subregister_read
 .text.hal_subregister_write
                0x0000000000008f84       0x38 contiki-avr-rss2.a(halbb.o)
                0x0000000000008f84                hal_subregister_write
 .text.hal_frame_read
                0x0000000000008fbc       0x54 contiki-avr-rss2.a(halbb.o)
                0x0000000000008fbc                hal_frame_read
 .text.hal_frame_write
                0x0000000000009010       0x1c contiki-avr-rss2.a(halbb.o)
                0x0000000000009010                hal_frame_write
 .text.__vector_60
                0x000000000000902c       0x70 contiki-avr-rss2.a(halbb.o)
                0x000000000000902c                __vector_60
 .text.__vector_59
                0x000000000000909c       0x50 contiki-avr-rss2.a(halbb.o)
                0x000000000000909c                __vector_59
 .text.__vector_64
                0x00000000000090ec       0x18 contiki-avr-rss2.a(halbb.o)
                0x00000000000090ec                __vector_64
 .text.__vector_63
                0x0000000000009104       0x18 contiki-avr-rss2.a(halbb.o)
                0x0000000000009104                __vector_63
 .text.__vector_62
                0x000000000000911c       0x14 contiki-avr-rss2.a(halbb.o)
                0x000000000000911c                __vector_62
 .text.__vector_58
                0x0000000000009130       0x14 contiki-avr-rss2.a(halbb.o)
                0x0000000000009130                __vector_58
 .text.__vector_57
                0x0000000000009144       0x14 contiki-avr-rss2.a(halbb.o)
                0x0000000000009144                __vector_57
 .text.__vector_61
                0x0000000000009158       0x18 contiki-avr-rss2.a(halbb.o)
                0x0000000000009158                __vector_61
 .text.autostart_start
                0x0000000000009170       0x1e contiki-avr-rss2.a(autostart.o)
                0x0000000000009170                autostart_start
 .text.process_thread_ctimer_process
                0x000000000000918e       0xcc contiki-avr-rss2.a(ctimer.o)
 .text.ctimer_init
                0x000000000000925a       0x18 contiki-avr-rss2.a(ctimer.o)
                0x000000000000925a                ctimer_init
 .text.ctimer_set_with_process
                0x0000000000009272       0x66 contiki-avr-rss2.a(ctimer.o)
                0x0000000000009272                ctimer_set_with_process
 .text.ctimer_set
                0x00000000000092d8       0x1e contiki-avr-rss2.a(ctimer.o)
                0x00000000000092d8                ctimer_set
 .text.energest_init
                0x00000000000092f6       0x2c contiki-avr-rss2.a(energest.o)
                0x00000000000092f6                energest_init
 .text.energest_type_time
                0x0000000000009322       0x6c contiki-avr-rss2.a(energest.o)
                0x0000000000009322                energest_type_time
 .text.energest_flush
                0x000000000000938e       0x5c contiki-avr-rss2.a(energest.o)
                0x000000000000938e                energest_flush
 .text.update_time
                0x00000000000093ea       0xba contiki-avr-rss2.a(etimer.o)
 .text.etimer_request_poll
                0x00000000000094a4        0x8 contiki-avr-rss2.a(etimer.o)
                0x00000000000094a4                etimer_request_poll
 .text.process_thread_etimer_process
                0x00000000000094ac      0x106 contiki-avr-rss2.a(etimer.o)
 .text.add_timer
                0x00000000000095b2       0x5e contiki-avr-rss2.a(etimer.o)
 .text.etimer_set
                0x0000000000009610       0x14 contiki-avr-rss2.a(etimer.o)
                0x0000000000009610                etimer_set
 .text.etimer_reset
                0x0000000000009624       0x14 contiki-avr-rss2.a(etimer.o)
                0x0000000000009624                etimer_reset
 .text.etimer_expired
                0x0000000000009638       0x16 contiki-avr-rss2.a(etimer.o)
                0x0000000000009638                etimer_expired
 .text.etimer_pending
                0x000000000000964e       0x16 contiki-avr-rss2.a(etimer.o)
                0x000000000000964e                etimer_pending
 .text.call_process.part.0
                0x0000000000009664       0x54 contiki-avr-rss2.a(process.o)
 .text.call_process
                0x00000000000096b8        0xc contiki-avr-rss2.a(process.o)
 .text.exit_process
                0x00000000000096c4       0xd6 contiki-avr-rss2.a(process.o)
 .text.do_poll  0x000000000000979a       0x3e contiki-avr-rss2.a(process.o)
 .text.process_alloc_event
                0x00000000000097d8        0xe contiki-avr-rss2.a(process.o)
                0x00000000000097d8                process_alloc_event
 .text.process_init
                0x00000000000097e6       0x20 contiki-avr-rss2.a(process.o)
                0x00000000000097e6                process_init
 .text.process_run
                0x0000000000009806       0xaa contiki-avr-rss2.a(process.o)
                0x0000000000009806                process_run
 .text.process_post
                0x00000000000098b0       0x3a contiki-avr-rss2.a(process.o)
                0x00000000000098b0                process_post
 .text.process_post_synch
                0x00000000000098ea       0x1e contiki-avr-rss2.a(process.o)
                0x00000000000098ea                process_post_synch
 .text.process_start
                0x0000000000009908       0x42 contiki-avr-rss2.a(process.o)
                0x0000000000009908                process_start
 .text.process_poll
                0x000000000000994a       0x18 contiki-avr-rss2.a(process.o)
                0x000000000000994a                process_poll
 .text.rtimer_init
                0x0000000000009962        0x4 contiki-avr-rss2.a(rtimer.o)
                0x0000000000009962                rtimer_init
 .text.rtimer_run_next
                0x0000000000009966       0x3e contiki-avr-rss2.a(rtimer.o)
                0x0000000000009966                rtimer_run_next
 .text.timer_set
                0x00000000000099a4       0x20 contiki-avr-rss2.a(timer.o)
                0x00000000000099a4                timer_set
 .text.timer_reset
                0x00000000000099c4       0x24 contiki-avr-rss2.a(timer.o)
                0x00000000000099c4                timer_reset
 .text.timer_expired
                0x00000000000099e8       0x56 contiki-avr-rss2.a(timer.o)
                0x00000000000099e8                timer_expired
 .text.process_thread_serial_line_process
                0x0000000000009a3e      0x136 contiki-avr-rss2.a(serial-line.o)
 .text.serial_line_input_byte
                0x0000000000009b74       0x48 contiki-avr-rss2.a(serial-line.o)
                0x0000000000009b74                serial_line_input_byte
 .text.serial_line_init
                0x0000000000009bbc       0x1a contiki-avr-rss2.a(serial-line.o)
                0x0000000000009bbc                serial_line_init
 .text.ringbuf_init
                0x0000000000009bd6       0x10 contiki-avr-rss2.a(ringbuf.o)
                0x0000000000009bd6                ringbuf_init
 .text.ringbuf_put
                0x0000000000009be6       0x40 contiki-avr-rss2.a(ringbuf.o)
                0x0000000000009be6                ringbuf_put
 .text.ringbuf_get
                0x0000000000009c26       0x3a contiki-avr-rss2.a(ringbuf.o)
                0x0000000000009c26                ringbuf_get
 .text.list_init
                0x0000000000009c60        0x8 contiki-avr-rss2.a(list.o)
                0x0000000000009c60                list_init
 .text.list_head
                0x0000000000009c68        0x8 contiki-avr-rss2.a(list.o)
                0x0000000000009c68                list_head
 .text.list_tail
                0x0000000000009c70       0x20 contiki-avr-rss2.a(list.o)
                0x0000000000009c70                list_tail
 .text.list_remove
                0x0000000000009c90       0x36 contiki-avr-rss2.a(list.o)
                0x0000000000009c90                list_remove
 .text.list_add
                0x0000000000009cc6       0x32 contiki-avr-rss2.a(list.o)
                0x0000000000009cc6                list_add
 .text.list_item_next
                0x0000000000009cf8       0x12 contiki-avr-rss2.a(list.o)
                0x0000000000009cf8                list_item_next
 .text.sent_by_abc
                0x0000000000009d0a       0x18 contiki-avr-rss2.a(broadcast.o)
 .text.recv_from_abc
                0x0000000000009d22       0x4e contiki-avr-rss2.a(broadcast.o)
 .text.broadcast_open
                0x0000000000009d70       0x36 contiki-avr-rss2.a(broadcast.o)
                0x0000000000009d70                broadcast_open
 .text.broadcast_close
                0x0000000000009da6        0x4 contiki-avr-rss2.a(broadcast.o)
                0x0000000000009da6                broadcast_close
 .text.broadcast_send
                0x0000000000009daa       0x1a contiki-avr-rss2.a(broadcast.o)
                0x0000000000009daa                broadcast_send
 .text.channel_init
                0x0000000000009dc4        0x8 contiki-avr-rss2.a(channel.o)
                0x0000000000009dc4                channel_init
 .text.channel_open
                0x0000000000009dcc       0x10 contiki-avr-rss2.a(channel.o)
                0x0000000000009dcc                channel_open
 .text.channel_close
                0x0000000000009ddc        0xa contiki-avr-rss2.a(channel.o)
                0x0000000000009ddc                channel_close
 .text.channel_lookup
                0x0000000000009de6       0x2e contiki-avr-rss2.a(channel.o)
                0x0000000000009de6                channel_lookup
 .text.channel_set_attributes
                0x0000000000009e14       0x2a contiki-avr-rss2.a(channel.o)
                0x0000000000009e14                channel_set_attributes
 .text.chameleon_init
                0x0000000000009e3e        0x4 contiki-avr-rss2.a(chameleon.o)
                0x0000000000009e3e                chameleon_init
 .text.chameleon_parse
                0x0000000000009e42       0x26 contiki-avr-rss2.a(chameleon.o)
                0x0000000000009e42                chameleon_parse
 .text.chameleon_create
                0x0000000000009e68       0x36 contiki-avr-rss2.a(chameleon.o)
                0x0000000000009e68                chameleon_create
 .text.chameleon_hdrsize
                0x0000000000009e9e        0xa contiki-avr-rss2.a(chameleon.o)
                0x0000000000009e9e                chameleon_hdrsize
 .text.packet_sent
                0x0000000000009ea8       0x52 contiki-avr-rss2.a(rime.o)
 .text.input    0x0000000000009efa       0x4c contiki-avr-rss2.a(rime.o)
 .text.init     0x0000000000009f46       0x4e contiki-avr-rss2.a(rime.o)
 .text.rime_output
                0x0000000000009f94       0x2c contiki-avr-rss2.a(rime.o)
                0x0000000000009f94                rime_output
 .text.abc_open
                0x0000000000009fc0       0x32 contiki-avr-rss2.a(abc.o)
                0x0000000000009fc0                abc_open
 .text.abc_close
                0x0000000000009ff2        0x4 contiki-avr-rss2.a(abc.o)
                0x0000000000009ff2                abc_close
 .text.abc_send
                0x0000000000009ff6        0x4 contiki-avr-rss2.a(abc.o)
                0x0000000000009ff6                abc_send
 .text.abc_input
                0x0000000000009ffa       0x18 contiki-avr-rss2.a(abc.o)
                0x0000000000009ffa                abc_input
 .text.abc_sent
                0x000000000000a012       0x18 contiki-avr-rss2.a(abc.o)
                0x000000000000a012                abc_sent
 .text.send_packet
                0x000000000000a02a        0xa contiki-avr-rss2.a(nullmac.o)
 .text.packet_input
                0x000000000000a034        0xa contiki-avr-rss2.a(nullmac.o)
 .text.on       0x000000000000a03e        0xa contiki-avr-rss2.a(nullmac.o)
 .text.off      0x000000000000a048        0xa contiki-avr-rss2.a(nullmac.o)
 .text.channel_check_interval
                0x000000000000a052        0x6 contiki-avr-rss2.a(nullmac.o)
 .text.init     0x000000000000a058        0x2 contiki-avr-rss2.a(nullmac.o)
 .text.on       0x000000000000a05a        0xa contiki-avr-rss2.a(nullrdc.o)
 .text.channel_check_interval
                0x000000000000a064        0x6 contiki-avr-rss2.a(nullrdc.o)
 .text.init     0x000000000000a06a        0x4 contiki-avr-rss2.a(nullrdc.o)
 .text.send_one_packet
                0x000000000000a06e       0x98 contiki-avr-rss2.a(nullrdc.o)
 .text.send_list
                0x000000000000a106       0x40 contiki-avr-rss2.a(nullrdc.o)
 .text.send_packet
                0x000000000000a146        0x4 contiki-avr-rss2.a(nullrdc.o)
 .text.off      0x000000000000a14a       0x18 contiki-avr-rss2.a(nullrdc.o)
 .text.packet_input
                0x000000000000a162       0x34 contiki-avr-rss2.a(nullrdc.o)
 .text.queuebuf_init
                0x000000000000a196       0x10 contiki-avr-rss2.a(queuebuf.o)
                0x000000000000a196                queuebuf_init
 .text.queuebuf_to_packetbuf
                0x000000000000a1a6       0x44 contiki-avr-rss2.a(queuebuf.o)
                0x000000000000a1a6                queuebuf_to_packetbuf
 .text.packetbuf_hdrreduce
                0x000000000000a1ea       0x3a contiki-avr-rss2.a(packetbuf.o)
                0x000000000000a1ea                packetbuf_hdrreduce
 .text.packetbuf_set_datalen
                0x000000000000a224        0xa contiki-avr-rss2.a(packetbuf.o)
                0x000000000000a224                packetbuf_set_datalen
 .text.packetbuf_hdrptr
                0x000000000000a22e        0x6 contiki-avr-rss2.a(packetbuf.o)
                0x000000000000a22e                packetbuf_hdrptr
 .text.packetbuf_datalen
                0x000000000000a234        0xa contiki-avr-rss2.a(packetbuf.o)
                0x000000000000a234                packetbuf_datalen
 .text.packetbuf_hdrlen
                0x000000000000a23e        0xc contiki-avr-rss2.a(packetbuf.o)
                0x000000000000a23e                packetbuf_hdrlen
 .text.packetbuf_compact
                0x000000000000a24a       0x62 contiki-avr-rss2.a(packetbuf.o)
                0x000000000000a24a                packetbuf_compact
 .text.packetbuf_dataptr
                0x000000000000a2ac        0xc contiki-avr-rss2.a(packetbuf.o)
                0x000000000000a2ac                packetbuf_dataptr
 .text.packetbuf_totlen
                0x000000000000a2b8       0x16 contiki-avr-rss2.a(packetbuf.o)
                0x000000000000a2b8                packetbuf_totlen
 .text.packetbuf_hdralloc
                0x000000000000a2ce       0x4a contiki-avr-rss2.a(packetbuf.o)
                0x000000000000a2ce                packetbuf_hdralloc
 .text.packetbuf_attr_clear
                0x000000000000a318       0x30 contiki-avr-rss2.a(packetbuf.o)
                0x000000000000a318                packetbuf_attr_clear
 .text.packetbuf_clear
                0x000000000000a348       0x18 contiki-avr-rss2.a(packetbuf.o)
                0x000000000000a348                packetbuf_clear
 .text.packetbuf_copyfrom
                0x000000000000a360       0x44 contiki-avr-rss2.a(packetbuf.o)
                0x000000000000a360                packetbuf_copyfrom
 .text.packetbuf_attr_copyfrom
                0x000000000000a3a4       0x22 contiki-avr-rss2.a(packetbuf.o)
                0x000000000000a3a4                packetbuf_attr_copyfrom
 .text.packetbuf_set_attr
                0x000000000000a3c6       0x16 contiki-avr-rss2.a(packetbuf.o)
                0x000000000000a3c6                packetbuf_set_attr
 .text.packetbuf_attr
                0x000000000000a3dc       0x12 contiki-avr-rss2.a(packetbuf.o)
                0x000000000000a3dc                packetbuf_attr
 .text.packetbuf_set_addr
                0x000000000000a3ee       0x14 contiki-avr-rss2.a(packetbuf.o)
                0x000000000000a3ee                packetbuf_set_addr
 .text.packetbuf_addr
                0x000000000000a402        0xc contiki-avr-rss2.a(packetbuf.o)
                0x000000000000a402                packetbuf_addr
 .text.packetbuf_holds_broadcast
                0x000000000000a40e        0xc contiki-avr-rss2.a(packetbuf.o)
                0x000000000000a40e                packetbuf_holds_broadcast
 .text.linkaddr_copy
                0x000000000000a41a        0xe contiki-avr-rss2.a(linkaddr.o)
                0x000000000000a41a                linkaddr_copy
 .text.linkaddr_cmp
                0x000000000000a428       0x18 contiki-avr-rss2.a(linkaddr.o)
                0x000000000000a428                linkaddr_cmp
 .text.linkaddr_set_node_addr
                0x000000000000a440        0xa contiki-avr-rss2.a(linkaddr.o)
                0x000000000000a440                linkaddr_set_node_addr
 .text.init     0x000000000000a44a        0x2 contiki-avr-rss2.a(nullsec.o)
 .text.input    0x000000000000a44c        0xa contiki-avr-rss2.a(nullsec.o)
 .text.send     0x000000000000a456       0x2c contiki-avr-rss2.a(nullsec.o)
 .text.__vector_25
                0x000000000000a482       0x5e contiki-avr-rss2.a(usart-ota.o)
                0x000000000000a482                __vector_25
 .text.USART_init
                0x000000000000a4e0       0x2c contiki-avr-rss2.a(usart-ota.o)
                0x000000000000a4e0                USART_init
 .text.USART_send
                0x000000000000a50c        0xe contiki-avr-rss2.a(usart-ota.o)
                0x000000000000a50c                USART_send
 .text.USART_stdout_putchar
                0x000000000000a51a       0x28 contiki-avr-rss2.a(usart-ota.o)
 .text.USART_set_input
                0x000000000000a542        0xa contiki-avr-rss2.a(usart-ota.o)
                0x000000000000a542                USART_set_input
 .text.USART_redirect_stdout
                0x000000000000a54c        0xe contiki-avr-rss2.a(usart-ota.o)
                0x000000000000a54c                USART_redirect_stdout
 .text.xmit_mmc
                0x000000000000a55a       0x80 contiki-avr-rss2.a(diskio.o)
 .text.rcvr_mmc
                0x000000000000a5da       0x64 contiki-avr-rss2.a(diskio.o)
 .text.deselect
                0x000000000000a63e       0x20 contiki-avr-rss2.a(diskio.o)
 .text.wait_ready
                0x000000000000a65e       0x4e contiki-avr-rss2.a(diskio.o)
 .text.select   0x000000000000a6ac       0x3e contiki-avr-rss2.a(diskio.o)
 .text.send_cmd
                0x000000000000a6ea       0xd0 contiki-avr-rss2.a(diskio.o)
 .text.rcvr_datablock
                0x000000000000a7ba       0x80 contiki-avr-rss2.a(diskio.o)
 .text.xmit_datablock
                0x000000000000a83a       0x7a contiki-avr-rss2.a(diskio.o)
 .text.disk_status
                0x000000000000a8b4        0xe contiki-avr-rss2.a(diskio.o)
                0x000000000000a8b4                disk_status
 .text.disk_initialize
                0x000000000000a8c2      0x15e contiki-avr-rss2.a(diskio.o)
                0x000000000000a8c2                disk_initialize
 .text.disk_read
                0x000000000000aa20       0x98 contiki-avr-rss2.a(diskio.o)
                0x000000000000aa20                disk_read
 .text.disk_write
                0x000000000000aab8       0xc2 contiki-avr-rss2.a(diskio.o)
                0x000000000000aab8                disk_write
 .text.__vector_32
                0x000000000000ab7a       0xf0 contiki-avr-rss2.a(rtimer-arch.o)
                0x000000000000ab7a                __vector_32
 .text.rtimer_arch_init
                0x000000000000ac6a       0x34 contiki-avr-rss2.a(rtimer-arch.o)
                0x000000000000ac6a                rtimer_arch_init
 .text.rtimer_arch_schedule
                0x000000000000ac9e       0x22 contiki-avr-rss2.a(rtimer-arch.o)
                0x000000000000ac9e                rtimer_arch_schedule
 .text.memb_init
                0x000000000000acc0       0x3c contiki-avr-rss2.a(memb.o)
                0x000000000000acc0                memb_init
 .text.memb_inmemb
                0x000000000000acfc       0x3a contiki-avr-rss2.a(memb.o)
                0x000000000000acfc                memb_inmemb
 .text.get_bits_in_byte
                0x000000000000ad36       0x3c contiki-avr-rss2.a(chameleon-bitop)
 .text.header_size
                0x000000000000ad72       0x18 contiki-avr-rss2.a(chameleon-bitop)
 .text.get_bits
                0x000000000000ad8a       0xe6 contiki-avr-rss2.a(chameleon-bitop)
                0x000000000000ad8a                get_bits
 .text.unpack_header
                0x000000000000ae70      0x110 contiki-avr-rss2.a(chameleon-bitop)
 .text.set_bits
                0x000000000000af80      0x13c contiki-avr-rss2.a(chameleon-bitop)
                0x000000000000af80                set_bits
 .text.pack_header
                0x000000000000b0bc       0xfe contiki-avr-rss2.a(chameleon-bitop)
 .text.adv_packet_sent
                0x000000000000b1ba        0x2 contiki-avr-rss2.a(broadcast-annou)
 .text.set_timers
                0x000000000000b1bc       0x54 contiki-avr-rss2.a(broadcast-annou)
 .text.send_timer
                0x000000000000b210       0x4a contiki-avr-rss2.a(broadcast-annou)
 .text.send_adv
                0x000000000000b25a       0x8e contiki-avr-rss2.a(broadcast-annou)
 .text.adv_packet_received
                0x000000000000b2e8       0x86 contiki-avr-rss2.a(broadcast-annou)
 .text.new_announcement
                0x000000000000b36e       0x30 contiki-avr-rss2.a(broadcast-annou)
 .text.broadcast_announcement_init
                0x000000000000b39e       0x72 contiki-avr-rss2.a(broadcast-annou)
                0x000000000000b39e                broadcast_announcement_init
 .text.announcement_init
                0x000000000000b410        0x8 contiki-avr-rss2.a(announcement.o)
                0x000000000000b410                announcement_init
 .text.announcement_register_observer_callback
                0x000000000000b418        0xa contiki-avr-rss2.a(announcement.o)
                0x000000000000b418                announcement_register_observer_callback
 .text.announcement_list
                0x000000000000b422        0x8 contiki-avr-rss2.a(announcement.o)
                0x000000000000b422                announcement_list
 .text.announcement_heard
                0x000000000000b42a       0x62 contiki-avr-rss2.a(announcement.o)
                0x000000000000b42a                announcement_heard
 .text.parse    0x000000000000b48c       0xda contiki-avr-rss2.a(framer-802154.o)
 .text.create_frame.isra.0
                0x000000000000b566      0x156 contiki-avr-rss2.a(framer-802154.o)
 .text.create   0x000000000000b6bc        0x8 contiki-avr-rss2.a(framer-802154.o)
 .text.hdr_length
                0x000000000000b6c4        0x8 contiki-avr-rss2.a(framer-802154.o)
 .text.frame802154_get_pan_id
                0x000000000000b6cc        0xa contiki-avr-rss2.a(frame802154.o)
                0x000000000000b6cc                frame802154_get_pan_id
 .text.frame802154_has_panid
                0x000000000000b6d6       0xfc contiki-avr-rss2.a(frame802154.o)
                0x000000000000b6d6                frame802154_has_panid
 .text.field_len
                0x000000000000b7d2       0xd2 contiki-avr-rss2.a(frame802154.o)
 .text.frame802154_is_broadcast_addr
                0x000000000000b8a4       0x2a contiki-avr-rss2.a(frame802154.o)
                0x000000000000b8a4                frame802154_is_broadcast_addr
 .text.frame802154_hdrlen
                0x000000000000b8ce       0x4c contiki-avr-rss2.a(frame802154.o)
                0x000000000000b8ce                frame802154_hdrlen
 .text.frame802154_create_fcf
                0x000000000000b91a       0xaa contiki-avr-rss2.a(frame802154.o)
                0x000000000000b91a                frame802154_create_fcf
 .text.frame802154_create
                0x000000000000b9c4       0xee contiki-avr-rss2.a(frame802154.o)
                0x000000000000b9c4                frame802154_create
 .text.frame802154_parse_fcf
                0x000000000000bab2       0x5c contiki-avr-rss2.a(frame802154.o)
                0x000000000000bab2                frame802154_parse_fcf
 .text.frame802154_parse
                0x000000000000bb0e      0x1d6 contiki-avr-rss2.a(frame802154.o)
                0x000000000000bb0e                frame802154_parse
 .text.mac_call_sent_callback
                0x000000000000bce4       0x10 contiki-avr-rss2.a(mac.o)
                0x000000000000bce4                mac_call_sent_callback
 .text.avr-libc
                0x000000000000bcf4      0x74c /usr/lib/gcc/avr/5.4.0/../../../avr/lib/avr6/libprintf_flt.a(vfprintf_flt.o)
                0x000000000000bcf4                vfprintf
 .text.avr-libc.fplib
                0x000000000000c440        0xe /usr/lib/gcc/avr/5.4.0/../../../avr/lib/avr6/libm.a(addsf3.o)
                0x000000000000c440                __subsf3
                0x000000000000c442                __addsf3
 .text.avr-libc.fplib
                0x000000000000c44e       0xcc /usr/lib/gcc/avr/5.4.0/../../../avr/lib/avr6/libm.a(addsf3x.o)
                0x000000000000c470                __addsf3x
 .text.avr-libc.fplib
                0x000000000000c51a        0xa /usr/lib/gcc/avr/5.4.0/../../../avr/lib/avr6/libm.a(cmpsf2.o)
                0x000000000000c51a                __lesf2
                0x000000000000c51a                __nesf2
                0x000000000000c51a                __eqsf2
                0x000000000000c51a                __cmpsf2
                0x000000000000c51a                __ltsf2
 .text.avr-libc.fplib
                0x000000000000c524        0x8 /usr/lib/gcc/avr/5.4.0/../../../avr/lib/avr6/libm.a(divsf3.o)
                0x000000000000c524                __divsf3
 .text.avr-libc.fplib
                0x000000000000c52c       0xdc /usr/lib/gcc/avr/5.4.0/../../../avr/lib/avr6/libm.a(divsf3x.o)
                0x000000000000c54c                __divsf3x
                0x000000000000c552                __divsf3_pse
 .text.avr-libc.fplib
                0x000000000000c608        0xe /usr/lib/gcc/avr/5.4.0/../../../avr/lib/avr6/libm.a(fixsfsi.o)
                0x000000000000c608                __fixsfsi
 .text.avr-libc.fplib
                0x000000000000c616       0x5e /usr/lib/gcc/avr/5.4.0/../../../avr/lib/avr6/libm.a(fixunssfsi.o)
                0x000000000000c616                __fixunssfsi
 .text.avr-libc.fplib
                0x000000000000c674       0x7a /usr/lib/gcc/avr/5.4.0/../../../avr/lib/avr6/libm.a(floatsisf.o)
                0x000000000000c674                __floatunsisf
                0x000000000000c678                __floatsisf
 .text.avr-libc.fplib
                0x000000000000c6ee       0x48 /usr/lib/gcc/avr/5.4.0/../../../avr/lib/avr6/libm.a(fp_cmp.o)
                0x000000000000c6ee                __fp_cmp
 .text.avr-libc.fplib
                0x000000000000c736        0xc /usr/lib/gcc/avr/5.4.0/../../../avr/lib/avr6/libm.a(fp_inf.o)
                0x000000000000c736                __fp_inf
 .text.avr-libc.fplib
                0x000000000000c742        0x6 /usr/lib/gcc/avr/5.4.0/../../../avr/lib/avr6/libm.a(fp_nan.o)
                0x000000000000c742                __fp_nan
 .text.avr-libc.fplib
                0x000000000000c748        0xe /usr/lib/gcc/avr/5.4.0/../../../avr/lib/avr6/libm.a(fp_pscA.o)
                0x000000000000c748                __fp_pscA
 .text.avr-libc.fplib
                0x000000000000c756        0xe /usr/lib/gcc/avr/5.4.0/../../../avr/lib/avr6/libm.a(fp_pscB.o)
                0x000000000000c756                __fp_pscB
 .text.avr-libc.fplib
                0x000000000000c764       0x22 /usr/lib/gcc/avr/5.4.0/../../../avr/lib/avr6/libm.a(fp_round.o)
                0x000000000000c764                __fp_round
 .text.avr-libc.fplib
                0x000000000000c786       0x44 /usr/lib/gcc/avr/5.4.0/../../../avr/lib/avr6/libm.a(fp_split3.o)
                0x000000000000c786                __fp_split3
                0x000000000000c796                __fp_splitA
 .text.avr-libc.fplib
                0x000000000000c7ca        0xe /usr/lib/gcc/avr/5.4.0/../../../avr/lib/avr6/libm.a(fp_zero.o)
                0x000000000000c7ca                __fp_zero
                0x000000000000c7cc                __fp_szero
 .text.avr-libc.fplib
                0x000000000000c7d8        0xa /usr/lib/gcc/avr/5.4.0/../../../avr/lib/avr6/libm.a(gesf2.o)
                0x000000000000c7d8                __gtsf2
                0x000000000000c7d8                __gesf2
 .text.avr-libc.fplib
                0x000000000000c7e2        0x8 /usr/lib/gcc/avr/5.4.0/../../../avr/lib/avr6/libm.a(mulsf3.o)
                0x000000000000c7e2                __mulsf3
 .text.avr-libc.fplib
                0x000000000000c7ea       0xd2 /usr/lib/gcc/avr/5.4.0/../../../avr/lib/avr6/libm.a(mulsf3x.o)
                0x000000000000c808                __mulsf3x
                0x000000000000c80e                __mulsf3_pse
 .text.libgcc.div
                0x000000000000c8bc       0x18 /usr/lib/gcc/avr/5.4.0/avr6/libgcc.a(_udivmodqi4.o)
                0x000000000000c8bc                __udivmodqi4
 .text.libgcc.div
                0x000000000000c8d4       0x28 /usr/lib/gcc/avr/5.4.0/avr6/libgcc.a(_udivmodhi4.o)
                0x000000000000c8d4                __udivmodhi4
 .text.libgcc.div
                0x000000000000c8fc       0x44 /usr/lib/gcc/avr/5.4.0/avr6/libgcc.a(_udivmodsi4.o)
                0x000000000000c8fc                __udivmodsi4
 .text.libgcc   0x000000000000c940       0x10 /usr/lib/gcc/avr/5.4.0/avr6/libgcc.a(_tablejump2.o)
                0x000000000000c940                __tablejump2__
 .text.libgcc.mul
                0x000000000000c950        0xe /usr/lib/gcc/avr/5.4.0/avr6/libgcc.a(_usmulhisi3.o)
                0x000000000000c950                __usmulhisi3
                0x000000000000c954                __usmulhisi3_tail
 .text.libgcc.mul
                0x000000000000c95e       0x16 /usr/lib/gcc/avr/5.4.0/avr6/libgcc.a(_muluhisi3.o)
                0x000000000000c95e                __muluhisi3
 .text.libgcc.mul
                0x000000000000c974       0x1e /usr/lib/gcc/avr/5.4.0/avr6/libgcc.a(_umulhisi3.o)
                0x000000000000c974                __umulhisi3
 .text.avr-libc
                0x000000000000c992      0x242 /usr/lib/gcc/avr/5.4.0/../../../avr/lib/avr6/libc.a(malloc.o)
                0x000000000000c992                malloc
                0x000000000000cac2                free
 .text.avr-libc
                0x000000000000cbd4       0xb4 /usr/lib/gcc/avr/5.4.0/../../../avr/lib/avr6/libc.a(rand.o)
                0x000000000000cc66                rand_r
                0x000000000000cc6a                rand
                0x000000000000cc72                srand
 .text.avr-libc
                0x000000000000cc88       0x3c /usr/lib/gcc/avr/5.4.0/../../../avr/lib/avr6/libc.a(atoi.o)
                0x000000000000cc88                atoi
 .text.avr-libc
                0x000000000000ccc4      0x1b0 /usr/lib/gcc/avr/5.4.0/../../../avr/lib/avr6/libc.a(ftoa_engine.o)
                0x000000000000ccc4                __ftoa_engine
 .text.avr-libc
                0x000000000000ce74       0x12 /usr/lib/gcc/avr/5.4.0/../../../avr/lib/avr6/libc.a(isspace.o)
                0x000000000000ce74                isspace
 .text.avr-libc
                0x000000000000ce86       0x16 /usr/lib/gcc/avr/5.4.0/../../../avr/lib/avr6/libc.a(strnlen_P.o)
                0x000000000000ce86                strnlen_P
 .text.avr-libc
                0x000000000000ce9c        0x8 /usr/lib/gcc/avr/5.4.0/../../../avr/lib/avr6/libc.a(strtok.o)
                0x000000000000ce9c                strtok
 .text.avr-libc
                0x000000000000cea4       0x1a /usr/lib/gcc/avr/5.4.0/../../../avr/lib/avr6/libc.a(memcmp.o)
                0x000000000000cea4                memcmp
 .text.avr-libc
                0x000000000000cebe       0x12 /usr/lib/gcc/avr/5.4.0/../../../avr/lib/avr6/libc.a(memcpy.o)
                0x000000000000cebe                memcpy
 .text.avr-libc
                0x000000000000ced0        0xe /usr/lib/gcc/avr/5.4.0/../../../avr/lib/avr6/libc.a(memset.o)
                0x000000000000ced0                memset
 .text.avr-libc
                0x000000000000cede       0x16 /usr/lib/gcc/avr/5.4.0/../../../avr/lib/avr6/libc.a(strcat.o)
                0x000000000000cede                strcat
 .text.avr-libc
                0x000000000000cef4       0x16 /usr/lib/gcc/avr/5.4.0/../../../avr/lib/avr6/libc.a(strchr.o)
                0x000000000000cef4                strchr
 .text.avr-libc
                0x000000000000cf0a        0xe /usr/lib/gcc/avr/5.4.0/../../../avr/lib/avr6/libc.a(strcpy.o)
                0x000000000000cf0a                strcpy
 .text.avr-libc
                0x000000000000cf18       0x28 /usr/lib/gcc/avr/5.4.0/../../../avr/lib/avr6/libc.a(strlcpy.o)
                0x000000000000cf18                strlcpy
 .text.avr-libc
                0x000000000000cf40       0x20 /usr/lib/gcc/avr/5.4.0/../../../avr/lib/avr6/libc.a(strncat.o)
                0x000000000000cf40                strncat
 .text.avr-libc
                0x000000000000cf60       0x1c /usr/lib/gcc/avr/5.4.0/../../../avr/lib/avr6/libc.a(strncmp.o)
                0x000000000000cf60                strncmp
 .text.avr-libc
                0x000000000000cf7c       0x16 /usr/lib/gcc/avr/5.4.0/../../../avr/lib/avr6/libc.a(strnlen.o)
                0x000000000000cf7c                strnlen
 .text.avr-libc
                0x000000000000cf92       0x4e /usr/lib/gcc/avr/5.4.0/../../../avr/lib/avr6/libc.a(strtok_r.o)
                0x000000000000cf92                strtok_r
 .text.avr-libc
                0x000000000000cfe0       0x10 /usr/lib/gcc/avr/5.4.0/../../../avr/lib/avr6/libc.a(mul10.o)
                0x000000000000cfe0                __mulhi_const_10
 .text.avr-libc
                0x000000000000cff0       0x78 /usr/lib/gcc/avr/5.4.0/../../../avr/lib/avr6/libc.a(fputc.o)
                0x000000000000cff0                fputc
 .text.avr-libc
                0x000000000000d068       0x28 /usr/lib/gcc/avr/5.4.0/../../../avr/lib/avr6/libc.a(printf.o)
                0x000000000000d068                printf
 .text.avr-libc
                0x000000000000d090       0x50 /usr/lib/gcc/avr/5.4.0/../../../avr/lib/avr6/libc.a(printf_p.o)
                0x000000000000d090                printf_P
 .text.avr-libc
                0x000000000000d0e0        0xc /usr/lib/gcc/avr/5.4.0/../../../avr/lib/avr6/libc.a(putchar.o)
                0x000000000000d0e0                putchar
 .text.avr-libc
                0x000000000000d0ec       0x60 /usr/lib/gcc/avr/5.4.0/../../../avr/lib/avr6/libc.a(puts.o)
                0x000000000000d0ec                puts
 .text.avr-libc
                0x000000000000d14c       0x7a /usr/lib/gcc/avr/5.4.0/../../../avr/lib/avr6/libc.a(snprintf.o)
                0x000000000000d14c                snprintf
 .text.avr-libc
                0x000000000000d1c6       0xbc /usr/lib/gcc/avr/5.4.0/../../../avr/lib/avr6/libc.a(ultoa_invert.o)
                0x000000000000d1c6                __ultoa_invert
 .text.avr-libc
                0x000000000000d282        0x6 /usr/lib/gcc/avr/5.4.0/../../../avr/lib/avr6/libc.a(cty_isfalse.o)
                0x000000000000d282                __ctype_isfalse
                0x000000000000d286                __ctype_istrue
 .text.avr-libc
                0x000000000000d288       0x20 /usr/lib/gcc/avr/5.4.0/../../../avr/lib/avr6/libatmega256rfr2.a(eerd_block.o)
                0x000000000000d288                eeprom_read_block
                0x000000000000d28c                eeprom_read_blraw
 .text.avr-libc
                0x000000000000d2a8       0x10 /usr/lib/gcc/avr/5.4.0/../../../avr/lib/avr6/libatmega256rfr2.a(eerd_byte.o)
                0x000000000000d2a8                eeprom_read_byte
 .text.avr-libc
                0x000000000000d2b8        0xc /usr/lib/gcc/avr/5.4.0/../../../avr/lib/avr6/libatmega256rfr2.a(eerd_word.o)
                0x000000000000d2b8                eeprom_read_word
 .text.avr-libc
                0x000000000000d2c4       0x20 /usr/lib/gcc/avr/5.4.0/../../../avr/lib/avr6/libatmega256rfr2.a(eeupd_block.o)
                0x000000000000d2c4                eeprom_update_block
 .text.avr-libc
                0x000000000000d2e4       0x24 /usr/lib/gcc/avr/5.4.0/../../../avr/lib/avr6/libatmega256rfr2.a(eeupd_byte.o)
                0x000000000000d2e4                eeprom_update_byte
                0x000000000000d2e6                eeprom_update_r18
 .text.avr-libc
                0x000000000000d308        0xc /usr/lib/gcc/avr/5.4.0/../../../avr/lib/avr6/libatmega256rfr2.a(eeupd_word.o)
                0x000000000000d308                eeprom_update_word
 .text.avr-libc
                0x000000000000d314       0x14 /usr/lib/gcc/avr/5.4.0/../../../avr/lib/avr6/libatmega256rfr2.a(eewr_block.o)
                0x000000000000d314                eeprom_write_block
 .text.avr-libc
                0x000000000000d328       0x1c /usr/lib/gcc/avr/5.4.0/../../../avr/lib/avr6/libatmega256rfr2.a(eewr_byte.o)
                0x000000000000d328                eeprom_write_byte
                0x000000000000d32a                eeprom_write_r18
 .text.avr-libc
                0x000000000000d344        0xa /usr/lib/gcc/avr/5.4.0/../../../avr/lib/avr6/libatmega256rfr2.a(eewr_word.o)
                0x000000000000d344                eeprom_write_word
 .text.libgcc.div
                0x000000000000d34e       0x2e /usr/lib/gcc/avr/5.4.0/avr6/libgcc.a(_divmodsi4.o)
                0x000000000000d34e                __divmodsi4
 .text.libgcc.div
                0x000000000000d37c       0x10 /usr/lib/gcc/avr/5.4.0/avr6/libgcc.a(_negsi2.o)
                0x000000000000d37c                __negsi2
 .text.libgcc.mul
                0x000000000000d38c       0x10 /usr/lib/gcc/avr/5.4.0/avr6/libgcc.a(_mulshisi3.o)
                0x000000000000d38c                __mulshisi3
                0x000000000000d392                __mulohisi3
                0x000000000000d39c                . = ALIGN (0x2)
 *(.fini9)
 .fini9         0x000000000000d39c        0x0 /usr/lib/gcc/avr/5.4.0/avr6/libgcc.a(_exit.o)
                0x000000000000d39c                exit
                0x000000000000d39c                _exit
 *(.fini9)
 *(.fini8)
 *(.fini8)
 *(.fini7)
 *(.fini7)
 *(.fini6)
 *(.fini6)
 *(.fini5)
 *(.fini5)
 *(.fini4)
 *(.fini4)
 *(.fini3)
 *(.fini3)
 *(.fini2)
 *(.fini2)
 *(.fini1)
 *(.fini1)
 *(.fini0)
 .fini0         0x000000000000d39c        0x4 /usr/lib/gcc/avr/5.4.0/avr6/libgcc.a(_exit.o)
 *(.fini0)
                0x000000000000d3a0                _etext = .

.data           0x0000000000800200     0x160c load address 0x000000000000d3a0
                0x0000000000800200                PROVIDE (__data_start, .)
 *(.data)
 .data          0x0000000000800200        0x6 /usr/lib/gcc/avr/5.4.0/../../../avr/lib/avr6/libc.a(malloc.o)
                0x0000000000800200                __malloc_heap_end
                0x0000000000800202                __malloc_heap_start
                0x0000000000800204                __malloc_margin
 .data          0x0000000000800206        0x4 /usr/lib/gcc/avr/5.4.0/../../../avr/lib/avr6/libc.a(rand.o)
 *(.data*)
 .data.ttl      0x000000000080020a        0x1 wimea-ict-rss2.co
                0x000000000080020a                ttl
 .data.default_sensors
                0x000000000080020b       0x32 wimea-ict-rss2.co
 .data.sensor_data_process_report3
                0x000000000080023d        0xa wimea-ict-rss2.co
                0x000000000080023d                sensor_data_process_report3
 .data.sensor_data_process_report2
                0x0000000000800247        0xa wimea-ict-rss2.co
                0x0000000000800247                sensor_data_process_report2
 .data.sensor_data_process_report1
                0x0000000000800251        0xa wimea-ict-rss2.co
                0x0000000000800251                sensor_data_process_report1
 .data.sensor_data_process_report0
                0x000000000080025b        0xa wimea-ict-rss2.co
                0x000000000080025b                sensor_data_process_report0
 .data.windspeed_process
                0x0000000000800265        0xa wimea-ict-rss2.co
                0x0000000000800265                windspeed_process
 .data.powertrace_process
                0x000000000080026f        0xa wimea-ict-rss2.co
                0x000000000080026f                powertrace_process
 .data.mcu_sleep_process
                0x0000000000800279        0xa wimea-ict-rss2.co
                0x0000000000800279                mcu_sleep_process
 .data.buffer_process
                0x0000000000800283        0xa wimea-ict-rss2.co
                0x0000000000800283                buffer_process
 .data.broadcast_data_process
                0x000000000080028d        0xa wimea-ict-rss2.co
                0x000000000080028d                broadcast_data_process
 .data.default_config_process
                0x0000000000800297        0xa wimea-ict-rss2.co
                0x0000000000800297                default_config_process
 .data.serial_input_process
                0x00000000008002a1        0xa wimea-ict-rss2.co
                0x00000000008002a1                serial_input_process
 .data.missing_p_value_flag
                0x00000000008002ab        0x1 contiki-avr-rss2.a(ms5611.o)
 .data.missing_adc_value_flag
                0x00000000008002ac        0x1 contiki-avr-rss2.a(mcp3424.o)
                0x00000000008002ac                missing_adc_value_flag
 .data.missing_rh_value_flag
                0x00000000008002ad        0x1 contiki-avr-rss2.a(sht25.o)
 .data.missing_t_value_flag
                0x00000000008002ae        0x1 contiki-avr-rss2.a(sht25.o)
 .data.rpc      0x00000000008002af        0x1 contiki-avr-rss2.a(rf230bb.o)
 .data.rf230_process
                0x00000000008002b0        0xa contiki-avr-rss2.a(rf230bb.o)
                0x00000000008002b0                rf230_process
 .data.ctimer_process
                0x00000000008002ba        0xa contiki-avr-rss2.a(ctimer.o)
                0x00000000008002ba                ctimer_process
 .data.etimer_process
                0x00000000008002c4        0xa contiki-avr-rss2.a(etimer.o)
                0x00000000008002c4                etimer_process
 .data.serial_line_process
                0x00000000008002ce        0xa contiki-avr-rss2.a(serial-line.o)
                0x00000000008002ce                serial_line_process
 .data.buframmem
                0x00000000008002d8        0x8 contiki-avr-rss2.a(queuebuf.o)
 .data.bufmem   0x00000000008002e0        0x8 contiki-avr-rss2.a(queuebuf.o)
 .data.USART_stdout
                0x00000000008002e8        0xe contiki-avr-rss2.a(usart-ota.o)
 .data.Stat     0x00000000008002f6        0x1 contiki-avr-rss2.a(diskio.o)
 .data.mac_pan_id
                0x00000000008002f7        0x2 contiki-avr-rss2.a(frame802154.o)
 *(.gnu.linkonce.d*)
 *(.rodata)
 .rodata        0x00000000008002f9       0x4c wimea-ict-rss2.co
 *(.rodata*)
 .rodata.str1.1
                0x0000000000800345     0x1246 wimea-ict-rss2.co
                                       0x1267 (size before relaxing)
 .rodata.broadcast_call
                0x000000000080158b        0x4 wimea-ict-rss2.co
 .rodata.autostart_processes
                0x000000000080158f       0x18 wimea-ict-rss2.co
                0x000000000080158f                autostart_processes
 .rodata.str1.1
                0x00000000008015a7       0x7e contiki-avr-rss2.a(contiki-main.o)
 .rodata.str1.1
                0x0000000000801625        0x8 contiki-avr-rss2.a(battery-sensor.)
 .rodata.battery_sensor
                0x000000000080162d        0x8 contiki-avr-rss2.a(battery-sensor.)
                0x000000000080162d                battery_sensor
 .rodata.str1.1
                0x0000000000801635        0x9 contiki-avr-rss2.a(temp_mcu-sensor)
 .rodata.temp_mcu_sensor
                0x000000000080163e        0x8 contiki-avr-rss2.a(temp_mcu-sensor)
                0x000000000080163e                temp_mcu_sensor
 .rodata.str1.1
                0x0000000000801646        0x6 contiki-avr-rss2.a(pulse-sensor.o)
 .rodata.pulse_sensor
                0x000000000080164c        0x8 contiki-avr-rss2.a(pulse-sensor.o)
                0x000000000080164c                pulse_sensor
 .rodata.str1.1
                0x0000000000801654        0x5 contiki-avr-rss2.a(temp-sensor.o)
 .rodata.temp_sensor
                0x0000000000801659        0x8 contiki-avr-rss2.a(temp-sensor.o)
                0x0000000000801659                temp_sensor
 .rodata.str1.1
                0x0000000000801661        0x4 contiki-avr-rss2.a(ds1307.o)
 .rodata.ds1307_sensor
                0x0000000000801665        0x8 contiki-avr-rss2.a(ds1307.o)
                0x0000000000801665                ds1307_sensor
 .rodata.str1.1
                0x000000000080166d       0x1f contiki-avr-rss2.a(ff.o)
 .rodata.ExCvt  0x000000000080168c       0x80 contiki-avr-rss2.a(ff.o)
 .rodata.str1.1
                0x000000000080170c        0x9 contiki-avr-rss2.a(ms5611.o)
 .rodata.ms5611_sensor
                0x0000000000801715        0x8 contiki-avr-rss2.a(ms5611.o)
                0x0000000000801715                ms5611_sensor
 .rodata.CSWTCH.4
                0x000000000080171d        0x3 contiki-avr-rss2.a(mcp3424.o)
 .rodata.str1.1
                0x0000000000801720        0xf contiki-avr-rss2.a(mcp3424.o)
 .rodata.mcp3424_sensor
                0x000000000080172f        0x8 contiki-avr-rss2.a(mcp3424.o)
                0x000000000080172f                mcp3424_sensor
 .rodata.str1.1
                0x0000000000801737        0xd contiki-avr-rss2.a(sht25.o)
 .rodata.sht25_sensor
                0x0000000000801744        0x8 contiki-avr-rss2.a(sht25.o)
                0x0000000000801744                sht25_sensor
 .rodata.str1.1
                0x000000000080174c        0xd contiki-avr-rss2.a(rf230bb.o)
 .rodata.rf230_driver
                0x0000000000801759       0x1c contiki-avr-rss2.a(rf230bb.o)
                0x0000000000801759                rf230_driver
 .rodata.str1.1
                0x0000000000801775        0xf contiki-avr-rss2.a(ctimer.o)
 .rodata.str1.1
                0x0000000000801784        0xc contiki-avr-rss2.a(etimer.o)
 .rodata.str1.1
                0x0000000000801790        0xe contiki-avr-rss2.a(serial-line.o)
 .rodata.broadcast
                0x000000000080179e        0x4 contiki-avr-rss2.a(broadcast.o)
 .rodata.attributes
                0x00000000008017a2        0x4 contiki-avr-rss2.a(broadcast.o)
 .rodata.str1.1
                0x00000000008017a6        0x5 contiki-avr-rss2.a(rime.o)
 .rodata.rime_driver
                0x00000000008017ab        0x6 contiki-avr-rss2.a(rime.o)
                0x00000000008017ab                rime_driver
 .rodata.attributes
                0x00000000008017b1        0x2 contiki-avr-rss2.a(abc.o)
 .rodata.str1.1
                0x00000000008017b3        0x8 contiki-avr-rss2.a(nullmac.o)
 .rodata.nullmac_driver
                0x00000000008017bb        0xe contiki-avr-rss2.a(nullmac.o)
                0x00000000008017bb                nullmac_driver
 .rodata.str1.1
                0x00000000008017c9        0x8 contiki-avr-rss2.a(nullrdc.o)
 .rodata.nullrdc_driver
                0x00000000008017d1       0x10 contiki-avr-rss2.a(nullrdc.o)
                0x00000000008017d1                nullrdc_driver
 .rodata.linkaddr_null
                0x00000000008017e1        0x2 contiki-avr-rss2.a(linkaddr.o)
                0x00000000008017e1                linkaddr_null
 .rodata.str1.1
                0x00000000008017e3        0x8 contiki-avr-rss2.a(nullsec.o)
 .rodata.nullsec_driver
                0x00000000008017eb        0x8 contiki-avr-rss2.a(nullsec.o)
                0x00000000008017eb                nullsec_driver
 .rodata.chameleon_bitopt
                0x00000000008017f3        0x6 contiki-avr-rss2.a(chameleon-bitop)
                0x00000000008017f3                chameleon_bitopt
 .rodata.bitmask
                0x00000000008017f9        0x9 contiki-avr-rss2.a(chameleon-bitop)
 .rodata.broadcast_callbacks
                0x0000000000801802        0x4 contiki-avr-rss2.a(broadcast-annou)
 .rodata.framer_802154
                0x0000000000801806        0x6 contiki-avr-rss2.a(framer-802154.o)
                0x0000000000801806                framer_802154
 *(.gnu.linkonce.r*)
                0x000000000080180c                . = ALIGN (0x2)
                0x000000000080180c                _edata = .
                0x000000000080180c                PROVIDE (__data_end, .)

.bss            0x000000000080180c     0x132c
                0x000000000080180c                PROVIDE (__bss_start, .)
 *(.bss)
 .bss           0x000000000080180c        0x2 /usr/lib/gcc/avr/5.4.0/../../../avr/lib/avr6/libc.a(strtok.o)
 *(.bss*)
 .bss.name2.4989
                0x000000000080180e        0xc wimea-ict-rss2.co
 .bss.name1.4988
                0x000000000080181a        0xc wimea-ict-rss2.co
 .bss.date.4889
                0x0000000000801826        0xf wimea-ict-rss2.co
 .bss.time.4885
                0x0000000000801835        0xf wimea-ict-rss2.co
 .bss.adc3.4877
                0x0000000000801844        0x2 wimea-ict-rss2.co
 .bss.adc2.4876
                0x0000000000801846        0x2 wimea-ict-rss2.co
 .bss.adc1.4875
                0x0000000000801848        0x2 wimea-ict-rss2.co
 .bss.adc3.4862
                0x000000000080184a        0x2 wimea-ict-rss2.co
 .bss.adc2.4861
                0x000000000080184c        0x2 wimea-ict-rss2.co
 .bss.adc1.4860
                0x000000000080184e        0x2 wimea-ict-rss2.co
 .bss.adc3.4821
                0x0000000000801850        0x2 wimea-ict-rss2.co
 .bss.adc2.4820
                0x0000000000801852        0x2 wimea-ict-rss2.co
 .bss.adc1.4819
                0x0000000000801854        0x2 wimea-ict-rss2.co
 .bss.P0_LST.4832
                0x0000000000801856        0x2 wimea-ict-rss2.co
 .bss.time_interval_3.4731
                0x0000000000801858        0x2 wimea-ict-rss2.co
 .bss.time_interval_2.4721
                0x000000000080185a        0x2 wimea-ict-rss2.co
 .bss.counter.4689
                0x000000000080185c        0x2 wimea-ict-rss2.co
 .bss.time_interval_0.4690
                0x000000000080185e        0x2 wimea-ict-rss2.co
 .bss.j.4692    0x0000000000801860        0x2 wimea-ict-rss2.co
 .bss.i.4691    0x0000000000801862        0x2 wimea-ict-rss2.co
 .bss.listen_power.4634
                0x0000000000801864        0x4 wimea-ict-rss2.co
 .bss.transmit_power.4633
                0x0000000000801868        0x4 wimea-ict-rss2.co
 .bss.cpu_power.4632
                0x000000000080186c        0x4 wimea-ict-rss2.co
 .bss.counter.4635
                0x0000000000801870        0x2 wimea-ict-rss2.co
 .bss.j.4628    0x0000000000801872        0x2 wimea-ict-rss2.co
 .bss.t.4627    0x0000000000801874        0x2 wimea-ict-rss2.co
 .bss.periodic_timers.4622
                0x0000000000801876        0xc wimea-ict-rss2.co
 .bss.time_counter.4636
                0x0000000000801882        0x2 wimea-ict-rss2.co
 .bss.seqno.4768
                0x0000000000801884        0x1 wimea-ict-rss2.co
 .bss.broadcast
                0x0000000000801885        0xb wimea-ict-rss2.co
 .bss.max_windspeed
                0x0000000000801890        0x4 wimea-ict-rss2.co
 .bss.wind_speed
                0x0000000000801894        0x4 wimea-ict-rss2.co
 .bss.I2C_MS5611_flag
                0x0000000000801898        0x2 wimea-ict-rss2.co
 .bss.I2C_MCP3424_flag
                0x000000000080189a        0x2 wimea-ict-rss2.co
 .bss.I2C_SHT25_flag
                0x000000000080189c        0x2 wimea-ict-rss2.co
 .bss.error_status
                0x000000000080189e        0x2 wimea-ict-rss2.co
 .bss.power_save
                0x00000000008018a0        0x2 wimea-ict-rss2.co
 .bss.array.3624
                0x00000000008018a2       0x18 contiki-avr-rss2.a(powertrace.o)
 .bss.seqno.3641
                0x00000000008018ba        0x4 contiki-avr-rss2.a(powertrace.o)
 .bss.last_listen.3621
                0x00000000008018be        0x4 contiki-avr-rss2.a(powertrace.o)
 .bss.last_transmit.3620
                0x00000000008018c2        0x4 contiki-avr-rss2.a(powertrace.o)
 .bss.last_lpm.3619
                0x00000000008018c6        0x4 contiki-avr-rss2.a(powertrace.o)
 .bss.last_cpu.3618
                0x00000000008018ca        0x4 contiki-avr-rss2.a(powertrace.o)
 .bss.intr_counts
                0x00000000008018ce        0x2 contiki-avr-rss2.a(pulse-sensor.o)
                0x00000000008018ce                intr_counts
 .bss.Fsid      0x00000000008018d0        0x2 contiki-avr-rss2.a(ff.o)
 .bss.FatFs     0x00000000008018d2        0x2 contiki-avr-rss2.a(ff.o)
 .bss.nac_value_flag
                0x00000000008018d4        0x1 contiki-avr-rss2.a(ms5611.o)
                0x00000000008018d4                nac_value_flag
 .bss.ac_value_flag
                0x00000000008018d5        0x1 contiki-avr-rss2.a(ms5611.o)
                0x00000000008018d5                ac_value_flag
 .bss.rcount    0x00000000008018d6        0x1 contiki-avr-rss2.a(clock.o)
 .bss.count     0x00000000008018d7        0x4 contiki-avr-rss2.a(clock.o)
 .bss.buffer    0x00000000008018db       0x81 contiki-avr-rss2.a(rf230bb.o)
 .bss.channel   0x000000000080195c        0x1 contiki-avr-rss2.a(rf230bb.o)
 .bss.rf230_last_rx_packet_timestamp
                0x000000000080195d        0x2 contiki-avr-rss2.a(rf230bb.o)
 .bss.poll_mode
                0x000000000080195f        0x1 contiki-avr-rss2.a(rf230bb.o)
                0x000000000080195f                poll_mode
 .bss.is_promiscuous
                0x0000000000801960        0x1 contiki-avr-rss2.a(rf230bb.o)
 .bss.initialized
                0x0000000000801961        0x1 contiki-avr-rss2.a(ctimer.o)
 .bss.ctimer_list_list
                0x0000000000801962        0x2 contiki-avr-rss2.a(ctimer.o)
 .bss.next_expiration
                0x0000000000801964        0x4 contiki-avr-rss2.a(etimer.o)
 .bss.timerlist
                0x0000000000801968        0x2 contiki-avr-rss2.a(etimer.o)
 .bss.poll_requested
                0x000000000080196a        0x1 contiki-avr-rss2.a(process.o)
 .bss.events    0x000000000080196b       0xa0 contiki-avr-rss2.a(process.o)
 .bss.fevent    0x0000000000801a0b        0x1 contiki-avr-rss2.a(process.o)
 .bss.nevents   0x0000000000801a0c        0x1 contiki-avr-rss2.a(process.o)
 .bss.lastevent
                0x0000000000801a0d        0x1 contiki-avr-rss2.a(process.o)
 .bss.process_current
                0x0000000000801a0e        0x2 contiki-avr-rss2.a(process.o)
                0x0000000000801a0e                process_current
 .bss.process_list
                0x0000000000801a10        0x2 contiki-avr-rss2.a(process.o)
                0x0000000000801a10                process_list
 .bss.next_rtimer
                0x0000000000801a12        0x2 contiki-avr-rss2.a(rtimer.o)
 .bss.overflow.2180
                0x0000000000801a14        0x1 contiki-avr-rss2.a(serial-line.o)
 .bss.buf.2186  0x0000000000801a15       0x80 contiki-avr-rss2.a(serial-line.o)
 .bss.ptr.2187  0x0000000000801a95        0x2 contiki-avr-rss2.a(serial-line.o)
 .bss.rxbuf_data
                0x0000000000801a97       0x80 contiki-avr-rss2.a(serial-line.o)
 .bss.rxbuf     0x0000000000801b17        0x5 contiki-avr-rss2.a(serial-line.o)
 .bss.channel_list_list
                0x0000000000801b1c        0x2 contiki-avr-rss2.a(channel.o)
 .bss.sniffers_list
                0x0000000000801b1e        0x2 contiki-avr-rss2.a(rime.o)
 .bss.buframmem_memb_mem
                0x0000000000801b20      0xb22 contiki-avr-rss2.a(queuebuf.o)
 .bss.buframmem_memb_count
                0x0000000000802642        0xf contiki-avr-rss2.a(queuebuf.o)
 .bss.bufmem_memb_mem
                0x0000000000802651       0x1e contiki-avr-rss2.a(queuebuf.o)
 .bss.bufmem_memb_count
                0x000000000080266f        0xf contiki-avr-rss2.a(queuebuf.o)
 .bss.packetbuf_aligned
                0x000000000080267e       0x80 contiki-avr-rss2.a(packetbuf.o)
 .bss.hdrlen    0x00000000008026fe        0x1 contiki-avr-rss2.a(packetbuf.o)
 .bss.bufptr    0x00000000008026ff        0x2 contiki-avr-rss2.a(packetbuf.o)
 .bss.buflen    0x0000000000802701        0x2 contiki-avr-rss2.a(packetbuf.o)
 .bss.CardType  0x0000000000802703        0x1 contiki-avr-rss2.a(diskio.o)
 .bss.c         0x0000000000802704       0x45 contiki-avr-rss2.a(broadcast-annou)
 .bss.observer_callback
                0x0000000000802749        0x2 contiki-avr-rss2.a(announcement.o)
 .bss.announcements_list
                0x000000000080274b        0x2 contiki-avr-rss2.a(announcement.o)
 .bss.initialized
                0x000000000080274d        0x1 contiki-avr-rss2.a(framer-802154.o)
 .bss.mac_dsn   0x000000000080274e        0x1 contiki-avr-rss2.a(framer-802154.o)
 *(COMMON)
 COMMON         0x000000000080274f      0x29a wimea-ict-rss2.co
                0x000000000080274f                fp
                0x0000000000802751                et2
                0x000000000080275d                i2c_probed1
                0x000000000080275f                FatFs
                0x0000000000802991                et3
                0x000000000080299d                time_interval
                0x000000000080299f                et1